ARM GAS  C:\Users\wl\AppData\Local\Temp\cc48aeYK.s 			page 1


   1              		.syntax unified
   2              		.cpu cortex-m0
   3              		.fpu softvfp
   4              		.eabi_attribute 20, 1
   5              		.eabi_attribute 21, 1
   6              		.eabi_attribute 23, 3
   7              		.eabi_attribute 24, 1
   8              		.eabi_attribute 25, 1
   9              		.eabi_attribute 26, 1
  10              		.eabi_attribute 30, 1
  11              		.eabi_attribute 34, 0
  12              		.eabi_attribute 18, 4
  13              		.thumb
  14              		.syntax unified
  15              		.file	"cyfitter_cfg.c"
  16              		.text
  17              	.Ltext0:
  18              		.cfi_sections	.debug_frame
  19              		.section	.text.cfg_write_bytes32,"ax",%progbits
  20              		.align	2
  21              		.code	16
  22              		.thumb_func
  23              		.type	cfg_write_bytes32, %function
  24              	cfg_write_bytes32:
  25              	.LFB5:
  26              		.file 1 "Generated_Source\\PSoC4\\cyfitter_cfg.c"
   1:Generated_Source\PSoC4/cyfitter_cfg.c **** 
   2:Generated_Source\PSoC4/cyfitter_cfg.c **** /*******************************************************************************
   3:Generated_Source\PSoC4/cyfitter_cfg.c **** * File Name: cyfitter_cfg.c
   4:Generated_Source\PSoC4/cyfitter_cfg.c **** * 
   5:Generated_Source\PSoC4/cyfitter_cfg.c **** * PSoC Creator  4.2
   6:Generated_Source\PSoC4/cyfitter_cfg.c **** *
   7:Generated_Source\PSoC4/cyfitter_cfg.c **** * Description:
   8:Generated_Source\PSoC4/cyfitter_cfg.c **** * This file contains device initialization code.
   9:Generated_Source\PSoC4/cyfitter_cfg.c **** * Except for the user defined sections in CyClockStartupError(), this file should not be modified.
  10:Generated_Source\PSoC4/cyfitter_cfg.c **** * This file is automatically generated by PSoC Creator.
  11:Generated_Source\PSoC4/cyfitter_cfg.c **** *
  12:Generated_Source\PSoC4/cyfitter_cfg.c **** ********************************************************************************
  13:Generated_Source\PSoC4/cyfitter_cfg.c **** * Copyright (c) 2007-2018 Cypress Semiconductor.  All rights reserved.
  14:Generated_Source\PSoC4/cyfitter_cfg.c **** * You may use this file only in accordance with the license, terms, conditions, 
  15:Generated_Source\PSoC4/cyfitter_cfg.c **** * disclaimers, and limitations in the end user license agreement accompanying 
  16:Generated_Source\PSoC4/cyfitter_cfg.c **** * the software package with which this file was provided.
  17:Generated_Source\PSoC4/cyfitter_cfg.c **** ********************************************************************************/
  18:Generated_Source\PSoC4/cyfitter_cfg.c **** 
  19:Generated_Source\PSoC4/cyfitter_cfg.c **** #include <string.h>
  20:Generated_Source\PSoC4/cyfitter_cfg.c **** #include "cytypes.h"
  21:Generated_Source\PSoC4/cyfitter_cfg.c **** #include "cydevice_trm.h"
  22:Generated_Source\PSoC4/cyfitter_cfg.c **** #include "cyfitter.h"
  23:Generated_Source\PSoC4/cyfitter_cfg.c **** #include "CyLib.h"
  24:Generated_Source\PSoC4/cyfitter_cfg.c **** #include "CyLFClk.h"
  25:Generated_Source\PSoC4/cyfitter_cfg.c **** #include "cyfitter_cfg.h"
  26:Generated_Source\PSoC4/cyfitter_cfg.c **** #include "cyapicallbacks.h"
  27:Generated_Source\PSoC4/cyfitter_cfg.c **** 
  28:Generated_Source\PSoC4/cyfitter_cfg.c **** 
  29:Generated_Source\PSoC4/cyfitter_cfg.c **** #if defined(__GNUC__) || defined(__ARMCC_VERSION)
  30:Generated_Source\PSoC4/cyfitter_cfg.c ****     #define CYPACKED 
  31:Generated_Source\PSoC4/cyfitter_cfg.c ****     #define CYPACKED_ATTR __attribute__ ((packed))
ARM GAS  C:\Users\wl\AppData\Local\Temp\cc48aeYK.s 			page 2


  32:Generated_Source\PSoC4/cyfitter_cfg.c ****     #define CYALIGNED __attribute__ ((aligned))
  33:Generated_Source\PSoC4/cyfitter_cfg.c ****     #define CY_CFG_UNUSED __attribute__ ((unused))
  34:Generated_Source\PSoC4/cyfitter_cfg.c ****     #ifndef CY_CFG_SECTION
  35:Generated_Source\PSoC4/cyfitter_cfg.c ****         #define CY_CFG_SECTION __attribute__ ((section(".psocinit")))
  36:Generated_Source\PSoC4/cyfitter_cfg.c ****     #endif
  37:Generated_Source\PSoC4/cyfitter_cfg.c ****     
  38:Generated_Source\PSoC4/cyfitter_cfg.c ****     #if defined(__ARMCC_VERSION)
  39:Generated_Source\PSoC4/cyfitter_cfg.c ****         #define CY_CFG_MEMORY_BARRIER() __memory_changed()
  40:Generated_Source\PSoC4/cyfitter_cfg.c ****     #else
  41:Generated_Source\PSoC4/cyfitter_cfg.c ****         #define CY_CFG_MEMORY_BARRIER() __sync_synchronize()
  42:Generated_Source\PSoC4/cyfitter_cfg.c ****     #endif
  43:Generated_Source\PSoC4/cyfitter_cfg.c ****     
  44:Generated_Source\PSoC4/cyfitter_cfg.c **** #elif defined(__ICCARM__)
  45:Generated_Source\PSoC4/cyfitter_cfg.c ****     #include <intrinsics.h>
  46:Generated_Source\PSoC4/cyfitter_cfg.c **** 
  47:Generated_Source\PSoC4/cyfitter_cfg.c ****     #define CYPACKED __packed
  48:Generated_Source\PSoC4/cyfitter_cfg.c ****     #define CYPACKED_ATTR 
  49:Generated_Source\PSoC4/cyfitter_cfg.c ****     #define CYALIGNED _Pragma("data_alignment=4")
  50:Generated_Source\PSoC4/cyfitter_cfg.c ****     #define CY_CFG_UNUSED _Pragma("diag_suppress=Pe177")
  51:Generated_Source\PSoC4/cyfitter_cfg.c ****     #define CY_CFG_SECTION _Pragma("location=\".psocinit\"")
  52:Generated_Source\PSoC4/cyfitter_cfg.c ****     
  53:Generated_Source\PSoC4/cyfitter_cfg.c ****     #define CY_CFG_MEMORY_BARRIER() __DMB()
  54:Generated_Source\PSoC4/cyfitter_cfg.c ****     
  55:Generated_Source\PSoC4/cyfitter_cfg.c **** #else
  56:Generated_Source\PSoC4/cyfitter_cfg.c ****     #error Unsupported toolchain
  57:Generated_Source\PSoC4/cyfitter_cfg.c **** #endif
  58:Generated_Source\PSoC4/cyfitter_cfg.c **** 
  59:Generated_Source\PSoC4/cyfitter_cfg.c **** #ifndef CYCODE
  60:Generated_Source\PSoC4/cyfitter_cfg.c ****     #define CYCODE
  61:Generated_Source\PSoC4/cyfitter_cfg.c **** #endif
  62:Generated_Source\PSoC4/cyfitter_cfg.c **** #ifndef CYDATA
  63:Generated_Source\PSoC4/cyfitter_cfg.c ****     #define CYDATA
  64:Generated_Source\PSoC4/cyfitter_cfg.c **** #endif
  65:Generated_Source\PSoC4/cyfitter_cfg.c **** #ifndef CYFAR
  66:Generated_Source\PSoC4/cyfitter_cfg.c ****     #define CYFAR
  67:Generated_Source\PSoC4/cyfitter_cfg.c **** #endif
  68:Generated_Source\PSoC4/cyfitter_cfg.c **** #ifndef CYXDATA
  69:Generated_Source\PSoC4/cyfitter_cfg.c ****     #define CYXDATA
  70:Generated_Source\PSoC4/cyfitter_cfg.c **** #endif
  71:Generated_Source\PSoC4/cyfitter_cfg.c **** 
  72:Generated_Source\PSoC4/cyfitter_cfg.c **** 
  73:Generated_Source\PSoC4/cyfitter_cfg.c **** CY_CFG_UNUSED
  74:Generated_Source\PSoC4/cyfitter_cfg.c **** static void CYMEMZERO(void *s, size_t n);
  75:Generated_Source\PSoC4/cyfitter_cfg.c **** CY_CFG_UNUSED
  76:Generated_Source\PSoC4/cyfitter_cfg.c **** static void CYMEMZERO(void *s, size_t n)
  77:Generated_Source\PSoC4/cyfitter_cfg.c **** {
  78:Generated_Source\PSoC4/cyfitter_cfg.c **** 	(void)memset(s, 0, n);
  79:Generated_Source\PSoC4/cyfitter_cfg.c **** }
  80:Generated_Source\PSoC4/cyfitter_cfg.c **** CY_CFG_UNUSED
  81:Generated_Source\PSoC4/cyfitter_cfg.c **** static void CYCONFIGCPY(void *dest, const void *src, size_t n);
  82:Generated_Source\PSoC4/cyfitter_cfg.c **** CY_CFG_UNUSED
  83:Generated_Source\PSoC4/cyfitter_cfg.c **** static void CYCONFIGCPY(void *dest, const void *src, size_t n)
  84:Generated_Source\PSoC4/cyfitter_cfg.c **** {
  85:Generated_Source\PSoC4/cyfitter_cfg.c **** 	(void)memcpy(dest, src, n);
  86:Generated_Source\PSoC4/cyfitter_cfg.c **** }
  87:Generated_Source\PSoC4/cyfitter_cfg.c **** CY_CFG_UNUSED
  88:Generated_Source\PSoC4/cyfitter_cfg.c **** static void CYCONFIGCPYCODE(void *dest, const void *src, size_t n);
ARM GAS  C:\Users\wl\AppData\Local\Temp\cc48aeYK.s 			page 3


  89:Generated_Source\PSoC4/cyfitter_cfg.c **** CY_CFG_UNUSED
  90:Generated_Source\PSoC4/cyfitter_cfg.c **** static void CYCONFIGCPYCODE(void *dest, const void *src, size_t n)
  91:Generated_Source\PSoC4/cyfitter_cfg.c **** {
  92:Generated_Source\PSoC4/cyfitter_cfg.c **** 	(void)memcpy(dest, src, n);
  93:Generated_Source\PSoC4/cyfitter_cfg.c **** }
  94:Generated_Source\PSoC4/cyfitter_cfg.c **** 
  95:Generated_Source\PSoC4/cyfitter_cfg.c **** 
  96:Generated_Source\PSoC4/cyfitter_cfg.c **** 
  97:Generated_Source\PSoC4/cyfitter_cfg.c **** 
  98:Generated_Source\PSoC4/cyfitter_cfg.c **** /* Clock startup error codes                                                   */
  99:Generated_Source\PSoC4/cyfitter_cfg.c **** #define CYCLOCKSTART_NO_ERROR    0u
 100:Generated_Source\PSoC4/cyfitter_cfg.c **** #define CYCLOCKSTART_XTAL_ERROR  1u
 101:Generated_Source\PSoC4/cyfitter_cfg.c **** #define CYCLOCKSTART_32KHZ_ERROR 2u
 102:Generated_Source\PSoC4/cyfitter_cfg.c **** #define CYCLOCKSTART_PLL_ERROR   3u
 103:Generated_Source\PSoC4/cyfitter_cfg.c **** #define CYCLOCKSTART_FLL_ERROR   4u
 104:Generated_Source\PSoC4/cyfitter_cfg.c **** #define CYCLOCKSTART_WCO_ERROR   5u
 105:Generated_Source\PSoC4/cyfitter_cfg.c **** 
 106:Generated_Source\PSoC4/cyfitter_cfg.c **** 
 107:Generated_Source\PSoC4/cyfitter_cfg.c **** #ifdef CY_NEED_CYCLOCKSTARTUPERROR
 108:Generated_Source\PSoC4/cyfitter_cfg.c **** /*******************************************************************************
 109:Generated_Source\PSoC4/cyfitter_cfg.c **** * Function Name: CyClockStartupError
 110:Generated_Source\PSoC4/cyfitter_cfg.c **** ********************************************************************************
 111:Generated_Source\PSoC4/cyfitter_cfg.c **** * Summary:
 112:Generated_Source\PSoC4/cyfitter_cfg.c **** *  If an error is encountered during clock configuration (crystal startup error,
 113:Generated_Source\PSoC4/cyfitter_cfg.c **** *  PLL lock error, etc.), the system will end up here.  Unless reimplemented by
 114:Generated_Source\PSoC4/cyfitter_cfg.c **** *  the customer, this function will stop in an infinite loop.
 115:Generated_Source\PSoC4/cyfitter_cfg.c **** *
 116:Generated_Source\PSoC4/cyfitter_cfg.c **** * Parameters:
 117:Generated_Source\PSoC4/cyfitter_cfg.c **** *   void
 118:Generated_Source\PSoC4/cyfitter_cfg.c **** *
 119:Generated_Source\PSoC4/cyfitter_cfg.c **** * Return:
 120:Generated_Source\PSoC4/cyfitter_cfg.c **** *   void
 121:Generated_Source\PSoC4/cyfitter_cfg.c **** *
 122:Generated_Source\PSoC4/cyfitter_cfg.c **** *******************************************************************************/
 123:Generated_Source\PSoC4/cyfitter_cfg.c **** CY_CFG_UNUSED
 124:Generated_Source\PSoC4/cyfitter_cfg.c **** static void CyClockStartupError(uint8 errorCode);
 125:Generated_Source\PSoC4/cyfitter_cfg.c **** CY_CFG_UNUSED
 126:Generated_Source\PSoC4/cyfitter_cfg.c **** static void CyClockStartupError(uint8 errorCode)
 127:Generated_Source\PSoC4/cyfitter_cfg.c **** {
 128:Generated_Source\PSoC4/cyfitter_cfg.c ****     /* To remove the compiler warning if errorCode not used.                */
 129:Generated_Source\PSoC4/cyfitter_cfg.c ****     errorCode = errorCode;
 130:Generated_Source\PSoC4/cyfitter_cfg.c **** 
 131:Generated_Source\PSoC4/cyfitter_cfg.c ****     /* If we have a clock startup error (bad MHz crystal, PLL lock, etc.),  */
 132:Generated_Source\PSoC4/cyfitter_cfg.c ****     /* we will end up here to allow the customer to implement something to  */
 133:Generated_Source\PSoC4/cyfitter_cfg.c ****     /* deal with the clock condition.                                       */
 134:Generated_Source\PSoC4/cyfitter_cfg.c **** 
 135:Generated_Source\PSoC4/cyfitter_cfg.c **** #ifdef CY_CFG_CLOCK_STARTUP_ERROR_CALLBACK
 136:Generated_Source\PSoC4/cyfitter_cfg.c ****     CY_CFG_Clock_Startup_ErrorCallback();
 137:Generated_Source\PSoC4/cyfitter_cfg.c **** #else
 138:Generated_Source\PSoC4/cyfitter_cfg.c ****     /*  If not using CY_CFG_CLOCK_STARTUP_ERROR_CALLBACK, place your clock startup code here. */
 139:Generated_Source\PSoC4/cyfitter_cfg.c ****     /* `#START CyClockStartupError` */
 140:Generated_Source\PSoC4/cyfitter_cfg.c **** 
 141:Generated_Source\PSoC4/cyfitter_cfg.c **** 
 142:Generated_Source\PSoC4/cyfitter_cfg.c **** 
 143:Generated_Source\PSoC4/cyfitter_cfg.c ****     /* `#END` */
 144:Generated_Source\PSoC4/cyfitter_cfg.c **** 
 145:Generated_Source\PSoC4/cyfitter_cfg.c ****     while(1) {}
ARM GAS  C:\Users\wl\AppData\Local\Temp\cc48aeYK.s 			page 4


 146:Generated_Source\PSoC4/cyfitter_cfg.c **** #endif /* CY_CFG_CLOCK_STARTUP_ERROR_CALLBACK */
 147:Generated_Source\PSoC4/cyfitter_cfg.c **** }
 148:Generated_Source\PSoC4/cyfitter_cfg.c **** #endif
 149:Generated_Source\PSoC4/cyfitter_cfg.c **** 
 150:Generated_Source\PSoC4/cyfitter_cfg.c **** #define CY_CFG_BASE_ADDR_COUNT 1u
 151:Generated_Source\PSoC4/cyfitter_cfg.c **** CYPACKED typedef struct
 152:Generated_Source\PSoC4/cyfitter_cfg.c **** {
 153:Generated_Source\PSoC4/cyfitter_cfg.c **** 	uint8 offset;
 154:Generated_Source\PSoC4/cyfitter_cfg.c **** 	uint8 value;
 155:Generated_Source\PSoC4/cyfitter_cfg.c **** } CYPACKED_ATTR cy_cfg_addrvalue_t;
 156:Generated_Source\PSoC4/cyfitter_cfg.c **** 
 157:Generated_Source\PSoC4/cyfitter_cfg.c **** 
 158:Generated_Source\PSoC4/cyfitter_cfg.c **** 
 159:Generated_Source\PSoC4/cyfitter_cfg.c **** /*******************************************************************************
 160:Generated_Source\PSoC4/cyfitter_cfg.c **** * Function Name: cfg_write_bytes32
 161:Generated_Source\PSoC4/cyfitter_cfg.c **** ********************************************************************************
 162:Generated_Source\PSoC4/cyfitter_cfg.c **** * Summary:
 163:Generated_Source\PSoC4/cyfitter_cfg.c **** *  This function is used for setting up the chip configuration areas that
 164:Generated_Source\PSoC4/cyfitter_cfg.c **** *  contain relatively sparse data.
 165:Generated_Source\PSoC4/cyfitter_cfg.c **** *
 166:Generated_Source\PSoC4/cyfitter_cfg.c **** * Parameters:
 167:Generated_Source\PSoC4/cyfitter_cfg.c **** *   void
 168:Generated_Source\PSoC4/cyfitter_cfg.c **** *
 169:Generated_Source\PSoC4/cyfitter_cfg.c **** * Return:
 170:Generated_Source\PSoC4/cyfitter_cfg.c **** *   void
 171:Generated_Source\PSoC4/cyfitter_cfg.c **** *
 172:Generated_Source\PSoC4/cyfitter_cfg.c **** *******************************************************************************/
 173:Generated_Source\PSoC4/cyfitter_cfg.c **** static void cfg_write_bytes32(const uint32 addr_table[], const cy_cfg_addrvalue_t data_table[]);
 174:Generated_Source\PSoC4/cyfitter_cfg.c **** static void cfg_write_bytes32(const uint32 addr_table[], const cy_cfg_addrvalue_t data_table[])
 175:Generated_Source\PSoC4/cyfitter_cfg.c **** {
  27              		.loc 1 175 0
  28              		.cfi_startproc
  29              		@ args = 0, pretend = 0, frame = 0
  30              		@ frame_needed = 0, uses_anonymous_args = 0
  31              	.LVL0:
  32 0000 F0B5     		push	{r4, r5, r6, r7, lr}
  33              		.cfi_def_cfa_offset 20
  34              		.cfi_offset 4, -20
  35              		.cfi_offset 5, -16
  36              		.cfi_offset 6, -12
  37              		.cfi_offset 7, -8
  38              		.cfi_offset 14, -4
  39              	.LVL1:
 176:Generated_Source\PSoC4/cyfitter_cfg.c **** 	/* For 32-bit little-endian architectures */
 177:Generated_Source\PSoC4/cyfitter_cfg.c **** 	uint32 i, j = 0u;
  40              		.loc 1 177 0
  41 0002 0025     		movs	r5, #0
 178:Generated_Source\PSoC4/cyfitter_cfg.c **** 	for (i = 0u; i < CY_CFG_BASE_ADDR_COUNT; i++)
  42              		.loc 1 178 0
  43 0004 0027     		movs	r7, #0
  44 0006 11E0     		b	.L2
  45              	.LVL2:
  46              	.L5:
  47              	.LBB2:
 179:Generated_Source\PSoC4/cyfitter_cfg.c **** 	{
 180:Generated_Source\PSoC4/cyfitter_cfg.c **** 		uint32 baseAddr = addr_table[i];
  48              		.loc 1 180 0
ARM GAS  C:\Users\wl\AppData\Local\Temp\cc48aeYK.s 			page 5


  49 0008 BB00     		lsls	r3, r7, #2
  50 000a C658     		ldr	r6, [r0, r3]
  51              	.LVL3:
 181:Generated_Source\PSoC4/cyfitter_cfg.c **** 		uint8 count = (uint8)baseAddr;
  52              		.loc 1 181 0
  53 000c F3B2     		uxtb	r3, r6
  54              	.LVL4:
 182:Generated_Source\PSoC4/cyfitter_cfg.c **** 		baseAddr &= 0xFFFFFF00u;
  55              		.loc 1 182 0
  56 000e FF22     		movs	r2, #255
  57 0010 9643     		bics	r6, r2
  58              	.LVL5:
 183:Generated_Source\PSoC4/cyfitter_cfg.c **** 		while (count != 0u)
  59              		.loc 1 183 0
  60 0012 08E0     		b	.L3
  61              	.L4:
 184:Generated_Source\PSoC4/cyfitter_cfg.c **** 		{
 185:Generated_Source\PSoC4/cyfitter_cfg.c **** 			CY_SET_REG8((void *)(baseAddr + data_table[j].offset), data_table[j].value);
  62              		.loc 1 185 0
  63 0014 6A00     		lsls	r2, r5, #1
  64 0016 8A18     		adds	r2, r1, r2
  65 0018 1478     		ldrb	r4, [r2]
  66 001a A419     		adds	r4, r4, r6
  67 001c 5278     		ldrb	r2, [r2, #1]
  68 001e 2270     		strb	r2, [r4]
 186:Generated_Source\PSoC4/cyfitter_cfg.c **** 			j++;
  69              		.loc 1 186 0
  70 0020 0135     		adds	r5, r5, #1
  71              	.LVL6:
 187:Generated_Source\PSoC4/cyfitter_cfg.c **** 			count--;
  72              		.loc 1 187 0
  73 0022 013B     		subs	r3, r3, #1
  74              	.LVL7:
  75 0024 DBB2     		uxtb	r3, r3
  76              	.LVL8:
  77              	.L3:
 183:Generated_Source\PSoC4/cyfitter_cfg.c **** 		{
  78              		.loc 1 183 0
  79 0026 002B     		cmp	r3, #0
  80 0028 F4D1     		bne	.L4
  81              	.LBE2:
 178:Generated_Source\PSoC4/cyfitter_cfg.c **** 	{
  82              		.loc 1 178 0 discriminator 2
  83 002a 0137     		adds	r7, r7, #1
  84              	.LVL9:
  85              	.L2:
 178:Generated_Source\PSoC4/cyfitter_cfg.c **** 	{
  86              		.loc 1 178 0 is_stmt 0 discriminator 1
  87 002c 002F     		cmp	r7, #0
  88 002e EBD0     		beq	.L5
 188:Generated_Source\PSoC4/cyfitter_cfg.c **** 		}
 189:Generated_Source\PSoC4/cyfitter_cfg.c **** 	}
 190:Generated_Source\PSoC4/cyfitter_cfg.c **** }
  89              		.loc 1 190 0 is_stmt 1
  90              		@ sp needed
  91              	.LVL10:
  92              	.LVL11:
ARM GAS  C:\Users\wl\AppData\Local\Temp\cc48aeYK.s 			page 6


  93 0030 F0BD     		pop	{r4, r5, r6, r7, pc}
  94              		.cfi_endproc
  95              	.LFE5:
  96              		.size	cfg_write_bytes32, .-cfg_write_bytes32
  97 0032 C046     		.section	.text.AnalogSetDefault,"ax",%progbits
  98              		.align	2
  99              		.code	16
 100              		.thumb_func
 101              		.type	AnalogSetDefault, %function
 102              	AnalogSetDefault:
 103              	.LFB7:
 191:Generated_Source\PSoC4/cyfitter_cfg.c **** 
 192:Generated_Source\PSoC4/cyfitter_cfg.c **** 
 193:Generated_Source\PSoC4/cyfitter_cfg.c **** /*******************************************************************************
 194:Generated_Source\PSoC4/cyfitter_cfg.c **** * Function Name: ClockSetup
 195:Generated_Source\PSoC4/cyfitter_cfg.c **** ********************************************************************************
 196:Generated_Source\PSoC4/cyfitter_cfg.c **** *
 197:Generated_Source\PSoC4/cyfitter_cfg.c **** * Summary:
 198:Generated_Source\PSoC4/cyfitter_cfg.c **** *   Performs the initialization of all of the clocks in the device based on the
 199:Generated_Source\PSoC4/cyfitter_cfg.c **** *   settings in the Clock tab of the DWR.  This includes enabling the requested
 200:Generated_Source\PSoC4/cyfitter_cfg.c **** *   clocks and setting the necessary dividers to produce the desired frequency. 
 201:Generated_Source\PSoC4/cyfitter_cfg.c **** *
 202:Generated_Source\PSoC4/cyfitter_cfg.c **** * Parameters:
 203:Generated_Source\PSoC4/cyfitter_cfg.c **** *   void
 204:Generated_Source\PSoC4/cyfitter_cfg.c **** *
 205:Generated_Source\PSoC4/cyfitter_cfg.c **** * Return:
 206:Generated_Source\PSoC4/cyfitter_cfg.c **** *   void
 207:Generated_Source\PSoC4/cyfitter_cfg.c **** *
 208:Generated_Source\PSoC4/cyfitter_cfg.c **** *******************************************************************************/
 209:Generated_Source\PSoC4/cyfitter_cfg.c **** static void ClockSetup(void);
 210:Generated_Source\PSoC4/cyfitter_cfg.c **** CY_CFG_SECTION
 211:Generated_Source\PSoC4/cyfitter_cfg.c **** static void ClockSetup(void)
 212:Generated_Source\PSoC4/cyfitter_cfg.c **** {
 213:Generated_Source\PSoC4/cyfitter_cfg.c **** 
 214:Generated_Source\PSoC4/cyfitter_cfg.c **** 	/* Set Flash Cycles based on max possible frequency in case a glitch occurs during ClockSetup(). *
 215:Generated_Source\PSoC4/cyfitter_cfg.c **** 	CY_SET_REG32((void CYXDATA *)(CYREG_CPUSS_FLASH_CTL), (0x0012u));
 216:Generated_Source\PSoC4/cyfitter_cfg.c **** 
 217:Generated_Source\PSoC4/cyfitter_cfg.c **** 	/* Start the WCO */
 218:Generated_Source\PSoC4/cyfitter_cfg.c **** 	CySysClkWcoStart();
 219:Generated_Source\PSoC4/cyfitter_cfg.c **** 	CyDelayCycles(12000000u); /* WCO may take up to 500ms to start */
 220:Generated_Source\PSoC4/cyfitter_cfg.c **** 	(void)CySysClkWcoSetPowerMode(CY_SYS_CLK_WCO_LPM);    /* Switch to the low power mode */
 221:Generated_Source\PSoC4/cyfitter_cfg.c **** 
 222:Generated_Source\PSoC4/cyfitter_cfg.c **** 	/* Setup and trim IMO based on desired frequency. */
 223:Generated_Source\PSoC4/cyfitter_cfg.c **** 	CySysClkWriteImoFreq(48u);
 224:Generated_Source\PSoC4/cyfitter_cfg.c **** 	/* CYDEV_CLK_ILO_CONFIG Starting address: CYDEV_CLK_ILO_CONFIG */
 225:Generated_Source\PSoC4/cyfitter_cfg.c **** 	CY_SET_REG32((void *)(CYREG_CLK_ILO_CONFIG), 0x80000006u);
 226:Generated_Source\PSoC4/cyfitter_cfg.c **** 
 227:Generated_Source\PSoC4/cyfitter_cfg.c **** 	/* CYDEV_WDT_CONFIG Starting address: CYDEV_WDT_CONFIG */
 228:Generated_Source\PSoC4/cyfitter_cfg.c **** 	CY_SET_REG32((void *)(CYREG_WDT_CONFIG), 0x40000000u);
 229:Generated_Source\PSoC4/cyfitter_cfg.c **** 
 230:Generated_Source\PSoC4/cyfitter_cfg.c **** 
 231:Generated_Source\PSoC4/cyfitter_cfg.c **** 	/* Enable fast start mode for XO */
 232:Generated_Source\PSoC4/cyfitter_cfg.c **** 	CY_SET_REG32((void*)CYREG_BLE_BLERD_BB_XO, CY_GET_REG32((void*)CYREG_BLE_BLERD_BB_XO) | (uint32)0x
 233:Generated_Source\PSoC4/cyfitter_cfg.c **** 	CY_SET_REG32((void *)(CYREG_BLE_BLERD_BB_XO_CAPTRIM), 0x00003E2Du);
 234:Generated_Source\PSoC4/cyfitter_cfg.c **** 	/*Set XTAL(ECO) divider*/
 235:Generated_Source\PSoC4/cyfitter_cfg.c **** 	CY_SET_REG32((void *)(CYREG_BLE_BLESS_XTAL_CLK_DIV_CONFIG), 0x00000000u);
 236:Generated_Source\PSoC4/cyfitter_cfg.c **** 	/* Disable Crystal Stable Interrupt before enabling ECO */
ARM GAS  C:\Users\wl\AppData\Local\Temp\cc48aeYK.s 			page 7


 237:Generated_Source\PSoC4/cyfitter_cfg.c **** 	CY_SET_REG32((void*)CYREG_BLE_BLESS_LL_DSM_CTRL, CY_GET_REG32((void*)CYREG_BLE_BLESS_LL_DSM_CTRL) 
 238:Generated_Source\PSoC4/cyfitter_cfg.c **** 	/* Start the ECO and do not check status since it is not needed for HFCLK */
 239:Generated_Source\PSoC4/cyfitter_cfg.c **** 	(void)CySysClkEcoStart(2000u);
 240:Generated_Source\PSoC4/cyfitter_cfg.c **** 	CyDelayUs(1500u); /* Wait to stabilize */
 241:Generated_Source\PSoC4/cyfitter_cfg.c **** 
 242:Generated_Source\PSoC4/cyfitter_cfg.c **** 	/* Setup phase aligned clocks */
 243:Generated_Source\PSoC4/cyfitter_cfg.c **** 	CY_SET_REG32((void *)CYREG_PERI_DIV_16_CTL1, 0x00BB7F00u);
 244:Generated_Source\PSoC4/cyfitter_cfg.c **** 	CY_SET_REG32((void *)CYREG_PERI_DIV_CMD, 0x8000FF41u);
 245:Generated_Source\PSoC4/cyfitter_cfg.c **** 	CY_SET_REG32((void *)CYREG_PERI_DIV_16_CTL0, 0x00000300u);
 246:Generated_Source\PSoC4/cyfitter_cfg.c **** 	CY_SET_REG32((void *)CYREG_PERI_DIV_CMD, 0x8000FF40u);
 247:Generated_Source\PSoC4/cyfitter_cfg.c **** 
 248:Generated_Source\PSoC4/cyfitter_cfg.c **** 	/* CYDEV_CLK_IMO_CONFIG Starting address: CYDEV_CLK_IMO_CONFIG */
 249:Generated_Source\PSoC4/cyfitter_cfg.c **** 	CY_SET_REG32((void *)(CYREG_CLK_IMO_CONFIG), 0x80000000u);
 250:Generated_Source\PSoC4/cyfitter_cfg.c **** 
 251:Generated_Source\PSoC4/cyfitter_cfg.c **** 	/* CYDEV_CLK_SELECT Starting address: CYDEV_CLK_SELECT */
 252:Generated_Source\PSoC4/cyfitter_cfg.c **** 	CY_SET_REG32((void *)(CYREG_CLK_SELECT), 0x00040000u);
 253:Generated_Source\PSoC4/cyfitter_cfg.c **** 
 254:Generated_Source\PSoC4/cyfitter_cfg.c **** 	/* CYDEV_PERI_PCLK_CTL8 Starting address: CYDEV_PERI_PCLK_CTL8 */
 255:Generated_Source\PSoC4/cyfitter_cfg.c **** 	CY_SET_REG32((void *)(CYREG_PERI_PCLK_CTL8), 0x00000041u);
 256:Generated_Source\PSoC4/cyfitter_cfg.c **** 
 257:Generated_Source\PSoC4/cyfitter_cfg.c **** 	/* CYDEV_PERI_PCLK_CTL7 Starting address: CYDEV_PERI_PCLK_CTL7 */
 258:Generated_Source\PSoC4/cyfitter_cfg.c **** 	CY_SET_REG32((void *)(CYREG_PERI_PCLK_CTL7), 0x00000040u);
 259:Generated_Source\PSoC4/cyfitter_cfg.c **** 
 260:Generated_Source\PSoC4/cyfitter_cfg.c **** 	(void)CyIntSetVector(8u, &CySysWdtIsr);
 261:Generated_Source\PSoC4/cyfitter_cfg.c **** 	CyIntEnable(8u);
 262:Generated_Source\PSoC4/cyfitter_cfg.c **** 	CY_SET_REG32((void *)(CYREG_WDT_CONFIG), 0x40000000u);
 263:Generated_Source\PSoC4/cyfitter_cfg.c **** }
 264:Generated_Source\PSoC4/cyfitter_cfg.c **** 
 265:Generated_Source\PSoC4/cyfitter_cfg.c **** 
 266:Generated_Source\PSoC4/cyfitter_cfg.c **** /* Analog API Functions */
 267:Generated_Source\PSoC4/cyfitter_cfg.c **** 
 268:Generated_Source\PSoC4/cyfitter_cfg.c **** 
 269:Generated_Source\PSoC4/cyfitter_cfg.c **** /*******************************************************************************
 270:Generated_Source\PSoC4/cyfitter_cfg.c **** * Function Name: AnalogSetDefault
 271:Generated_Source\PSoC4/cyfitter_cfg.c **** ********************************************************************************
 272:Generated_Source\PSoC4/cyfitter_cfg.c **** *
 273:Generated_Source\PSoC4/cyfitter_cfg.c **** * Summary:
 274:Generated_Source\PSoC4/cyfitter_cfg.c **** *  Sets up the analog portions of the chip to default values based on chip
 275:Generated_Source\PSoC4/cyfitter_cfg.c **** *  configuration options from the project.
 276:Generated_Source\PSoC4/cyfitter_cfg.c **** *
 277:Generated_Source\PSoC4/cyfitter_cfg.c **** * Parameters:
 278:Generated_Source\PSoC4/cyfitter_cfg.c **** *  void
 279:Generated_Source\PSoC4/cyfitter_cfg.c **** *
 280:Generated_Source\PSoC4/cyfitter_cfg.c **** * Return:
 281:Generated_Source\PSoC4/cyfitter_cfg.c **** *  void
 282:Generated_Source\PSoC4/cyfitter_cfg.c **** *
 283:Generated_Source\PSoC4/cyfitter_cfg.c **** *******************************************************************************/
 284:Generated_Source\PSoC4/cyfitter_cfg.c **** static void AnalogSetDefault(void);
 285:Generated_Source\PSoC4/cyfitter_cfg.c **** static void AnalogSetDefault(void)
 286:Generated_Source\PSoC4/cyfitter_cfg.c **** {
 104              		.loc 1 286 0
 105              		.cfi_startproc
 106              		@ args = 0, pretend = 0, frame = 0
 107              		@ frame_needed = 0, uses_anonymous_args = 0
 108              		@ link register save eliminated.
 287:Generated_Source\PSoC4/cyfitter_cfg.c **** 	CY_SET_XTND_REG32((void CYFAR *)CYREG_CTBM0_DFT_CTRL, 0x00000003u);
 109              		.loc 1 287 0
ARM GAS  C:\Users\wl\AppData\Local\Temp\cc48aeYK.s 			page 8


 110 0000 0323     		movs	r3, #3
 111 0002 044A     		ldr	r2, .L7
 112 0004 1360     		str	r3, [r2]
 288:Generated_Source\PSoC4/cyfitter_cfg.c **** 	CY_SET_XTND_REG32((void CYFAR *)CYREG_CTBM1_DFT_CTRL, 0x00000003u);
 113              		.loc 1 288 0
 114 0006 044A     		ldr	r2, .L7+4
 115 0008 1360     		str	r3, [r2]
 289:Generated_Source\PSoC4/cyfitter_cfg.c **** 	CY_SET_XTND_REG32((void CYFAR *)CYREG_PASS_DSAB_DSAB_CTRL, 0x00000000u);
 116              		.loc 1 289 0
 117 000a 0022     		movs	r2, #0
 118 000c 034B     		ldr	r3, .L7+8
 119 000e 1A60     		str	r2, [r3]
 290:Generated_Source\PSoC4/cyfitter_cfg.c **** }
 120              		.loc 1 290 0
 121              		@ sp needed
 122 0010 7047     		bx	lr
 123              	.L8:
 124 0012 C046     		.align	2
 125              	.L7:
 126 0014 30003040 		.word	1076887600
 127 0018 30003140 		.word	1076953136
 128 001c 000E3F40 		.word	1077874176
 129              		.cfi_endproc
 130              	.LFE7:
 131              		.size	AnalogSetDefault, .-AnalogSetDefault
 132              		.section	.text.CYMEMZERO,"ax",%progbits
 133              		.align	2
 134              		.code	16
 135              		.thumb_func
 136              		.type	CYMEMZERO, %function
 137              	CYMEMZERO:
 138              	.LFB2:
  77:Generated_Source\PSoC4/cyfitter_cfg.c **** 	(void)memset(s, 0, n);
 139              		.loc 1 77 0
 140              		.cfi_startproc
 141              		@ args = 0, pretend = 0, frame = 0
 142              		@ frame_needed = 0, uses_anonymous_args = 0
 143              	.LVL12:
 144 0000 10B5     		push	{r4, lr}
 145              		.cfi_def_cfa_offset 8
 146              		.cfi_offset 4, -8
 147              		.cfi_offset 14, -4
 148 0002 0A00     		movs	r2, r1
  78:Generated_Source\PSoC4/cyfitter_cfg.c **** }
 149              		.loc 1 78 0
 150 0004 0021     		movs	r1, #0
 151              	.LVL13:
 152 0006 FFF7FEFF 		bl	memset
 153              	.LVL14:
  79:Generated_Source\PSoC4/cyfitter_cfg.c **** CY_CFG_UNUSED
 154              		.loc 1 79 0
 155              		@ sp needed
 156 000a 10BD     		pop	{r4, pc}
 157              		.cfi_endproc
 158              	.LFE2:
 159              		.size	CYMEMZERO, .-CYMEMZERO
 160              		.section	.psocinit,"ax",%progbits
ARM GAS  C:\Users\wl\AppData\Local\Temp\cc48aeYK.s 			page 9


 161              		.align	2
 162              		.code	16
 163              		.thumb_func
 164              		.type	ClockSetup, %function
 165              	ClockSetup:
 166              	.LFB6:
 212:Generated_Source\PSoC4/cyfitter_cfg.c **** 
 167              		.loc 1 212 0
 168              		.cfi_startproc
 169              		@ args = 0, pretend = 0, frame = 0
 170              		@ frame_needed = 0, uses_anonymous_args = 0
 171 0000 70B5     		push	{r4, r5, r6, lr}
 172              		.cfi_def_cfa_offset 16
 173              		.cfi_offset 4, -16
 174              		.cfi_offset 5, -12
 175              		.cfi_offset 6, -8
 176              		.cfi_offset 14, -4
 215:Generated_Source\PSoC4/cyfitter_cfg.c **** 
 177              		.loc 1 215 0
 178 0002 1222     		movs	r2, #18
 179 0004 264B     		ldr	r3, .L11
 180 0006 1A60     		str	r2, [r3]
 218:Generated_Source\PSoC4/cyfitter_cfg.c **** 	CyDelayCycles(12000000u); /* WCO may take up to 500ms to start */
 181              		.loc 1 218 0
 182 0008 FFF7FEFF 		bl	CySysClkWcoStart
 183              	.LVL15:
 219:Generated_Source\PSoC4/cyfitter_cfg.c **** 	(void)CySysClkWcoSetPowerMode(CY_SYS_CLK_WCO_LPM);    /* Switch to the low power mode */
 184              		.loc 1 219 0
 185 000c 2548     		ldr	r0, .L11+4
 186 000e FFF7FEFF 		bl	CyDelayCycles
 187              	.LVL16:
 220:Generated_Source\PSoC4/cyfitter_cfg.c **** 
 188              		.loc 1 220 0
 189 0012 0120     		movs	r0, #1
 190 0014 FFF7FEFF 		bl	CySysClkWcoSetPowerMode
 191              	.LVL17:
 223:Generated_Source\PSoC4/cyfitter_cfg.c **** 	/* CYDEV_CLK_ILO_CONFIG Starting address: CYDEV_CLK_ILO_CONFIG */
 192              		.loc 1 223 0
 193 0018 3020     		movs	r0, #48
 194 001a FFF7FEFF 		bl	CySysClkWriteImoFreq
 195              	.LVL18:
 225:Generated_Source\PSoC4/cyfitter_cfg.c **** 
 196              		.loc 1 225 0
 197 001e 224A     		ldr	r2, .L11+8
 198 0020 224B     		ldr	r3, .L11+12
 199 0022 1A60     		str	r2, [r3]
 228:Generated_Source\PSoC4/cyfitter_cfg.c **** 
 200              		.loc 1 228 0
 201 0024 224C     		ldr	r4, .L11+16
 202 0026 8025     		movs	r5, #128
 203 0028 ED05     		lsls	r5, r5, #23
 204 002a 2560     		str	r5, [r4]
 232:Generated_Source\PSoC4/cyfitter_cfg.c **** 	CY_SET_REG32((void *)(CYREG_BLE_BLERD_BB_XO_CAPTRIM), 0x00003E2Du);
 205              		.loc 1 232 0
 206 002c 214A     		ldr	r2, .L11+20
 207 002e 1168     		ldr	r1, [r2]
 208 0030 0223     		movs	r3, #2
ARM GAS  C:\Users\wl\AppData\Local\Temp\cc48aeYK.s 			page 10


 209 0032 0B43     		orrs	r3, r1
 210 0034 1360     		str	r3, [r2]
 233:Generated_Source\PSoC4/cyfitter_cfg.c **** 	/*Set XTAL(ECO) divider*/
 211              		.loc 1 233 0
 212 0036 204A     		ldr	r2, .L11+24
 213 0038 204B     		ldr	r3, .L11+28
 214 003a 1A60     		str	r2, [r3]
 235:Generated_Source\PSoC4/cyfitter_cfg.c **** 	/* Disable Crystal Stable Interrupt before enabling ECO */
 215              		.loc 1 235 0
 216 003c 0022     		movs	r2, #0
 217 003e 204B     		ldr	r3, .L11+32
 218 0040 1A60     		str	r2, [r3]
 237:Generated_Source\PSoC4/cyfitter_cfg.c **** 	/* Start the ECO and do not check status since it is not needed for HFCLK */
 219              		.loc 1 237 0
 220 0042 204A     		ldr	r2, .L11+36
 221 0044 1368     		ldr	r3, [r2]
 222 0046 0821     		movs	r1, #8
 223 0048 8B43     		bics	r3, r1
 224 004a 1360     		str	r3, [r2]
 239:Generated_Source\PSoC4/cyfitter_cfg.c **** 	CyDelayUs(1500u); /* Wait to stabilize */
 225              		.loc 1 239 0
 226 004c FA20     		movs	r0, #250
 227 004e C000     		lsls	r0, r0, #3
 228 0050 FFF7FEFF 		bl	CySysClkEcoStart
 229              	.LVL19:
 240:Generated_Source\PSoC4/cyfitter_cfg.c **** 
 230              		.loc 1 240 0
 231 0054 1C48     		ldr	r0, .L11+40
 232 0056 FFF7FEFF 		bl	CyDelayUs
 233              	.LVL20:
 243:Generated_Source\PSoC4/cyfitter_cfg.c **** 	CY_SET_REG32((void *)CYREG_PERI_DIV_CMD, 0x8000FF41u);
 234              		.loc 1 243 0
 235 005a 1C4A     		ldr	r2, .L11+44
 236 005c 1C4B     		ldr	r3, .L11+48
 237 005e 1A60     		str	r2, [r3]
 244:Generated_Source\PSoC4/cyfitter_cfg.c **** 	CY_SET_REG32((void *)CYREG_PERI_DIV_16_CTL0, 0x00000300u);
 238              		.loc 1 244 0
 239 0060 1C4B     		ldr	r3, .L11+52
 240 0062 1D4A     		ldr	r2, .L11+56
 241 0064 1A60     		str	r2, [r3]
 245:Generated_Source\PSoC4/cyfitter_cfg.c **** 	CY_SET_REG32((void *)CYREG_PERI_DIV_CMD, 0x8000FF40u);
 242              		.loc 1 245 0
 243 0066 C021     		movs	r1, #192
 244 0068 8900     		lsls	r1, r1, #2
 245 006a 1C4A     		ldr	r2, .L11+60
 246 006c 1160     		str	r1, [r2]
 246:Generated_Source\PSoC4/cyfitter_cfg.c **** 
 247              		.loc 1 246 0
 248 006e 1C4A     		ldr	r2, .L11+64
 249 0070 1A60     		str	r2, [r3]
 249:Generated_Source\PSoC4/cyfitter_cfg.c **** 
 250              		.loc 1 249 0
 251 0072 8022     		movs	r2, #128
 252 0074 1206     		lsls	r2, r2, #24
 253 0076 1B4B     		ldr	r3, .L11+68
 254 0078 1A60     		str	r2, [r3]
 252:Generated_Source\PSoC4/cyfitter_cfg.c **** 
ARM GAS  C:\Users\wl\AppData\Local\Temp\cc48aeYK.s 			page 11


 255              		.loc 1 252 0
 256 007a 8022     		movs	r2, #128
 257 007c D202     		lsls	r2, r2, #11
 258 007e 1A4B     		ldr	r3, .L11+72
 259 0080 1A60     		str	r2, [r3]
 255:Generated_Source\PSoC4/cyfitter_cfg.c **** 
 260              		.loc 1 255 0
 261 0082 4122     		movs	r2, #65
 262 0084 194B     		ldr	r3, .L11+76
 263 0086 1A60     		str	r2, [r3]
 258:Generated_Source\PSoC4/cyfitter_cfg.c **** 
 264              		.loc 1 258 0
 265 0088 013A     		subs	r2, r2, #1
 266 008a 194B     		ldr	r3, .L11+80
 267 008c 1A60     		str	r2, [r3]
 260:Generated_Source\PSoC4/cyfitter_cfg.c **** 	CyIntEnable(8u);
 268              		.loc 1 260 0
 269 008e 1949     		ldr	r1, .L11+84
 270 0090 0820     		movs	r0, #8
 271 0092 FFF7FEFF 		bl	CyIntSetVector
 272              	.LVL21:
 261:Generated_Source\PSoC4/cyfitter_cfg.c **** 	CY_SET_REG32((void *)(CYREG_WDT_CONFIG), 0x40000000u);
 273              		.loc 1 261 0
 274 0096 0820     		movs	r0, #8
 275 0098 FFF7FEFF 		bl	CyIntEnable
 276              	.LVL22:
 262:Generated_Source\PSoC4/cyfitter_cfg.c **** }
 277              		.loc 1 262 0
 278 009c 2560     		str	r5, [r4]
 263:Generated_Source\PSoC4/cyfitter_cfg.c **** 
 279              		.loc 1 263 0
 280              		@ sp needed
 281 009e 70BD     		pop	{r4, r5, r6, pc}
 282              	.L12:
 283              		.align	2
 284              	.L11:
 285 00a0 30001040 		.word	1074790448
 286 00a4 001BB700 		.word	12000000
 287 00a8 06000080 		.word	-2147483642
 288 00ac 04010B40 		.word	1074462980
 289 00b0 0C020B40 		.word	1074463244
 290 00b4 78002E40 		.word	1076756600
 291 00b8 2D3E0000 		.word	15917
 292 00bc 7C002E40 		.word	1076756604
 293 00c0 64F02E40 		.word	1076818020
 294 00c4 6CF02E40 		.word	1076818028
 295 00c8 DC050000 		.word	1500
 296 00cc 007FBB00 		.word	12287744
 297 00d0 04030140 		.word	1073808132
 298 00d4 00000140 		.word	1073807360
 299 00d8 41FF0080 		.word	-2147418303
 300 00dc 00030140 		.word	1073808128
 301 00e0 40FF0080 		.word	-2147418304
 302 00e4 08010B40 		.word	1074462984
 303 00e8 00010B40 		.word	1074462976
 304 00ec 20010140 		.word	1073807648
 305 00f0 1C010140 		.word	1073807644
ARM GAS  C:\Users\wl\AppData\Local\Temp\cc48aeYK.s 			page 12


 306 00f4 00000000 		.word	CySysWdtIsr
 307              		.cfi_endproc
 308              	.LFE6:
 309              		.size	ClockSetup, .-ClockSetup
 310              		.align	2
 311              		.global	cyfitter_cfg
 312              		.code	16
 313              		.thumb_func
 314              		.type	cyfitter_cfg, %function
 315              	cyfitter_cfg:
 316              	.LFB8:
 291:Generated_Source\PSoC4/cyfitter_cfg.c **** 
 292:Generated_Source\PSoC4/cyfitter_cfg.c **** 
 293:Generated_Source\PSoC4/cyfitter_cfg.c **** 
 294:Generated_Source\PSoC4/cyfitter_cfg.c **** 
 295:Generated_Source\PSoC4/cyfitter_cfg.c **** /*******************************************************************************
 296:Generated_Source\PSoC4/cyfitter_cfg.c **** * Function Name: cyfitter_cfg
 297:Generated_Source\PSoC4/cyfitter_cfg.c **** ********************************************************************************
 298:Generated_Source\PSoC4/cyfitter_cfg.c **** * Summary:
 299:Generated_Source\PSoC4/cyfitter_cfg.c **** *  This function is called by the start-up code for the selected device. It
 300:Generated_Source\PSoC4/cyfitter_cfg.c **** *  performs all of the necessary device configuration based on the design
 301:Generated_Source\PSoC4/cyfitter_cfg.c **** *  settings.  This includes settings from the Design Wide Resources (DWR) such
 302:Generated_Source\PSoC4/cyfitter_cfg.c **** *  as Clocks and Pins as well as any component configuration that is necessary.
 303:Generated_Source\PSoC4/cyfitter_cfg.c **** *
 304:Generated_Source\PSoC4/cyfitter_cfg.c **** * Parameters:
 305:Generated_Source\PSoC4/cyfitter_cfg.c **** *   void
 306:Generated_Source\PSoC4/cyfitter_cfg.c **** *
 307:Generated_Source\PSoC4/cyfitter_cfg.c **** * Return:
 308:Generated_Source\PSoC4/cyfitter_cfg.c **** *   void
 309:Generated_Source\PSoC4/cyfitter_cfg.c **** *
 310:Generated_Source\PSoC4/cyfitter_cfg.c **** *******************************************************************************/
 311:Generated_Source\PSoC4/cyfitter_cfg.c **** CY_CFG_SECTION
 312:Generated_Source\PSoC4/cyfitter_cfg.c **** void cyfitter_cfg(void)
 313:Generated_Source\PSoC4/cyfitter_cfg.c **** {
 317              		.loc 1 313 0
 318              		.cfi_startproc
 319              		@ args = 0, pretend = 0, frame = 0
 320              		@ frame_needed = 0, uses_anonymous_args = 0
 321 00f8 10B5     		push	{r4, lr}
 322              		.cfi_def_cfa_offset 8
 323              		.cfi_offset 4, -8
 324              		.cfi_offset 14, -4
 314:Generated_Source\PSoC4/cyfitter_cfg.c **** 	/* Disable interrupts by default. Let user enable if/when they want. */
 315:Generated_Source\PSoC4/cyfitter_cfg.c **** 	CyGlobalIntDisable;
 325              		.loc 1 315 0
 326              		.syntax divided
 327              	@ 315 "Generated_Source\PSoC4\cyfitter_cfg.c" 1
 328 00fa 72B6     		CPSID   i
 329              	@ 0 "" 2
 316:Generated_Source\PSoC4/cyfitter_cfg.c **** 
 317:Generated_Source\PSoC4/cyfitter_cfg.c **** 	CY_SET_REG32((void *)(CYREG_BLE_BLESS_LL_DSM_CTRL), 0x00000000u);
 330              		.loc 1 317 0
 331              		.thumb
 332              		.syntax unified
 333 00fc 0022     		movs	r2, #0
 334 00fe 264B     		ldr	r3, .L16
 335 0100 1A60     		str	r2, [r3]
ARM GAS  C:\Users\wl\AppData\Local\Temp\cc48aeYK.s 			page 13


 336              	.LVL23:
 337              	.LBB3:
 318:Generated_Source\PSoC4/cyfitter_cfg.c **** 
 319:Generated_Source\PSoC4/cyfitter_cfg.c **** 	{
 320:Generated_Source\PSoC4/cyfitter_cfg.c **** 		static const uint32 CYCODE cy_cfg_addr_table[] = {
 321:Generated_Source\PSoC4/cyfitter_cfg.c **** 			0x400F4208u, /* Base address: 0x400F4200 Count: 8 */
 322:Generated_Source\PSoC4/cyfitter_cfg.c **** 		};
 323:Generated_Source\PSoC4/cyfitter_cfg.c **** 
 324:Generated_Source\PSoC4/cyfitter_cfg.c **** 		static const cy_cfg_addrvalue_t CYCODE cy_cfg_data_table[] = {
 325:Generated_Source\PSoC4/cyfitter_cfg.c **** 			{0x0Eu, 0x01u},
 326:Generated_Source\PSoC4/cyfitter_cfg.c **** 			{0x11u, 0x01u},
 327:Generated_Source\PSoC4/cyfitter_cfg.c **** 			{0x3Eu, 0x01u},
 328:Generated_Source\PSoC4/cyfitter_cfg.c **** 			{0x5Du, 0x01u},
 329:Generated_Source\PSoC4/cyfitter_cfg.c **** 			{0xC2u, 0x01u},
 330:Generated_Source\PSoC4/cyfitter_cfg.c **** 			{0xC4u, 0x08u},
 331:Generated_Source\PSoC4/cyfitter_cfg.c **** 			{0xCEu, 0x01u},
 332:Generated_Source\PSoC4/cyfitter_cfg.c **** 			{0xD6u, 0x01u},
 333:Generated_Source\PSoC4/cyfitter_cfg.c **** 		};
 334:Generated_Source\PSoC4/cyfitter_cfg.c **** 
 335:Generated_Source\PSoC4/cyfitter_cfg.c **** 
 336:Generated_Source\PSoC4/cyfitter_cfg.c **** 
 337:Generated_Source\PSoC4/cyfitter_cfg.c **** 		CYPACKED typedef struct {
 338:Generated_Source\PSoC4/cyfitter_cfg.c **** 			void CYFAR *address;
 339:Generated_Source\PSoC4/cyfitter_cfg.c **** 			uint16 size;
 340:Generated_Source\PSoC4/cyfitter_cfg.c **** 		} CYPACKED_ATTR cfg_memset_t;
 341:Generated_Source\PSoC4/cyfitter_cfg.c **** 
 342:Generated_Source\PSoC4/cyfitter_cfg.c **** 		static const cfg_memset_t CYCODE cfg_memset_list[] = {
 343:Generated_Source\PSoC4/cyfitter_cfg.c **** 			/* address, size */
 344:Generated_Source\PSoC4/cyfitter_cfg.c **** 			{(void CYFAR *)(CYDEV_UDB_P0_U0_BASE), 1024u},
 345:Generated_Source\PSoC4/cyfitter_cfg.c **** 			{(void CYFAR *)(CYDEV_UDB_DSI0_BASE), 1024u},
 346:Generated_Source\PSoC4/cyfitter_cfg.c **** 		};
 347:Generated_Source\PSoC4/cyfitter_cfg.c **** 
 348:Generated_Source\PSoC4/cyfitter_cfg.c **** 		uint8 CYDATA i;
 349:Generated_Source\PSoC4/cyfitter_cfg.c **** 
 350:Generated_Source\PSoC4/cyfitter_cfg.c **** 		/* Zero out critical memory blocks before beginning configuration */
 351:Generated_Source\PSoC4/cyfitter_cfg.c **** 		for (i = 0u; i < (sizeof(cfg_memset_list)/sizeof(cfg_memset_list[0])); i++)
 338              		.loc 1 351 0
 339 0102 0024     		movs	r4, #0
 340 0104 0FE0     		b	.L14
 341              	.LVL24:
 342              	.L15:
 343              	.LBB4:
 352:Generated_Source\PSoC4/cyfitter_cfg.c **** 		{
 353:Generated_Source\PSoC4/cyfitter_cfg.c **** 			const cfg_memset_t CYCODE * CYDATA ms = &cfg_memset_list[i];
 354:Generated_Source\PSoC4/cyfitter_cfg.c **** 			CYMEMZERO(ms->address, (size_t)(uint32)(ms->size));
 344              		.loc 1 354 0 discriminator 3
 345 0106 2548     		ldr	r0, .L16+4
 346 0108 6200     		lsls	r2, r4, #1
 347 010a 1319     		adds	r3, r2, r4
 348 010c 5900     		lsls	r1, r3, #1
 349 010e 0B00     		movs	r3, r1
 350 0110 4118     		adds	r1, r0, r1
 351 0112 8988     		ldrh	r1, [r1, #4]
 352 0114 1A5A     		ldrh	r2, [r3, r0]
 353 0116 C318     		adds	r3, r0, r3
 354 0118 5888     		ldrh	r0, [r3, #2]
 355 011a 0004     		lsls	r0, r0, #16
ARM GAS  C:\Users\wl\AppData\Local\Temp\cc48aeYK.s 			page 14


 356 011c 1043     		orrs	r0, r2
 357 011e FFF7FEFF 		bl	CYMEMZERO
 358              	.LVL25:
 359              	.LBE4:
 351:Generated_Source\PSoC4/cyfitter_cfg.c **** 		{
 360              		.loc 1 351 0 discriminator 3
 361 0122 0134     		adds	r4, r4, #1
 362              	.LVL26:
 363 0124 E4B2     		uxtb	r4, r4
 364              	.LVL27:
 365              	.L14:
 351:Generated_Source\PSoC4/cyfitter_cfg.c **** 		{
 366              		.loc 1 351 0 is_stmt 0 discriminator 1
 367 0126 012C     		cmp	r4, #1
 368 0128 EDD9     		bls	.L15
 355:Generated_Source\PSoC4/cyfitter_cfg.c **** 		}
 356:Generated_Source\PSoC4/cyfitter_cfg.c **** 
 357:Generated_Source\PSoC4/cyfitter_cfg.c **** 		cfg_write_bytes32(cy_cfg_addr_table, cy_cfg_data_table);
 369              		.loc 1 357 0 is_stmt 1
 370 012a 1C48     		ldr	r0, .L16+4
 371 012c 0100     		movs	r1, r0
 372 012e 0C31     		adds	r1, r1, #12
 373 0130 1C30     		adds	r0, r0, #28
 374 0132 FFF7FEFF 		bl	cfg_write_bytes32
 375              	.LVL28:
 358:Generated_Source\PSoC4/cyfitter_cfg.c **** 
 359:Generated_Source\PSoC4/cyfitter_cfg.c **** 		/* HSIOM Starting address: CYDEV_HSIOM_BASE */
 360:Generated_Source\PSoC4/cyfitter_cfg.c **** 		CY_SET_REG32((void *)(CYDEV_HSIOM_BASE), 0xEE000000u);
 376              		.loc 1 360 0
 377 0136 EE22     		movs	r2, #238
 378 0138 1206     		lsls	r2, r2, #24
 379 013a 194B     		ldr	r3, .L16+8
 380 013c 1A60     		str	r2, [r3]
 361:Generated_Source\PSoC4/cyfitter_cfg.c **** 		CY_SET_REG32((void *)(CYREG_HSIOM_PORT_SEL2), 0x03000000u);
 381              		.loc 1 361 0
 382 013e C022     		movs	r2, #192
 383 0140 9204     		lsls	r2, r2, #18
 384 0142 184B     		ldr	r3, .L16+12
 385 0144 1A60     		str	r2, [r3]
 362:Generated_Source\PSoC4/cyfitter_cfg.c **** 
 363:Generated_Source\PSoC4/cyfitter_cfg.c **** 		/* UDB_PA_0 Starting address: CYDEV_UDB_PA0_BASE */
 364:Generated_Source\PSoC4/cyfitter_cfg.c **** 		CY_SET_REG32((void *)(CYDEV_UDB_PA0_BASE), 0x00990000u);
 386              		.loc 1 364 0
 387 0146 9923     		movs	r3, #153
 388 0148 1B04     		lsls	r3, r3, #16
 389 014a 174A     		ldr	r2, .L16+16
 390 014c 1360     		str	r3, [r2]
 365:Generated_Source\PSoC4/cyfitter_cfg.c **** 
 366:Generated_Source\PSoC4/cyfitter_cfg.c **** 		/* UDB_PA_2 Starting address: CYDEV_UDB_PA2_BASE */
 367:Generated_Source\PSoC4/cyfitter_cfg.c **** 		CY_SET_REG32((void *)(CYDEV_UDB_PA2_BASE), 0x00990000u);
 391              		.loc 1 367 0
 392 014e 174A     		ldr	r2, .L16+20
 393 0150 1360     		str	r3, [r2]
 368:Generated_Source\PSoC4/cyfitter_cfg.c **** 		CY_SET_REG32((void *)(CYREG_UDB_PA2_CFG8), 0x10000000u);
 394              		.loc 1 368 0
 395 0152 8021     		movs	r1, #128
 396 0154 4905     		lsls	r1, r1, #21
ARM GAS  C:\Users\wl\AppData\Local\Temp\cc48aeYK.s 			page 15


 397 0156 164A     		ldr	r2, .L16+24
 398 0158 1160     		str	r1, [r2]
 369:Generated_Source\PSoC4/cyfitter_cfg.c **** 
 370:Generated_Source\PSoC4/cyfitter_cfg.c **** 		/* UDB_PA_3 Starting address: CYDEV_UDB_PA3_BASE */
 371:Generated_Source\PSoC4/cyfitter_cfg.c **** 		CY_SET_REG32((void *)(CYDEV_UDB_PA3_BASE), 0x00990000u);
 399              		.loc 1 371 0
 400 015a 164A     		ldr	r2, .L16+28
 401 015c 1360     		str	r3, [r2]
 372:Generated_Source\PSoC4/cyfitter_cfg.c **** 
 373:Generated_Source\PSoC4/cyfitter_cfg.c **** 		/* TCPWM_CNT1 Starting address: CYDEV_TCPWM_CNT1_TR_CTRL0 */
 374:Generated_Source\PSoC4/cyfitter_cfg.c **** 		CY_SET_REG32((void *)(CYREG_TCPWM_CNT1_TR_CTRL0), 0x00055515u);
 402              		.loc 1 374 0
 403 015e 164A     		ldr	r2, .L16+32
 404 0160 164B     		ldr	r3, .L16+36
 405 0162 1A60     		str	r2, [r3]
 375:Generated_Source\PSoC4/cyfitter_cfg.c **** 
 376:Generated_Source\PSoC4/cyfitter_cfg.c **** 		/* Enable digital routing */
 377:Generated_Source\PSoC4/cyfitter_cfg.c **** 		CY_SET_XTND_REG8((void *)CYREG_UDB_UDBIF_BANK_CTL, (uint8)(CY_GET_XTND_REG8((void *)CYREG_UDB_UDB
 406              		.loc 1 377 0
 407 0164 164A     		ldr	r2, .L16+40
 408 0166 1178     		ldrb	r1, [r2]
 409 0168 0623     		movs	r3, #6
 410 016a 0B43     		orrs	r3, r1
 411 016c DBB2     		uxtb	r3, r3
 412 016e 1370     		strb	r3, [r2]
 413              	.LBE3:
 378:Generated_Source\PSoC4/cyfitter_cfg.c **** 	}
 379:Generated_Source\PSoC4/cyfitter_cfg.c **** 
 380:Generated_Source\PSoC4/cyfitter_cfg.c **** 	/* Perform second pass device configuration. These items must be configured in specific order afte
 381:Generated_Source\PSoC4/cyfitter_cfg.c **** 	/* IOPINS0_0 Starting address: CYDEV_GPIO_PRT0_BASE */
 382:Generated_Source\PSoC4/cyfitter_cfg.c **** 	CY_SET_REG32((void *)(CYREG_GPIO_PRT0_PC), 0x00D80000u);
 414              		.loc 1 382 0
 415 0170 D823     		movs	r3, #216
 416 0172 1B04     		lsls	r3, r3, #16
 417 0174 134A     		ldr	r2, .L16+44
 418 0176 1360     		str	r3, [r2]
 383:Generated_Source\PSoC4/cyfitter_cfg.c **** 
 384:Generated_Source\PSoC4/cyfitter_cfg.c **** 	/* IOPINS0_2 Starting address: CYDEV_GPIO_PRT2_BASE */
 385:Generated_Source\PSoC4/cyfitter_cfg.c **** 	CY_SET_REG32((void *)(CYDEV_GPIO_PRT2_BASE), 0x000000C0u);
 419              		.loc 1 385 0
 420 0178 C022     		movs	r2, #192
 421 017a 1349     		ldr	r1, .L16+48
 422 017c 0A60     		str	r2, [r1]
 386:Generated_Source\PSoC4/cyfitter_cfg.c **** 	CY_SET_REG32((void *)(CYREG_GPIO_PRT2_PC), 0x00580000u);
 423              		.loc 1 386 0
 424 017e B020     		movs	r0, #176
 425 0180 C003     		lsls	r0, r0, #15
 426 0182 1249     		ldr	r1, .L16+52
 427 0184 0860     		str	r0, [r1]
 387:Generated_Source\PSoC4/cyfitter_cfg.c **** 
 388:Generated_Source\PSoC4/cyfitter_cfg.c **** 	/* IOPINS0_3 Starting address: CYDEV_GPIO_PRT3_BASE */
 389:Generated_Source\PSoC4/cyfitter_cfg.c **** 	CY_SET_REG32((void *)(CYDEV_GPIO_PRT3_BASE), 0x000000C0u);
 428              		.loc 1 389 0
 429 0186 1249     		ldr	r1, .L16+56
 430 0188 0A60     		str	r2, [r1]
 390:Generated_Source\PSoC4/cyfitter_cfg.c **** 	CY_SET_REG32((void *)(CYREG_GPIO_PRT3_PC), 0x00D80000u);
 431              		.loc 1 390 0
ARM GAS  C:\Users\wl\AppData\Local\Temp\cc48aeYK.s 			page 16


 432 018a 124A     		ldr	r2, .L16+60
 433 018c 1360     		str	r3, [r2]
 391:Generated_Source\PSoC4/cyfitter_cfg.c **** 
 392:Generated_Source\PSoC4/cyfitter_cfg.c **** 
 393:Generated_Source\PSoC4/cyfitter_cfg.c **** 	/* Setup clocks based on selections from Clock DWR */
 394:Generated_Source\PSoC4/cyfitter_cfg.c **** 	ClockSetup();
 434              		.loc 1 394 0
 435 018e FFF737FF 		bl	ClockSetup
 436              	.LVL29:
 395:Generated_Source\PSoC4/cyfitter_cfg.c **** 
 396:Generated_Source\PSoC4/cyfitter_cfg.c **** 	/* Perform basic analog initialization to defaults */
 397:Generated_Source\PSoC4/cyfitter_cfg.c **** 	AnalogSetDefault();
 437              		.loc 1 397 0
 438 0192 FFF7FEFF 		bl	AnalogSetDefault
 439              	.LVL30:
 398:Generated_Source\PSoC4/cyfitter_cfg.c **** 
 399:Generated_Source\PSoC4/cyfitter_cfg.c **** }
 440              		.loc 1 399 0
 441              		@ sp needed
 442              	.LVL31:
 443 0196 10BD     		pop	{r4, pc}
 444              	.L17:
 445              		.align	2
 446              	.L16:
 447 0198 6CF02E40 		.word	1076818028
 448 019c 00000000 		.word	.LANCHOR0
 449 01a0 00000240 		.word	1073872896
 450 01a4 00020240 		.word	1073873408
 451 01a8 00500F40 		.word	1074745344
 452 01ac 20500F40 		.word	1074745376
 453 01b0 28500F40 		.word	1074745384
 454 01b4 30500F40 		.word	1074745392
 455 01b8 15550500 		.word	349461
 456 01bc 60012040 		.word	1075839328
 457 01c0 00700F40 		.word	1074753536
 458 01c4 08000440 		.word	1074003976
 459 01c8 00020440 		.word	1074004480
 460 01cc 08020440 		.word	1074004488
 461 01d0 00030440 		.word	1074004736
 462 01d4 08030440 		.word	1074004744
 463              		.cfi_endproc
 464              	.LFE8:
 465              		.size	cyfitter_cfg, .-cyfitter_cfg
 466              		.section	.rodata
 467              		.align	2
 468              		.set	.LANCHOR0,. + 0
 469              		.type	cfg_memset_list.4916, %object
 470              		.size	cfg_memset_list.4916, 12
 471              	cfg_memset_list.4916:
 472 0000 00300F40 		.word	1074737152
 473 0004 0004     		.short	1024
 474 0006 00400F40 		.4byte	1074741248
 475 000a 0004     		.short	1024
 476              		.type	cy_cfg_data_table.4911, %object
 477              		.size	cy_cfg_data_table.4911, 16
 478              	cy_cfg_data_table.4911:
 479 000c 0E       		.byte	14
ARM GAS  C:\Users\wl\AppData\Local\Temp\cc48aeYK.s 			page 17


 480 000d 01       		.byte	1
 481 000e 11       		.byte	17
 482 000f 01       		.byte	1
 483 0010 3E       		.byte	62
 484 0011 01       		.byte	1
 485 0012 5D       		.byte	93
 486 0013 01       		.byte	1
 487 0014 C2       		.byte	-62
 488 0015 01       		.byte	1
 489 0016 C4       		.byte	-60
 490 0017 08       		.byte	8
 491 0018 CE       		.byte	-50
 492 0019 01       		.byte	1
 493 001a D6       		.byte	-42
 494 001b 01       		.byte	1
 495              		.type	cy_cfg_addr_table.4910, %object
 496              		.size	cy_cfg_addr_table.4910, 4
 497              	cy_cfg_addr_table.4910:
 498 001c 08420F40 		.word	1074741768
 499              		.text
 500              	.Letext0:
 501              		.file 2 "c:\\program files (x86)\\cypress\\psoc creator\\4.2\\psoc creator\\import\\gnu\\arm\\5.4.
 502              		.file 3 "Generated_Source\\PSoC4\\cytypes.h"
 503              		.file 4 "Generated_Source\\PSoC4\\CyLFClk.h"
 504              		.file 5 "Generated_Source\\PSoC4\\CyLib.h"
 505              		.section	.debug_info,"",%progbits
 506              	.Ldebug_info0:
 507 0000 4C040000 		.4byte	0x44c
 508 0004 0400     		.2byte	0x4
 509 0006 00000000 		.4byte	.Ldebug_abbrev0
 510 000a 04       		.byte	0x4
 511 000b 01       		.uleb128 0x1
 512 000c D3010000 		.4byte	.LASF44
 513 0010 0C       		.byte	0xc
 514 0011 1F030000 		.4byte	.LASF45
 515 0015 3A000000 		.4byte	.LASF46
 516 0019 00000000 		.4byte	.Ldebug_ranges0+0
 517 001d 00000000 		.4byte	0
 518 0021 00000000 		.4byte	.Ldebug_line0
 519 0025 02       		.uleb128 0x2
 520 0026 04       		.byte	0x4
 521 0027 05       		.byte	0x5
 522 0028 696E7400 		.ascii	"int\000"
 523 002c 03       		.uleb128 0x3
 524 002d 22000000 		.4byte	.LASF12
 525 0031 02       		.byte	0x2
 526 0032 D8       		.byte	0xd8
 527 0033 37000000 		.4byte	0x37
 528 0037 04       		.uleb128 0x4
 529 0038 04       		.byte	0x4
 530 0039 07       		.byte	0x7
 531 003a 9A010000 		.4byte	.LASF0
 532 003e 04       		.uleb128 0x4
 533 003f 08       		.byte	0x8
 534 0040 05       		.byte	0x5
 535 0041 00000000 		.4byte	.LASF1
 536 0045 04       		.uleb128 0x4
ARM GAS  C:\Users\wl\AppData\Local\Temp\cc48aeYK.s 			page 18


 537 0046 08       		.byte	0x8
 538 0047 04       		.byte	0x4
 539 0048 07030000 		.4byte	.LASF2
 540 004c 04       		.uleb128 0x4
 541 004d 01       		.byte	0x1
 542 004e 06       		.byte	0x6
 543 004f 13030000 		.4byte	.LASF3
 544 0053 04       		.uleb128 0x4
 545 0054 01       		.byte	0x1
 546 0055 08       		.byte	0x8
 547 0056 4E010000 		.4byte	.LASF4
 548 005a 04       		.uleb128 0x4
 549 005b 02       		.byte	0x2
 550 005c 05       		.byte	0x5
 551 005d DF020000 		.4byte	.LASF5
 552 0061 04       		.uleb128 0x4
 553 0062 02       		.byte	0x2
 554 0063 07       		.byte	0x7
 555 0064 80020000 		.4byte	.LASF6
 556 0068 04       		.uleb128 0x4
 557 0069 04       		.byte	0x4
 558 006a 05       		.byte	0x5
 559 006b FE020000 		.4byte	.LASF7
 560 006f 04       		.uleb128 0x4
 561 0070 04       		.byte	0x4
 562 0071 07       		.byte	0x7
 563 0072 1B010000 		.4byte	.LASF8
 564 0076 04       		.uleb128 0x4
 565 0077 08       		.byte	0x8
 566 0078 07       		.byte	0x7
 567 0079 BC010000 		.4byte	.LASF9
 568 007d 04       		.uleb128 0x4
 569 007e 04       		.byte	0x4
 570 007f 07       		.byte	0x7
 571 0080 77020000 		.4byte	.LASF10
 572 0084 05       		.uleb128 0x5
 573 0085 04       		.byte	0x4
 574 0086 04       		.uleb128 0x4
 575 0087 01       		.byte	0x1
 576 0088 08       		.byte	0x8
 577 0089 AF020000 		.4byte	.LASF11
 578 008d 06       		.uleb128 0x6
 579 008e 2D010000 		.4byte	.LASF13
 580 0092 03       		.byte	0x3
 581 0093 E401     		.2byte	0x1e4
 582 0095 53000000 		.4byte	0x53
 583 0099 06       		.uleb128 0x6
 584 009a 81010000 		.4byte	.LASF14
 585 009e 03       		.byte	0x3
 586 009f E501     		.2byte	0x1e5
 587 00a1 61000000 		.4byte	0x61
 588 00a5 06       		.uleb128 0x6
 589 00a6 93010000 		.4byte	.LASF15
 590 00aa 03       		.byte	0x3
 591 00ab E601     		.2byte	0x1e6
 592 00ad 6F000000 		.4byte	0x6f
 593 00b1 04       		.uleb128 0x4
ARM GAS  C:\Users\wl\AppData\Local\Temp\cc48aeYK.s 			page 19


 594 00b2 04       		.byte	0x4
 595 00b3 04       		.byte	0x4
 596 00b4 E3000000 		.4byte	.LASF16
 597 00b8 04       		.uleb128 0x4
 598 00b9 08       		.byte	0x8
 599 00ba 04       		.byte	0x4
 600 00bb 63010000 		.4byte	.LASF17
 601 00bf 06       		.uleb128 0x6
 602 00c0 16010000 		.4byte	.LASF18
 603 00c4 03       		.byte	0x3
 604 00c5 8E02     		.2byte	0x28e
 605 00c7 CB000000 		.4byte	0xcb
 606 00cb 07       		.uleb128 0x7
 607 00cc 8D000000 		.4byte	0x8d
 608 00d0 06       		.uleb128 0x6
 609 00d1 1C000000 		.4byte	.LASF19
 610 00d5 03       		.byte	0x3
 611 00d6 9002     		.2byte	0x290
 612 00d8 DC000000 		.4byte	0xdc
 613 00dc 07       		.uleb128 0x7
 614 00dd A5000000 		.4byte	0xa5
 615 00e1 08       		.uleb128 0x8
 616 00e2 02       		.byte	0x2
 617 00e3 01       		.byte	0x1
 618 00e4 97       		.byte	0x97
 619 00e5 02010000 		.4byte	0x102
 620 00e9 09       		.uleb128 0x9
 621 00ea D8020000 		.4byte	.LASF20
 622 00ee 01       		.byte	0x1
 623 00ef 99       		.byte	0x99
 624 00f0 8D000000 		.4byte	0x8d
 625 00f4 00       		.byte	0
 626 00f5 09       		.uleb128 0x9
 627 00f6 A8000000 		.4byte	.LASF21
 628 00fa 01       		.byte	0x1
 629 00fb 9A       		.byte	0x9a
 630 00fc 8D000000 		.4byte	0x8d
 631 0100 01       		.byte	0x1
 632 0101 00       		.byte	0
 633 0102 03       		.uleb128 0x3
 634 0103 C5020000 		.4byte	.LASF22
 635 0107 01       		.byte	0x1
 636 0108 9B       		.byte	0x9b
 637 0109 E1000000 		.4byte	0xe1
 638 010d 0A       		.uleb128 0xa
 639 010e 93020000 		.4byte	.LASF27
 640 0112 01       		.byte	0x1
 641 0113 AE       		.byte	0xae
 642 0114 00000000 		.4byte	.LFB5
 643 0118 32000000 		.4byte	.LFE5-.LFB5
 644 011c 01       		.uleb128 0x1
 645 011d 9C       		.byte	0x9c
 646 011e 7F010000 		.4byte	0x17f
 647 0122 0B       		.uleb128 0xb
 648 0123 76010000 		.4byte	.LASF23
 649 0127 01       		.byte	0x1
 650 0128 AE       		.byte	0xae
ARM GAS  C:\Users\wl\AppData\Local\Temp\cc48aeYK.s 			page 20


 651 0129 7F010000 		.4byte	0x17f
 652 012d 01       		.uleb128 0x1
 653 012e 50       		.byte	0x50
 654 012f 0B       		.uleb128 0xb
 655 0130 88010000 		.4byte	.LASF24
 656 0134 01       		.byte	0x1
 657 0135 AE       		.byte	0xae
 658 0136 8A010000 		.4byte	0x18a
 659 013a 01       		.uleb128 0x1
 660 013b 51       		.byte	0x51
 661 013c 0C       		.uleb128 0xc
 662 013d 6900     		.ascii	"i\000"
 663 013f 01       		.byte	0x1
 664 0140 B1       		.byte	0xb1
 665 0141 A5000000 		.4byte	0xa5
 666 0145 00000000 		.4byte	.LLST0
 667 0149 0C       		.uleb128 0xc
 668 014a 6A00     		.ascii	"j\000"
 669 014c 01       		.byte	0x1
 670 014d B1       		.byte	0xb1
 671 014e A5000000 		.4byte	0xa5
 672 0152 1F000000 		.4byte	.LLST1
 673 0156 0D       		.uleb128 0xd
 674 0157 08000000 		.4byte	.LBB2
 675 015b 22000000 		.4byte	.LBE2-.LBB2
 676 015f 0E       		.uleb128 0xe
 677 0160 6E020000 		.4byte	.LASF25
 678 0164 01       		.byte	0x1
 679 0165 B4       		.byte	0xb4
 680 0166 A5000000 		.4byte	0xa5
 681 016a 3E000000 		.4byte	.LLST2
 682 016e 0E       		.uleb128 0xe
 683 016f AE000000 		.4byte	.LASF26
 684 0173 01       		.byte	0x1
 685 0174 B5       		.byte	0xb5
 686 0175 8D000000 		.4byte	0x8d
 687 0179 51000000 		.4byte	.LLST3
 688 017d 00       		.byte	0
 689 017e 00       		.byte	0
 690 017f 0F       		.uleb128 0xf
 691 0180 04       		.byte	0x4
 692 0181 85010000 		.4byte	0x185
 693 0185 10       		.uleb128 0x10
 694 0186 A5000000 		.4byte	0xa5
 695 018a 0F       		.uleb128 0xf
 696 018b 04       		.byte	0x4
 697 018c 90010000 		.4byte	0x190
 698 0190 10       		.uleb128 0x10
 699 0191 02010000 		.4byte	0x102
 700 0195 11       		.uleb128 0x11
 701 0196 29000000 		.4byte	.LASF47
 702 019a 01       		.byte	0x1
 703 019b 1D01     		.2byte	0x11d
 704 019d 00000000 		.4byte	.LFB7
 705 01a1 20000000 		.4byte	.LFE7-.LFB7
 706 01a5 01       		.uleb128 0x1
 707 01a6 9C       		.byte	0x9c
ARM GAS  C:\Users\wl\AppData\Local\Temp\cc48aeYK.s 			page 21


 708 01a7 0A       		.uleb128 0xa
 709 01a8 44010000 		.4byte	.LASF28
 710 01ac 01       		.byte	0x1
 711 01ad 4C       		.byte	0x4c
 712 01ae 00000000 		.4byte	.LFB2
 713 01b2 0C000000 		.4byte	.LFE2-.LFB2
 714 01b6 01       		.uleb128 0x1
 715 01b7 9C       		.byte	0x9c
 716 01b8 F4010000 		.4byte	0x1f4
 717 01bc 12       		.uleb128 0x12
 718 01bd 7300     		.ascii	"s\000"
 719 01bf 01       		.byte	0x1
 720 01c0 4C       		.byte	0x4c
 721 01c1 84000000 		.4byte	0x84
 722 01c5 6F000000 		.4byte	.LLST4
 723 01c9 12       		.uleb128 0x12
 724 01ca 6E00     		.ascii	"n\000"
 725 01cc 01       		.byte	0x1
 726 01cd 4C       		.byte	0x4c
 727 01ce 2C000000 		.4byte	0x2c
 728 01d2 90000000 		.4byte	.LLST5
 729 01d6 13       		.uleb128 0x13
 730 01d7 0A000000 		.4byte	.LVL14
 731 01db EE030000 		.4byte	0x3ee
 732 01df 14       		.uleb128 0x14
 733 01e0 01       		.uleb128 0x1
 734 01e1 50       		.byte	0x50
 735 01e2 03       		.uleb128 0x3
 736 01e3 F3       		.byte	0xf3
 737 01e4 01       		.uleb128 0x1
 738 01e5 50       		.byte	0x50
 739 01e6 14       		.uleb128 0x14
 740 01e7 01       		.uleb128 0x1
 741 01e8 51       		.byte	0x51
 742 01e9 01       		.uleb128 0x1
 743 01ea 30       		.byte	0x30
 744 01eb 14       		.uleb128 0x14
 745 01ec 01       		.uleb128 0x1
 746 01ed 52       		.byte	0x52
 747 01ee 03       		.uleb128 0x3
 748 01ef F3       		.byte	0xf3
 749 01f0 01       		.uleb128 0x1
 750 01f1 51       		.byte	0x51
 751 01f2 00       		.byte	0
 752 01f3 00       		.byte	0
 753 01f4 0A       		.uleb128 0xa
 754 01f5 B4000000 		.4byte	.LASF29
 755 01f9 01       		.byte	0x1
 756 01fa D3       		.byte	0xd3
 757 01fb 00000000 		.4byte	.LFB6
 758 01ff F8000000 		.4byte	.LFE6-.LFB6
 759 0203 01       		.uleb128 0x1
 760 0204 9C       		.byte	0x9c
 761 0205 9D020000 		.4byte	0x29d
 762 0209 15       		.uleb128 0x15
 763 020a 0C000000 		.4byte	.LVL15
 764 020e F7030000 		.4byte	0x3f7
ARM GAS  C:\Users\wl\AppData\Local\Temp\cc48aeYK.s 			page 22


 765 0212 16       		.uleb128 0x16
 766 0213 12000000 		.4byte	.LVL16
 767 0217 02040000 		.4byte	0x402
 768 021b 29020000 		.4byte	0x229
 769 021f 14       		.uleb128 0x14
 770 0220 01       		.uleb128 0x1
 771 0221 50       		.byte	0x50
 772 0222 05       		.uleb128 0x5
 773 0223 0C       		.byte	0xc
 774 0224 001BB700 		.4byte	0xb71b00
 775 0228 00       		.byte	0
 776 0229 16       		.uleb128 0x16
 777 022a 18000000 		.4byte	.LVL17
 778 022e 0D040000 		.4byte	0x40d
 779 0232 3C020000 		.4byte	0x23c
 780 0236 14       		.uleb128 0x14
 781 0237 01       		.uleb128 0x1
 782 0238 50       		.byte	0x50
 783 0239 01       		.uleb128 0x1
 784 023a 31       		.byte	0x31
 785 023b 00       		.byte	0
 786 023c 16       		.uleb128 0x16
 787 023d 1E000000 		.4byte	.LVL18
 788 0241 18040000 		.4byte	0x418
 789 0245 50020000 		.4byte	0x250
 790 0249 14       		.uleb128 0x14
 791 024a 01       		.uleb128 0x1
 792 024b 50       		.byte	0x50
 793 024c 02       		.uleb128 0x2
 794 024d 08       		.byte	0x8
 795 024e 30       		.byte	0x30
 796 024f 00       		.byte	0
 797 0250 16       		.uleb128 0x16
 798 0251 54000000 		.4byte	.LVL19
 799 0255 23040000 		.4byte	0x423
 800 0259 65020000 		.4byte	0x265
 801 025d 14       		.uleb128 0x14
 802 025e 01       		.uleb128 0x1
 803 025f 50       		.byte	0x50
 804 0260 03       		.uleb128 0x3
 805 0261 0A       		.byte	0xa
 806 0262 D007     		.2byte	0x7d0
 807 0264 00       		.byte	0
 808 0265 16       		.uleb128 0x16
 809 0266 5A000000 		.4byte	.LVL20
 810 026a 2E040000 		.4byte	0x42e
 811 026e 7A020000 		.4byte	0x27a
 812 0272 14       		.uleb128 0x14
 813 0273 01       		.uleb128 0x1
 814 0274 50       		.byte	0x50
 815 0275 03       		.uleb128 0x3
 816 0276 0A       		.byte	0xa
 817 0277 DC05     		.2byte	0x5dc
 818 0279 00       		.byte	0
 819 027a 16       		.uleb128 0x16
 820 027b 96000000 		.4byte	.LVL21
 821 027f 39040000 		.4byte	0x439
ARM GAS  C:\Users\wl\AppData\Local\Temp\cc48aeYK.s 			page 23


 822 0283 8D020000 		.4byte	0x28d
 823 0287 14       		.uleb128 0x14
 824 0288 01       		.uleb128 0x1
 825 0289 50       		.byte	0x50
 826 028a 01       		.uleb128 0x1
 827 028b 38       		.byte	0x38
 828 028c 00       		.byte	0
 829 028d 13       		.uleb128 0x13
 830 028e 9C000000 		.4byte	.LVL22
 831 0292 44040000 		.4byte	0x444
 832 0296 14       		.uleb128 0x14
 833 0297 01       		.uleb128 0x1
 834 0298 50       		.byte	0x50
 835 0299 01       		.uleb128 0x1
 836 029a 38       		.byte	0x38
 837 029b 00       		.byte	0
 838 029c 00       		.byte	0
 839 029d 17       		.uleb128 0x17
 840 029e A7010000 		.4byte	.LASF48
 841 02a2 01       		.byte	0x1
 842 02a3 3801     		.2byte	0x138
 843 02a5 F8000000 		.4byte	.LFB8
 844 02a9 E0000000 		.4byte	.LFE8-.LFB8
 845 02ad 01       		.uleb128 0x1
 846 02ae 9C       		.byte	0x9c
 847 02af C4030000 		.4byte	0x3c4
 848 02b3 18       		.uleb128 0x18
 849 02b4 02010000 		.4byte	.LBB3
 850 02b8 6E000000 		.4byte	.LBE3-.LBB3
 851 02bc B1030000 		.4byte	0x3b1
 852 02c0 19       		.uleb128 0x19
 853 02c1 BF000000 		.4byte	.LASF30
 854 02c5 01       		.byte	0x1
 855 02c6 4001     		.2byte	0x140
 856 02c8 D4030000 		.4byte	0x3d4
 857 02cc 05       		.uleb128 0x5
 858 02cd 03       		.byte	0x3
 859 02ce 1C000000 		.4byte	cy_cfg_addr_table.4910
 860 02d2 19       		.uleb128 0x19
 861 02d3 D1000000 		.4byte	.LASF31
 862 02d7 01       		.byte	0x1
 863 02d8 4401     		.2byte	0x144
 864 02da E9030000 		.4byte	0x3e9
 865 02de 05       		.uleb128 0x5
 866 02df 03       		.byte	0x3
 867 02e0 0C000000 		.4byte	cy_cfg_data_table.4911
 868 02e4 1A       		.uleb128 0x1a
 869 02e5 06       		.byte	0x6
 870 02e6 01       		.byte	0x1
 871 02e7 5101     		.2byte	0x151
 872 02e9 08030000 		.4byte	0x308
 873 02ed 1B       		.uleb128 0x1b
 874 02ee B4010000 		.4byte	.LASF32
 875 02f2 01       		.byte	0x1
 876 02f3 5201     		.2byte	0x152
 877 02f5 84000000 		.4byte	0x84
 878 02f9 00       		.byte	0
ARM GAS  C:\Users\wl\AppData\Local\Temp\cc48aeYK.s 			page 24


 879 02fa 1B       		.uleb128 0x1b
 880 02fb F9000000 		.4byte	.LASF33
 881 02ff 01       		.byte	0x1
 882 0300 5301     		.2byte	0x153
 883 0302 99000000 		.4byte	0x99
 884 0306 04       		.byte	0x4
 885 0307 00       		.byte	0
 886 0308 06       		.uleb128 0x6
 887 0309 61020000 		.4byte	.LASF34
 888 030d 01       		.byte	0x1
 889 030e 5401     		.2byte	0x154
 890 0310 E4020000 		.4byte	0x2e4
 891 0314 1C       		.uleb128 0x1c
 892 0315 24030000 		.4byte	0x324
 893 0319 24030000 		.4byte	0x324
 894 031d 1D       		.uleb128 0x1d
 895 031e 7D000000 		.4byte	0x7d
 896 0322 01       		.byte	0x1
 897 0323 00       		.byte	0
 898 0324 10       		.uleb128 0x10
 899 0325 08030000 		.4byte	0x308
 900 0329 19       		.uleb128 0x19
 901 032a E9000000 		.4byte	.LASF35
 902 032e 01       		.byte	0x1
 903 032f 5601     		.2byte	0x156
 904 0331 3B030000 		.4byte	0x33b
 905 0335 05       		.uleb128 0x5
 906 0336 03       		.byte	0x3
 907 0337 00000000 		.4byte	cfg_memset_list.4916
 908 033b 10       		.uleb128 0x10
 909 033c 14030000 		.4byte	0x314
 910 0340 1E       		.uleb128 0x1e
 911 0341 6900     		.ascii	"i\000"
 912 0343 01       		.byte	0x1
 913 0344 5C01     		.2byte	0x15c
 914 0346 8D000000 		.4byte	0x8d
 915 034a BC000000 		.4byte	.LLST6
 916 034e 18       		.uleb128 0x18
 917 034f 06010000 		.4byte	.LBB4
 918 0353 1C000000 		.4byte	.LBE4-.LBB4
 919 0357 94030000 		.4byte	0x394
 920 035b 1E       		.uleb128 0x1e
 921 035c 6D7300   		.ascii	"ms\000"
 922 035f 01       		.byte	0x1
 923 0360 6101     		.2byte	0x161
 924 0362 6A030000 		.4byte	0x36a
 925 0366 E6000000 		.4byte	.LLST7
 926 036a 0F       		.uleb128 0xf
 927 036b 04       		.byte	0x4
 928 036c 24030000 		.4byte	0x324
 929 0370 13       		.uleb128 0x13
 930 0371 22010000 		.4byte	.LVL25
 931 0375 A7010000 		.4byte	0x1a7
 932 0379 14       		.uleb128 0x14
 933 037a 01       		.uleb128 0x1
 934 037b 51       		.byte	0x51
 935 037c 15       		.uleb128 0x15
ARM GAS  C:\Users\wl\AppData\Local\Temp\cc48aeYK.s 			page 25


 936 037d 74       		.byte	0x74
 937 037e 00       		.sleb128 0
 938 037f 31       		.byte	0x31
 939 0380 24       		.byte	0x24
 940 0381 74       		.byte	0x74
 941 0382 00       		.sleb128 0
 942 0383 22       		.byte	0x22
 943 0384 31       		.byte	0x31
 944 0385 24       		.byte	0x24
 945 0386 03       		.byte	0x3
 946 0387 04000000 		.4byte	.LANCHOR0+4
 947 038b 22       		.byte	0x22
 948 038c 94       		.byte	0x94
 949 038d 02       		.byte	0x2
 950 038e 0A       		.byte	0xa
 951 038f FFFF     		.2byte	0xffff
 952 0391 1A       		.byte	0x1a
 953 0392 00       		.byte	0
 954 0393 00       		.byte	0
 955 0394 13       		.uleb128 0x13
 956 0395 36010000 		.4byte	.LVL28
 957 0399 0D010000 		.4byte	0x10d
 958 039d 14       		.uleb128 0x14
 959 039e 01       		.uleb128 0x1
 960 039f 50       		.byte	0x50
 961 03a0 05       		.uleb128 0x5
 962 03a1 03       		.byte	0x3
 963 03a2 1C000000 		.4byte	.LANCHOR0+28
 964 03a6 14       		.uleb128 0x14
 965 03a7 01       		.uleb128 0x1
 966 03a8 51       		.byte	0x51
 967 03a9 05       		.uleb128 0x5
 968 03aa 03       		.byte	0x3
 969 03ab 0C000000 		.4byte	.LANCHOR0+12
 970 03af 00       		.byte	0
 971 03b0 00       		.byte	0
 972 03b1 15       		.uleb128 0x15
 973 03b2 92010000 		.4byte	.LVL29
 974 03b6 F4010000 		.4byte	0x1f4
 975 03ba 15       		.uleb128 0x15
 976 03bb 96010000 		.4byte	.LVL30
 977 03bf 95010000 		.4byte	0x195
 978 03c3 00       		.byte	0
 979 03c4 1C       		.uleb128 0x1c
 980 03c5 85010000 		.4byte	0x185
 981 03c9 D4030000 		.4byte	0x3d4
 982 03cd 1D       		.uleb128 0x1d
 983 03ce 7D000000 		.4byte	0x7d
 984 03d2 00       		.byte	0
 985 03d3 00       		.byte	0
 986 03d4 10       		.uleb128 0x10
 987 03d5 C4030000 		.4byte	0x3c4
 988 03d9 1C       		.uleb128 0x1c
 989 03da 90010000 		.4byte	0x190
 990 03de E9030000 		.4byte	0x3e9
 991 03e2 1D       		.uleb128 0x1d
 992 03e3 7D000000 		.4byte	0x7d
ARM GAS  C:\Users\wl\AppData\Local\Temp\cc48aeYK.s 			page 26


 993 03e7 07       		.byte	0x7
 994 03e8 00       		.byte	0
 995 03e9 10       		.uleb128 0x10
 996 03ea D9030000 		.4byte	0x3d9
 997 03ee 1F       		.uleb128 0x1f
 998 03ef 5C010000 		.4byte	.LASF49
 999 03f3 5C010000 		.4byte	.LASF49
 1000 03f7 20       		.uleb128 0x20
 1001 03f8 33010000 		.4byte	.LASF36
 1002 03fc 33010000 		.4byte	.LASF36
 1003 0400 04       		.byte	0x4
 1004 0401 4E       		.byte	0x4e
 1005 0402 20       		.uleb128 0x20
 1006 0403 0E000000 		.4byte	.LASF37
 1007 0407 0E000000 		.4byte	.LASF37
 1008 040b 05       		.byte	0x5
 1009 040c DC       		.byte	0xdc
 1010 040d 20       		.uleb128 0x20
 1011 040e FE000000 		.4byte	.LASF38
 1012 0412 FE000000 		.4byte	.LASF38
 1013 0416 04       		.byte	0x4
 1014 0417 50       		.byte	0x50
 1015 0418 20       		.uleb128 0x20
 1016 0419 E9020000 		.4byte	.LASF39
 1017 041d E9020000 		.4byte	.LASF39
 1018 0421 05       		.byte	0x5
 1019 0422 6C       		.byte	0x6c
 1020 0423 20       		.uleb128 0x20
 1021 0424 B4020000 		.4byte	.LASF40
 1022 0428 B4020000 		.4byte	.LASF40
 1023 042c 05       		.byte	0x5
 1024 042d 84       		.byte	0x84
 1025 042e 20       		.uleb128 0x20
 1026 042f A5020000 		.4byte	.LASF41
 1027 0433 A5020000 		.4byte	.LASF41
 1028 0437 05       		.byte	0x5
 1029 0438 DA       		.byte	0xda
 1030 0439 20       		.uleb128 0x20
 1031 043a 99000000 		.4byte	.LASF42
 1032 043e 99000000 		.4byte	.LASF42
 1033 0442 05       		.byte	0x5
 1034 0443 BD       		.byte	0xbd
 1035 0444 20       		.uleb128 0x20
 1036 0445 6A010000 		.4byte	.LASF43
 1037 0449 6A010000 		.4byte	.LASF43
 1038 044d 05       		.byte	0x5
 1039 044e C3       		.byte	0xc3
 1040 044f 00       		.byte	0
 1041              		.section	.debug_abbrev,"",%progbits
 1042              	.Ldebug_abbrev0:
 1043 0000 01       		.uleb128 0x1
 1044 0001 11       		.uleb128 0x11
 1045 0002 01       		.byte	0x1
 1046 0003 25       		.uleb128 0x25
 1047 0004 0E       		.uleb128 0xe
 1048 0005 13       		.uleb128 0x13
 1049 0006 0B       		.uleb128 0xb
ARM GAS  C:\Users\wl\AppData\Local\Temp\cc48aeYK.s 			page 27


 1050 0007 03       		.uleb128 0x3
 1051 0008 0E       		.uleb128 0xe
 1052 0009 1B       		.uleb128 0x1b
 1053 000a 0E       		.uleb128 0xe
 1054 000b 55       		.uleb128 0x55
 1055 000c 17       		.uleb128 0x17
 1056 000d 11       		.uleb128 0x11
 1057 000e 01       		.uleb128 0x1
 1058 000f 10       		.uleb128 0x10
 1059 0010 17       		.uleb128 0x17
 1060 0011 00       		.byte	0
 1061 0012 00       		.byte	0
 1062 0013 02       		.uleb128 0x2
 1063 0014 24       		.uleb128 0x24
 1064 0015 00       		.byte	0
 1065 0016 0B       		.uleb128 0xb
 1066 0017 0B       		.uleb128 0xb
 1067 0018 3E       		.uleb128 0x3e
 1068 0019 0B       		.uleb128 0xb
 1069 001a 03       		.uleb128 0x3
 1070 001b 08       		.uleb128 0x8
 1071 001c 00       		.byte	0
 1072 001d 00       		.byte	0
 1073 001e 03       		.uleb128 0x3
 1074 001f 16       		.uleb128 0x16
 1075 0020 00       		.byte	0
 1076 0021 03       		.uleb128 0x3
 1077 0022 0E       		.uleb128 0xe
 1078 0023 3A       		.uleb128 0x3a
 1079 0024 0B       		.uleb128 0xb
 1080 0025 3B       		.uleb128 0x3b
 1081 0026 0B       		.uleb128 0xb
 1082 0027 49       		.uleb128 0x49
 1083 0028 13       		.uleb128 0x13
 1084 0029 00       		.byte	0
 1085 002a 00       		.byte	0
 1086 002b 04       		.uleb128 0x4
 1087 002c 24       		.uleb128 0x24
 1088 002d 00       		.byte	0
 1089 002e 0B       		.uleb128 0xb
 1090 002f 0B       		.uleb128 0xb
 1091 0030 3E       		.uleb128 0x3e
 1092 0031 0B       		.uleb128 0xb
 1093 0032 03       		.uleb128 0x3
 1094 0033 0E       		.uleb128 0xe
 1095 0034 00       		.byte	0
 1096 0035 00       		.byte	0
 1097 0036 05       		.uleb128 0x5
 1098 0037 0F       		.uleb128 0xf
 1099 0038 00       		.byte	0
 1100 0039 0B       		.uleb128 0xb
 1101 003a 0B       		.uleb128 0xb
 1102 003b 00       		.byte	0
 1103 003c 00       		.byte	0
 1104 003d 06       		.uleb128 0x6
 1105 003e 16       		.uleb128 0x16
 1106 003f 00       		.byte	0
ARM GAS  C:\Users\wl\AppData\Local\Temp\cc48aeYK.s 			page 28


 1107 0040 03       		.uleb128 0x3
 1108 0041 0E       		.uleb128 0xe
 1109 0042 3A       		.uleb128 0x3a
 1110 0043 0B       		.uleb128 0xb
 1111 0044 3B       		.uleb128 0x3b
 1112 0045 05       		.uleb128 0x5
 1113 0046 49       		.uleb128 0x49
 1114 0047 13       		.uleb128 0x13
 1115 0048 00       		.byte	0
 1116 0049 00       		.byte	0
 1117 004a 07       		.uleb128 0x7
 1118 004b 35       		.uleb128 0x35
 1119 004c 00       		.byte	0
 1120 004d 49       		.uleb128 0x49
 1121 004e 13       		.uleb128 0x13
 1122 004f 00       		.byte	0
 1123 0050 00       		.byte	0
 1124 0051 08       		.uleb128 0x8
 1125 0052 13       		.uleb128 0x13
 1126 0053 01       		.byte	0x1
 1127 0054 0B       		.uleb128 0xb
 1128 0055 0B       		.uleb128 0xb
 1129 0056 3A       		.uleb128 0x3a
 1130 0057 0B       		.uleb128 0xb
 1131 0058 3B       		.uleb128 0x3b
 1132 0059 0B       		.uleb128 0xb
 1133 005a 01       		.uleb128 0x1
 1134 005b 13       		.uleb128 0x13
 1135 005c 00       		.byte	0
 1136 005d 00       		.byte	0
 1137 005e 09       		.uleb128 0x9
 1138 005f 0D       		.uleb128 0xd
 1139 0060 00       		.byte	0
 1140 0061 03       		.uleb128 0x3
 1141 0062 0E       		.uleb128 0xe
 1142 0063 3A       		.uleb128 0x3a
 1143 0064 0B       		.uleb128 0xb
 1144 0065 3B       		.uleb128 0x3b
 1145 0066 0B       		.uleb128 0xb
 1146 0067 49       		.uleb128 0x49
 1147 0068 13       		.uleb128 0x13
 1148 0069 38       		.uleb128 0x38
 1149 006a 0B       		.uleb128 0xb
 1150 006b 00       		.byte	0
 1151 006c 00       		.byte	0
 1152 006d 0A       		.uleb128 0xa
 1153 006e 2E       		.uleb128 0x2e
 1154 006f 01       		.byte	0x1
 1155 0070 03       		.uleb128 0x3
 1156 0071 0E       		.uleb128 0xe
 1157 0072 3A       		.uleb128 0x3a
 1158 0073 0B       		.uleb128 0xb
 1159 0074 3B       		.uleb128 0x3b
 1160 0075 0B       		.uleb128 0xb
 1161 0076 27       		.uleb128 0x27
 1162 0077 19       		.uleb128 0x19
 1163 0078 11       		.uleb128 0x11
ARM GAS  C:\Users\wl\AppData\Local\Temp\cc48aeYK.s 			page 29


 1164 0079 01       		.uleb128 0x1
 1165 007a 12       		.uleb128 0x12
 1166 007b 06       		.uleb128 0x6
 1167 007c 40       		.uleb128 0x40
 1168 007d 18       		.uleb128 0x18
 1169 007e 9742     		.uleb128 0x2117
 1170 0080 19       		.uleb128 0x19
 1171 0081 01       		.uleb128 0x1
 1172 0082 13       		.uleb128 0x13
 1173 0083 00       		.byte	0
 1174 0084 00       		.byte	0
 1175 0085 0B       		.uleb128 0xb
 1176 0086 05       		.uleb128 0x5
 1177 0087 00       		.byte	0
 1178 0088 03       		.uleb128 0x3
 1179 0089 0E       		.uleb128 0xe
 1180 008a 3A       		.uleb128 0x3a
 1181 008b 0B       		.uleb128 0xb
 1182 008c 3B       		.uleb128 0x3b
 1183 008d 0B       		.uleb128 0xb
 1184 008e 49       		.uleb128 0x49
 1185 008f 13       		.uleb128 0x13
 1186 0090 02       		.uleb128 0x2
 1187 0091 18       		.uleb128 0x18
 1188 0092 00       		.byte	0
 1189 0093 00       		.byte	0
 1190 0094 0C       		.uleb128 0xc
 1191 0095 34       		.uleb128 0x34
 1192 0096 00       		.byte	0
 1193 0097 03       		.uleb128 0x3
 1194 0098 08       		.uleb128 0x8
 1195 0099 3A       		.uleb128 0x3a
 1196 009a 0B       		.uleb128 0xb
 1197 009b 3B       		.uleb128 0x3b
 1198 009c 0B       		.uleb128 0xb
 1199 009d 49       		.uleb128 0x49
 1200 009e 13       		.uleb128 0x13
 1201 009f 02       		.uleb128 0x2
 1202 00a0 17       		.uleb128 0x17
 1203 00a1 00       		.byte	0
 1204 00a2 00       		.byte	0
 1205 00a3 0D       		.uleb128 0xd
 1206 00a4 0B       		.uleb128 0xb
 1207 00a5 01       		.byte	0x1
 1208 00a6 11       		.uleb128 0x11
 1209 00a7 01       		.uleb128 0x1
 1210 00a8 12       		.uleb128 0x12
 1211 00a9 06       		.uleb128 0x6
 1212 00aa 00       		.byte	0
 1213 00ab 00       		.byte	0
 1214 00ac 0E       		.uleb128 0xe
 1215 00ad 34       		.uleb128 0x34
 1216 00ae 00       		.byte	0
 1217 00af 03       		.uleb128 0x3
 1218 00b0 0E       		.uleb128 0xe
 1219 00b1 3A       		.uleb128 0x3a
 1220 00b2 0B       		.uleb128 0xb
ARM GAS  C:\Users\wl\AppData\Local\Temp\cc48aeYK.s 			page 30


 1221 00b3 3B       		.uleb128 0x3b
 1222 00b4 0B       		.uleb128 0xb
 1223 00b5 49       		.uleb128 0x49
 1224 00b6 13       		.uleb128 0x13
 1225 00b7 02       		.uleb128 0x2
 1226 00b8 17       		.uleb128 0x17
 1227 00b9 00       		.byte	0
 1228 00ba 00       		.byte	0
 1229 00bb 0F       		.uleb128 0xf
 1230 00bc 0F       		.uleb128 0xf
 1231 00bd 00       		.byte	0
 1232 00be 0B       		.uleb128 0xb
 1233 00bf 0B       		.uleb128 0xb
 1234 00c0 49       		.uleb128 0x49
 1235 00c1 13       		.uleb128 0x13
 1236 00c2 00       		.byte	0
 1237 00c3 00       		.byte	0
 1238 00c4 10       		.uleb128 0x10
 1239 00c5 26       		.uleb128 0x26
 1240 00c6 00       		.byte	0
 1241 00c7 49       		.uleb128 0x49
 1242 00c8 13       		.uleb128 0x13
 1243 00c9 00       		.byte	0
 1244 00ca 00       		.byte	0
 1245 00cb 11       		.uleb128 0x11
 1246 00cc 2E       		.uleb128 0x2e
 1247 00cd 00       		.byte	0
 1248 00ce 03       		.uleb128 0x3
 1249 00cf 0E       		.uleb128 0xe
 1250 00d0 3A       		.uleb128 0x3a
 1251 00d1 0B       		.uleb128 0xb
 1252 00d2 3B       		.uleb128 0x3b
 1253 00d3 05       		.uleb128 0x5
 1254 00d4 27       		.uleb128 0x27
 1255 00d5 19       		.uleb128 0x19
 1256 00d6 11       		.uleb128 0x11
 1257 00d7 01       		.uleb128 0x1
 1258 00d8 12       		.uleb128 0x12
 1259 00d9 06       		.uleb128 0x6
 1260 00da 40       		.uleb128 0x40
 1261 00db 18       		.uleb128 0x18
 1262 00dc 9742     		.uleb128 0x2117
 1263 00de 19       		.uleb128 0x19
 1264 00df 00       		.byte	0
 1265 00e0 00       		.byte	0
 1266 00e1 12       		.uleb128 0x12
 1267 00e2 05       		.uleb128 0x5
 1268 00e3 00       		.byte	0
 1269 00e4 03       		.uleb128 0x3
 1270 00e5 08       		.uleb128 0x8
 1271 00e6 3A       		.uleb128 0x3a
 1272 00e7 0B       		.uleb128 0xb
 1273 00e8 3B       		.uleb128 0x3b
 1274 00e9 0B       		.uleb128 0xb
 1275 00ea 49       		.uleb128 0x49
 1276 00eb 13       		.uleb128 0x13
 1277 00ec 02       		.uleb128 0x2
ARM GAS  C:\Users\wl\AppData\Local\Temp\cc48aeYK.s 			page 31


 1278 00ed 17       		.uleb128 0x17
 1279 00ee 00       		.byte	0
 1280 00ef 00       		.byte	0
 1281 00f0 13       		.uleb128 0x13
 1282 00f1 898201   		.uleb128 0x4109
 1283 00f4 01       		.byte	0x1
 1284 00f5 11       		.uleb128 0x11
 1285 00f6 01       		.uleb128 0x1
 1286 00f7 31       		.uleb128 0x31
 1287 00f8 13       		.uleb128 0x13
 1288 00f9 00       		.byte	0
 1289 00fa 00       		.byte	0
 1290 00fb 14       		.uleb128 0x14
 1291 00fc 8A8201   		.uleb128 0x410a
 1292 00ff 00       		.byte	0
 1293 0100 02       		.uleb128 0x2
 1294 0101 18       		.uleb128 0x18
 1295 0102 9142     		.uleb128 0x2111
 1296 0104 18       		.uleb128 0x18
 1297 0105 00       		.byte	0
 1298 0106 00       		.byte	0
 1299 0107 15       		.uleb128 0x15
 1300 0108 898201   		.uleb128 0x4109
 1301 010b 00       		.byte	0
 1302 010c 11       		.uleb128 0x11
 1303 010d 01       		.uleb128 0x1
 1304 010e 31       		.uleb128 0x31
 1305 010f 13       		.uleb128 0x13
 1306 0110 00       		.byte	0
 1307 0111 00       		.byte	0
 1308 0112 16       		.uleb128 0x16
 1309 0113 898201   		.uleb128 0x4109
 1310 0116 01       		.byte	0x1
 1311 0117 11       		.uleb128 0x11
 1312 0118 01       		.uleb128 0x1
 1313 0119 31       		.uleb128 0x31
 1314 011a 13       		.uleb128 0x13
 1315 011b 01       		.uleb128 0x1
 1316 011c 13       		.uleb128 0x13
 1317 011d 00       		.byte	0
 1318 011e 00       		.byte	0
 1319 011f 17       		.uleb128 0x17
 1320 0120 2E       		.uleb128 0x2e
 1321 0121 01       		.byte	0x1
 1322 0122 3F       		.uleb128 0x3f
 1323 0123 19       		.uleb128 0x19
 1324 0124 03       		.uleb128 0x3
 1325 0125 0E       		.uleb128 0xe
 1326 0126 3A       		.uleb128 0x3a
 1327 0127 0B       		.uleb128 0xb
 1328 0128 3B       		.uleb128 0x3b
 1329 0129 05       		.uleb128 0x5
 1330 012a 27       		.uleb128 0x27
 1331 012b 19       		.uleb128 0x19
 1332 012c 11       		.uleb128 0x11
 1333 012d 01       		.uleb128 0x1
 1334 012e 12       		.uleb128 0x12
ARM GAS  C:\Users\wl\AppData\Local\Temp\cc48aeYK.s 			page 32


 1335 012f 06       		.uleb128 0x6
 1336 0130 40       		.uleb128 0x40
 1337 0131 18       		.uleb128 0x18
 1338 0132 9742     		.uleb128 0x2117
 1339 0134 19       		.uleb128 0x19
 1340 0135 01       		.uleb128 0x1
 1341 0136 13       		.uleb128 0x13
 1342 0137 00       		.byte	0
 1343 0138 00       		.byte	0
 1344 0139 18       		.uleb128 0x18
 1345 013a 0B       		.uleb128 0xb
 1346 013b 01       		.byte	0x1
 1347 013c 11       		.uleb128 0x11
 1348 013d 01       		.uleb128 0x1
 1349 013e 12       		.uleb128 0x12
 1350 013f 06       		.uleb128 0x6
 1351 0140 01       		.uleb128 0x1
 1352 0141 13       		.uleb128 0x13
 1353 0142 00       		.byte	0
 1354 0143 00       		.byte	0
 1355 0144 19       		.uleb128 0x19
 1356 0145 34       		.uleb128 0x34
 1357 0146 00       		.byte	0
 1358 0147 03       		.uleb128 0x3
 1359 0148 0E       		.uleb128 0xe
 1360 0149 3A       		.uleb128 0x3a
 1361 014a 0B       		.uleb128 0xb
 1362 014b 3B       		.uleb128 0x3b
 1363 014c 05       		.uleb128 0x5
 1364 014d 49       		.uleb128 0x49
 1365 014e 13       		.uleb128 0x13
 1366 014f 02       		.uleb128 0x2
 1367 0150 18       		.uleb128 0x18
 1368 0151 00       		.byte	0
 1369 0152 00       		.byte	0
 1370 0153 1A       		.uleb128 0x1a
 1371 0154 13       		.uleb128 0x13
 1372 0155 01       		.byte	0x1
 1373 0156 0B       		.uleb128 0xb
 1374 0157 0B       		.uleb128 0xb
 1375 0158 3A       		.uleb128 0x3a
 1376 0159 0B       		.uleb128 0xb
 1377 015a 3B       		.uleb128 0x3b
 1378 015b 05       		.uleb128 0x5
 1379 015c 01       		.uleb128 0x1
 1380 015d 13       		.uleb128 0x13
 1381 015e 00       		.byte	0
 1382 015f 00       		.byte	0
 1383 0160 1B       		.uleb128 0x1b
 1384 0161 0D       		.uleb128 0xd
 1385 0162 00       		.byte	0
 1386 0163 03       		.uleb128 0x3
 1387 0164 0E       		.uleb128 0xe
 1388 0165 3A       		.uleb128 0x3a
 1389 0166 0B       		.uleb128 0xb
 1390 0167 3B       		.uleb128 0x3b
 1391 0168 05       		.uleb128 0x5
ARM GAS  C:\Users\wl\AppData\Local\Temp\cc48aeYK.s 			page 33


 1392 0169 49       		.uleb128 0x49
 1393 016a 13       		.uleb128 0x13
 1394 016b 38       		.uleb128 0x38
 1395 016c 0B       		.uleb128 0xb
 1396 016d 00       		.byte	0
 1397 016e 00       		.byte	0
 1398 016f 1C       		.uleb128 0x1c
 1399 0170 01       		.uleb128 0x1
 1400 0171 01       		.byte	0x1
 1401 0172 49       		.uleb128 0x49
 1402 0173 13       		.uleb128 0x13
 1403 0174 01       		.uleb128 0x1
 1404 0175 13       		.uleb128 0x13
 1405 0176 00       		.byte	0
 1406 0177 00       		.byte	0
 1407 0178 1D       		.uleb128 0x1d
 1408 0179 21       		.uleb128 0x21
 1409 017a 00       		.byte	0
 1410 017b 49       		.uleb128 0x49
 1411 017c 13       		.uleb128 0x13
 1412 017d 2F       		.uleb128 0x2f
 1413 017e 0B       		.uleb128 0xb
 1414 017f 00       		.byte	0
 1415 0180 00       		.byte	0
 1416 0181 1E       		.uleb128 0x1e
 1417 0182 34       		.uleb128 0x34
 1418 0183 00       		.byte	0
 1419 0184 03       		.uleb128 0x3
 1420 0185 08       		.uleb128 0x8
 1421 0186 3A       		.uleb128 0x3a
 1422 0187 0B       		.uleb128 0xb
 1423 0188 3B       		.uleb128 0x3b
 1424 0189 05       		.uleb128 0x5
 1425 018a 49       		.uleb128 0x49
 1426 018b 13       		.uleb128 0x13
 1427 018c 02       		.uleb128 0x2
 1428 018d 17       		.uleb128 0x17
 1429 018e 00       		.byte	0
 1430 018f 00       		.byte	0
 1431 0190 1F       		.uleb128 0x1f
 1432 0191 2E       		.uleb128 0x2e
 1433 0192 00       		.byte	0
 1434 0193 3F       		.uleb128 0x3f
 1435 0194 19       		.uleb128 0x19
 1436 0195 3C       		.uleb128 0x3c
 1437 0196 19       		.uleb128 0x19
 1438 0197 6E       		.uleb128 0x6e
 1439 0198 0E       		.uleb128 0xe
 1440 0199 03       		.uleb128 0x3
 1441 019a 0E       		.uleb128 0xe
 1442 019b 00       		.byte	0
 1443 019c 00       		.byte	0
 1444 019d 20       		.uleb128 0x20
 1445 019e 2E       		.uleb128 0x2e
 1446 019f 00       		.byte	0
 1447 01a0 3F       		.uleb128 0x3f
 1448 01a1 19       		.uleb128 0x19
ARM GAS  C:\Users\wl\AppData\Local\Temp\cc48aeYK.s 			page 34


 1449 01a2 3C       		.uleb128 0x3c
 1450 01a3 19       		.uleb128 0x19
 1451 01a4 6E       		.uleb128 0x6e
 1452 01a5 0E       		.uleb128 0xe
 1453 01a6 03       		.uleb128 0x3
 1454 01a7 0E       		.uleb128 0xe
 1455 01a8 3A       		.uleb128 0x3a
 1456 01a9 0B       		.uleb128 0xb
 1457 01aa 3B       		.uleb128 0x3b
 1458 01ab 0B       		.uleb128 0xb
 1459 01ac 00       		.byte	0
 1460 01ad 00       		.byte	0
 1461 01ae 00       		.byte	0
 1462              		.section	.debug_loc,"",%progbits
 1463              	.Ldebug_loc0:
 1464              	.LLST0:
 1465 0000 02000000 		.4byte	.LVL1
 1466 0004 08000000 		.4byte	.LVL2
 1467 0008 0200     		.2byte	0x2
 1468 000a 30       		.byte	0x30
 1469 000b 9F       		.byte	0x9f
 1470 000c 08000000 		.4byte	.LVL2
 1471 0010 30000000 		.4byte	.LVL11
 1472 0014 0100     		.2byte	0x1
 1473 0016 57       		.byte	0x57
 1474 0017 00000000 		.4byte	0
 1475 001b 00000000 		.4byte	0
 1476              	.LLST1:
 1477 001f 02000000 		.4byte	.LVL1
 1478 0023 08000000 		.4byte	.LVL2
 1479 0027 0200     		.2byte	0x2
 1480 0029 30       		.byte	0x30
 1481 002a 9F       		.byte	0x9f
 1482 002b 08000000 		.4byte	.LVL2
 1483 002f 30000000 		.4byte	.LVL10
 1484 0033 0100     		.2byte	0x1
 1485 0035 55       		.byte	0x55
 1486 0036 00000000 		.4byte	0
 1487 003a 00000000 		.4byte	0
 1488              	.LLST2:
 1489 003e 0C000000 		.4byte	.LVL3
 1490 0042 2C000000 		.4byte	.LVL9
 1491 0046 0100     		.2byte	0x1
 1492 0048 56       		.byte	0x56
 1493 0049 00000000 		.4byte	0
 1494 004d 00000000 		.4byte	0
 1495              	.LLST3:
 1496 0051 0E000000 		.4byte	.LVL4
 1497 0055 24000000 		.4byte	.LVL7
 1498 0059 0100     		.2byte	0x1
 1499 005b 53       		.byte	0x53
 1500 005c 26000000 		.4byte	.LVL8
 1501 0060 2C000000 		.4byte	.LVL9
 1502 0064 0100     		.2byte	0x1
 1503 0066 53       		.byte	0x53
 1504 0067 00000000 		.4byte	0
 1505 006b 00000000 		.4byte	0
ARM GAS  C:\Users\wl\AppData\Local\Temp\cc48aeYK.s 			page 35


 1506              	.LLST4:
 1507 006f 00000000 		.4byte	.LVL12
 1508 0073 09000000 		.4byte	.LVL14-1
 1509 0077 0100     		.2byte	0x1
 1510 0079 50       		.byte	0x50
 1511 007a 09000000 		.4byte	.LVL14-1
 1512 007e 0C000000 		.4byte	.LFE2
 1513 0082 0400     		.2byte	0x4
 1514 0084 F3       		.byte	0xf3
 1515 0085 01       		.uleb128 0x1
 1516 0086 50       		.byte	0x50
 1517 0087 9F       		.byte	0x9f
 1518 0088 00000000 		.4byte	0
 1519 008c 00000000 		.4byte	0
 1520              	.LLST5:
 1521 0090 00000000 		.4byte	.LVL12
 1522 0094 06000000 		.4byte	.LVL13
 1523 0098 0100     		.2byte	0x1
 1524 009a 51       		.byte	0x51
 1525 009b 06000000 		.4byte	.LVL13
 1526 009f 09000000 		.4byte	.LVL14-1
 1527 00a3 0100     		.2byte	0x1
 1528 00a5 52       		.byte	0x52
 1529 00a6 09000000 		.4byte	.LVL14-1
 1530 00aa 0C000000 		.4byte	.LFE2
 1531 00ae 0400     		.2byte	0x4
 1532 00b0 F3       		.byte	0xf3
 1533 00b1 01       		.uleb128 0x1
 1534 00b2 51       		.byte	0x51
 1535 00b3 9F       		.byte	0x9f
 1536 00b4 00000000 		.4byte	0
 1537 00b8 00000000 		.4byte	0
 1538              	.LLST6:
 1539 00bc 02010000 		.4byte	.LVL23
 1540 00c0 06010000 		.4byte	.LVL24
 1541 00c4 0200     		.2byte	0x2
 1542 00c6 30       		.byte	0x30
 1543 00c7 9F       		.byte	0x9f
 1544 00c8 06010000 		.4byte	.LVL24
 1545 00cc 24010000 		.4byte	.LVL26
 1546 00d0 0100     		.2byte	0x1
 1547 00d2 54       		.byte	0x54
 1548 00d3 26010000 		.4byte	.LVL27
 1549 00d7 96010000 		.4byte	.LVL31
 1550 00db 0100     		.2byte	0x1
 1551 00dd 54       		.byte	0x54
 1552 00de 00000000 		.4byte	0
 1553 00e2 00000000 		.4byte	0
 1554              	.LLST7:
 1555 00e6 06010000 		.4byte	.LVL24
 1556 00ea 24010000 		.4byte	.LVL26
 1557 00ee 0B00     		.2byte	0xb
 1558 00f0 74       		.byte	0x74
 1559 00f1 00       		.sleb128 0
 1560 00f2 36       		.byte	0x36
 1561 00f3 1E       		.byte	0x1e
 1562 00f4 03       		.byte	0x3
ARM GAS  C:\Users\wl\AppData\Local\Temp\cc48aeYK.s 			page 36


 1563 00f5 00000000 		.4byte	cfg_memset_list.4916
 1564 00f9 22       		.byte	0x22
 1565 00fa 9F       		.byte	0x9f
 1566 00fb 24010000 		.4byte	.LVL26
 1567 00ff 26010000 		.4byte	.LVL27
 1568 0103 0B00     		.2byte	0xb
 1569 0105 74       		.byte	0x74
 1570 0106 7F       		.sleb128 -1
 1571 0107 36       		.byte	0x36
 1572 0108 1E       		.byte	0x1e
 1573 0109 03       		.byte	0x3
 1574 010a 00000000 		.4byte	cfg_memset_list.4916
 1575 010e 22       		.byte	0x22
 1576 010f 9F       		.byte	0x9f
 1577 0110 00000000 		.4byte	0
 1578 0114 00000000 		.4byte	0
 1579              		.section	.debug_aranges,"",%progbits
 1580 0000 3C000000 		.4byte	0x3c
 1581 0004 0200     		.2byte	0x2
 1582 0006 00000000 		.4byte	.Ldebug_info0
 1583 000a 04       		.byte	0x4
 1584 000b 00       		.byte	0
 1585 000c 0000     		.2byte	0
 1586 000e 0000     		.2byte	0
 1587 0010 00000000 		.4byte	.LFB5
 1588 0014 32000000 		.4byte	.LFE5-.LFB5
 1589 0018 00000000 		.4byte	.LFB7
 1590 001c 20000000 		.4byte	.LFE7-.LFB7
 1591 0020 00000000 		.4byte	.LFB2
 1592 0024 0C000000 		.4byte	.LFE2-.LFB2
 1593 0028 00000000 		.4byte	.LFB6
 1594 002c F8000000 		.4byte	.LFE6-.LFB6
 1595 0030 F8000000 		.4byte	.LFB8
 1596 0034 E0000000 		.4byte	.LFE8-.LFB8
 1597 0038 00000000 		.4byte	0
 1598 003c 00000000 		.4byte	0
 1599              		.section	.debug_ranges,"",%progbits
 1600              	.Ldebug_ranges0:
 1601 0000 00000000 		.4byte	.LFB5
 1602 0004 32000000 		.4byte	.LFE5
 1603 0008 00000000 		.4byte	.LFB7
 1604 000c 20000000 		.4byte	.LFE7
 1605 0010 00000000 		.4byte	.LFB2
 1606 0014 0C000000 		.4byte	.LFE2
 1607 0018 00000000 		.4byte	.LFB6
 1608 001c F8000000 		.4byte	.LFE6
 1609 0020 F8000000 		.4byte	.LFB8
 1610 0024 D8010000 		.4byte	.LFE8
 1611 0028 00000000 		.4byte	0
 1612 002c 00000000 		.4byte	0
 1613              		.section	.debug_line,"",%progbits
 1614              	.Ldebug_line0:
 1615 0000 8D010000 		.section	.debug_str,"MS",%progbits,1
 1615      0200E300 
 1615      00000201 
 1615      FB0E0D00 
 1615      01010101 
ARM GAS  C:\Users\wl\AppData\Local\Temp\cc48aeYK.s 			page 37


 1616              	.LASF1:
 1617 0000 6C6F6E67 		.ascii	"long long int\000"
 1617      206C6F6E 
 1617      6720696E 
 1617      7400
 1618              	.LASF37:
 1619 000e 43794465 		.ascii	"CyDelayCycles\000"
 1619      6C617943 
 1619      79636C65 
 1619      7300
 1620              	.LASF19:
 1621 001c 72656733 		.ascii	"reg32\000"
 1621      3200
 1622              	.LASF12:
 1623 0022 73697A65 		.ascii	"size_t\000"
 1623      5F7400
 1624              	.LASF47:
 1625 0029 416E616C 		.ascii	"AnalogSetDefault\000"
 1625      6F675365 
 1625      74446566 
 1625      61756C74 
 1625      00
 1626              	.LASF46:
 1627 003a 433A5C55 		.ascii	"C:\\Users\\wl\\Desktop\\cypressResource\\projects\\"
 1627      73657273 
 1627      5C776C5C 
 1627      4465736B 
 1627      746F705C 
 1628 0067 576F726B 		.ascii	"Workspace01\\Lesson7-Counter_Copy_01_Copy_01.cydsn\000"
 1628      73706163 
 1628      6530315C 
 1628      4C657373 
 1628      6F6E372D 
 1629              	.LASF42:
 1630 0099 4379496E 		.ascii	"CyIntSetVector\000"
 1630      74536574 
 1630      56656374 
 1630      6F7200
 1631              	.LASF21:
 1632 00a8 76616C75 		.ascii	"value\000"
 1632      6500
 1633              	.LASF26:
 1634 00ae 636F756E 		.ascii	"count\000"
 1634      7400
 1635              	.LASF29:
 1636 00b4 436C6F63 		.ascii	"ClockSetup\000"
 1636      6B536574 
 1636      757000
 1637              	.LASF30:
 1638 00bf 63795F63 		.ascii	"cy_cfg_addr_table\000"
 1638      66675F61 
 1638      6464725F 
 1638      7461626C 
 1638      6500
 1639              	.LASF31:
 1640 00d1 63795F63 		.ascii	"cy_cfg_data_table\000"
 1640      66675F64 
ARM GAS  C:\Users\wl\AppData\Local\Temp\cc48aeYK.s 			page 38


 1640      6174615F 
 1640      7461626C 
 1640      6500
 1641              	.LASF16:
 1642 00e3 666C6F61 		.ascii	"float\000"
 1642      7400
 1643              	.LASF35:
 1644 00e9 6366675F 		.ascii	"cfg_memset_list\000"
 1644      6D656D73 
 1644      65745F6C 
 1644      69737400 
 1645              	.LASF33:
 1646 00f9 73697A65 		.ascii	"size\000"
 1646      00
 1647              	.LASF38:
 1648 00fe 43795379 		.ascii	"CySysClkWcoSetPowerMode\000"
 1648      73436C6B 
 1648      57636F53 
 1648      6574506F 
 1648      7765724D 
 1649              	.LASF18:
 1650 0116 72656738 		.ascii	"reg8\000"
 1650      00
 1651              	.LASF8:
 1652 011b 6C6F6E67 		.ascii	"long unsigned int\000"
 1652      20756E73 
 1652      69676E65 
 1652      6420696E 
 1652      7400
 1653              	.LASF13:
 1654 012d 75696E74 		.ascii	"uint8\000"
 1654      3800
 1655              	.LASF36:
 1656 0133 43795379 		.ascii	"CySysClkWcoStart\000"
 1656      73436C6B 
 1656      57636F53 
 1656      74617274 
 1656      00
 1657              	.LASF28:
 1658 0144 43594D45 		.ascii	"CYMEMZERO\000"
 1658      4D5A4552 
 1658      4F00
 1659              	.LASF4:
 1660 014e 756E7369 		.ascii	"unsigned char\000"
 1660      676E6564 
 1660      20636861 
 1660      7200
 1661              	.LASF49:
 1662 015c 6D656D73 		.ascii	"memset\000"
 1662      657400
 1663              	.LASF17:
 1664 0163 646F7562 		.ascii	"double\000"
 1664      6C6500
 1665              	.LASF43:
 1666 016a 4379496E 		.ascii	"CyIntEnable\000"
 1666      74456E61 
 1666      626C6500 
ARM GAS  C:\Users\wl\AppData\Local\Temp\cc48aeYK.s 			page 39


 1667              	.LASF23:
 1668 0176 61646472 		.ascii	"addr_table\000"
 1668      5F746162 
 1668      6C6500
 1669              	.LASF14:
 1670 0181 75696E74 		.ascii	"uint16\000"
 1670      313600
 1671              	.LASF24:
 1672 0188 64617461 		.ascii	"data_table\000"
 1672      5F746162 
 1672      6C6500
 1673              	.LASF15:
 1674 0193 75696E74 		.ascii	"uint32\000"
 1674      333200
 1675              	.LASF0:
 1676 019a 756E7369 		.ascii	"unsigned int\000"
 1676      676E6564 
 1676      20696E74 
 1676      00
 1677              	.LASF48:
 1678 01a7 63796669 		.ascii	"cyfitter_cfg\000"
 1678      74746572 
 1678      5F636667 
 1678      00
 1679              	.LASF32:
 1680 01b4 61646472 		.ascii	"address\000"
 1680      65737300 
 1681              	.LASF9:
 1682 01bc 6C6F6E67 		.ascii	"long long unsigned int\000"
 1682      206C6F6E 
 1682      6720756E 
 1682      7369676E 
 1682      65642069 
 1683              	.LASF44:
 1684 01d3 474E5520 		.ascii	"GNU C11 5.4.1 20160609 (release) [ARM/embedded-5-br"
 1684      43313120 
 1684      352E342E 
 1684      31203230 
 1684      31363036 
 1685 0206 616E6368 		.ascii	"anch revision 237715] -mcpu=cortex-m0 -mthumb -g -O"
 1685      20726576 
 1685      6973696F 
 1685      6E203233 
 1685      37373135 
 1686 0239 67202D66 		.ascii	"g -ffunction-sections -ffat-lto-objects\000"
 1686      66756E63 
 1686      74696F6E 
 1686      2D736563 
 1686      74696F6E 
 1687              	.LASF34:
 1688 0261 6366675F 		.ascii	"cfg_memset_t\000"
 1688      6D656D73 
 1688      65745F74 
 1688      00
 1689              	.LASF25:
 1690 026e 62617365 		.ascii	"baseAddr\000"
 1690      41646472 
ARM GAS  C:\Users\wl\AppData\Local\Temp\cc48aeYK.s 			page 40


 1690      00
 1691              	.LASF10:
 1692 0277 73697A65 		.ascii	"sizetype\000"
 1692      74797065 
 1692      00
 1693              	.LASF6:
 1694 0280 73686F72 		.ascii	"short unsigned int\000"
 1694      7420756E 
 1694      7369676E 
 1694      65642069 
 1694      6E7400
 1695              	.LASF27:
 1696 0293 6366675F 		.ascii	"cfg_write_bytes32\000"
 1696      77726974 
 1696      655F6279 
 1696      74657333 
 1696      3200
 1697              	.LASF41:
 1698 02a5 43794465 		.ascii	"CyDelayUs\000"
 1698      6C617955 
 1698      7300
 1699              	.LASF11:
 1700 02af 63686172 		.ascii	"char\000"
 1700      00
 1701              	.LASF40:
 1702 02b4 43795379 		.ascii	"CySysClkEcoStart\000"
 1702      73436C6B 
 1702      45636F53 
 1702      74617274 
 1702      00
 1703              	.LASF22:
 1704 02c5 63795F63 		.ascii	"cy_cfg_addrvalue_t\000"
 1704      66675F61 
 1704      64647276 
 1704      616C7565 
 1704      5F7400
 1705              	.LASF20:
 1706 02d8 6F666673 		.ascii	"offset\000"
 1706      657400
 1707              	.LASF5:
 1708 02df 73686F72 		.ascii	"short int\000"
 1708      7420696E 
 1708      7400
 1709              	.LASF39:
 1710 02e9 43795379 		.ascii	"CySysClkWriteImoFreq\000"
 1710      73436C6B 
 1710      57726974 
 1710      65496D6F 
 1710      46726571 
 1711              	.LASF7:
 1712 02fe 6C6F6E67 		.ascii	"long int\000"
 1712      20696E74 
 1712      00
 1713              	.LASF2:
 1714 0307 6C6F6E67 		.ascii	"long double\000"
 1714      20646F75 
 1714      626C6500 
ARM GAS  C:\Users\wl\AppData\Local\Temp\cc48aeYK.s 			page 41


 1715              	.LASF3:
 1716 0313 7369676E 		.ascii	"signed char\000"
 1716      65642063 
 1716      68617200 
 1717              	.LASF45:
 1718 031f 47656E65 		.ascii	"Generated_Source\\PSoC4\\cyfitter_cfg.c\000"
 1718      72617465 
 1718      645F536F 
 1718      75726365 
 1718      5C50536F 
 1719              		.ident	"GCC: (GNU Tools for ARM Embedded Processors) 5.4.1 20160609 (release) [ARM/embedded-5-bran
