Archive member included to satisfy reference by file (symbol)

.\CortexM0\ARM_GCC_541\Debug\Lesson7-Counter.a(Pin_Green.o)
                              .\CortexM0\ARM_GCC_541\Debug\main.o (Pin_Green_Write)
.\CortexM0\ARM_GCC_541\Debug\Lesson7-Counter.a(CyLib.o)
                              .\CortexM0\ARM_GCC_541\Debug\cyfitter_cfg.o (CyIntEnable)
.\CortexM0\ARM_GCC_541\Debug\Lesson7-Counter.a(CyLFClk.o)
                              .\CortexM0\ARM_GCC_541\Debug\cyfitter_cfg.o (CySysClkWcoStart)
.\CortexM0\ARM_GCC_541\Debug\Lesson7-Counter.a(Counter.o)
                              .\CortexM0\ARM_GCC_541\Debug\main.o (Counter_Start)
.\CortexM0\ARM_GCC_541\Debug\Lesson7-Counter.a(Counter_Int.o)
                              .\CortexM0\ARM_GCC_541\Debug\main.o (Counter_Int_StartEx)
.\CortexM0\ARM_GCC_541\Debug\Lesson7-Counter.a(CyBootAsmGnu.o)
                              .\CortexM0\ARM_GCC_541\Debug\cyfitter_cfg.o (CyDelayCycles)
c:/program files (x86)/cypress/psoc creator/4.2/psoc creator/import/gnu/arm/5.4.1/bin/../lib/gcc/arm-none-eabi/5.4.1/armv6-m\libgcc.a(_udivsi3.o)
                              .\CortexM0\ARM_GCC_541\Debug\Lesson7-Counter.a(CyLib.o) (__aeabi_uidiv)
c:/program files (x86)/cypress/psoc creator/4.2/psoc creator/import/gnu/arm/5.4.1/bin/../lib/gcc/arm-none-eabi/5.4.1/armv6-m\libgcc.a(_divsi3.o)
                              .\CortexM0\ARM_GCC_541\Debug\Lesson7-Counter.a(CyLFClk.o) (__aeabi_idiv)
c:/program files (x86)/cypress/psoc creator/4.2/psoc creator/import/gnu/arm/5.4.1/bin/../lib/gcc/arm-none-eabi/5.4.1/armv6-m\libgcc.a(_dvmd_tls.o)
                              c:/program files (x86)/cypress/psoc creator/4.2/psoc creator/import/gnu/arm/5.4.1/bin/../lib/gcc/arm-none-eabi/5.4.1/armv6-m\libgcc.a(_udivsi3.o) (__aeabi_idiv0)
c:/program files (x86)/cypress/psoc creator/4.2/psoc creator/import/gnu/arm/5.4.1/bin/../lib/gcc/arm-none-eabi/5.4.1/../../../../arm-none-eabi/lib/armv6-m\libg_nano.a(lib_a-errno.o)
                              .\CortexM0\ARM_GCC_541\Debug\Cm0Start.o (__errno)
c:/program files (x86)/cypress/psoc creator/4.2/psoc creator/import/gnu/arm/5.4.1/bin/../lib/gcc/arm-none-eabi/5.4.1/../../../../arm-none-eabi/lib/armv6-m\libg_nano.a(lib_a-exit.o)
                              c:/program files (x86)/cypress/psoc creator/4.2/psoc creator/import/gnu/arm/5.4.1/bin/../lib/gcc/arm-none-eabi/5.4.1/../../../../arm-none-eabi/lib/armv6-m/crt0.o (exit)
c:/program files (x86)/cypress/psoc creator/4.2/psoc creator/import/gnu/arm/5.4.1/bin/../lib/gcc/arm-none-eabi/5.4.1/../../../../arm-none-eabi/lib/armv6-m\libg_nano.a(lib_a-impure.o)
                              c:/program files (x86)/cypress/psoc creator/4.2/psoc creator/import/gnu/arm/5.4.1/bin/../lib/gcc/arm-none-eabi/5.4.1/../../../../arm-none-eabi/lib/armv6-m\libg_nano.a(lib_a-exit.o) (_global_impure_ptr)
c:/program files (x86)/cypress/psoc creator/4.2/psoc creator/import/gnu/arm/5.4.1/bin/../lib/gcc/arm-none-eabi/5.4.1/../../../../arm-none-eabi/lib/armv6-m\libg_nano.a(lib_a-init.o)
                              c:/program files (x86)/cypress/psoc creator/4.2/psoc creator/import/gnu/arm/5.4.1/bin/../lib/gcc/arm-none-eabi/5.4.1/../../../../arm-none-eabi/lib/armv6-m/crt0.o (__libc_init_array)
c:/program files (x86)/cypress/psoc creator/4.2/psoc creator/import/gnu/arm/5.4.1/bin/../lib/gcc/arm-none-eabi/5.4.1/../../../../arm-none-eabi/lib/armv6-m\libg_nano.a(lib_a-memset.o)
                              c:/program files (x86)/cypress/psoc creator/4.2/psoc creator/import/gnu/arm/5.4.1/bin/../lib/gcc/arm-none-eabi/5.4.1/../../../../arm-none-eabi/lib/armv6-m/crt0.o (memset)

Discarded input sections

 .text          0x00000000        0x0 c:/program files (x86)/cypress/psoc creator/4.2/psoc creator/import/gnu/arm/5.4.1/bin/../lib/gcc/arm-none-eabi/5.4.1/armv6-m/crti.o
 .data          0x00000000        0x0 c:/program files (x86)/cypress/psoc creator/4.2/psoc creator/import/gnu/arm/5.4.1/bin/../lib/gcc/arm-none-eabi/5.4.1/armv6-m/crti.o
 .bss           0x00000000        0x0 c:/program files (x86)/cypress/psoc creator/4.2/psoc creator/import/gnu/arm/5.4.1/bin/../lib/gcc/arm-none-eabi/5.4.1/armv6-m/crti.o
 .data          0x00000000        0x4 c:/program files (x86)/cypress/psoc creator/4.2/psoc creator/import/gnu/arm/5.4.1/bin/../lib/gcc/arm-none-eabi/5.4.1/armv6-m/crtbegin.o
 .text          0x00000000       0x78 c:/program files (x86)/cypress/psoc creator/4.2/psoc creator/import/gnu/arm/5.4.1/bin/../lib/gcc/arm-none-eabi/5.4.1/../../../../arm-none-eabi/lib/armv6-m/crt0.o
 .data          0x00000000        0x0 c:/program files (x86)/cypress/psoc creator/4.2/psoc creator/import/gnu/arm/5.4.1/bin/../lib/gcc/arm-none-eabi/5.4.1/../../../../arm-none-eabi/lib/armv6-m/crt0.o
 .bss           0x00000000        0x0 c:/program files (x86)/cypress/psoc creator/4.2/psoc creator/import/gnu/arm/5.4.1/bin/../lib/gcc/arm-none-eabi/5.4.1/../../../../arm-none-eabi/lib/armv6-m/crt0.o
 .ARM.extab     0x00000000        0x0 c:/program files (x86)/cypress/psoc creator/4.2/psoc creator/import/gnu/arm/5.4.1/bin/../lib/gcc/arm-none-eabi/5.4.1/../../../../arm-none-eabi/lib/armv6-m/crt0.o
 .ARM.exidx     0x00000000        0x8 c:/program files (x86)/cypress/psoc creator/4.2/psoc creator/import/gnu/arm/5.4.1/bin/../lib/gcc/arm-none-eabi/5.4.1/../../../../arm-none-eabi/lib/armv6-m/crt0.o
 .text          0x00000000        0x0 .\CortexM0\ARM_GCC_541\Debug\main.o
 .data          0x00000000        0x0 .\CortexM0\ARM_GCC_541\Debug\main.o
 .bss           0x00000000        0x0 .\CortexM0\ARM_GCC_541\Debug\main.o
 .text          0x00000000        0x0 .\CortexM0\ARM_GCC_541\Debug\cyfitter_cfg.o
 .data          0x00000000        0x0 .\CortexM0\ARM_GCC_541\Debug\cyfitter_cfg.o
 .bss           0x00000000        0x0 .\CortexM0\ARM_GCC_541\Debug\cyfitter_cfg.o
 .text          0x00000000        0x0 .\CortexM0\ARM_GCC_541\Debug\cymetadata.o
 .data          0x00000000        0x0 .\CortexM0\ARM_GCC_541\Debug\cymetadata.o
 .bss           0x00000000        0x0 .\CortexM0\ARM_GCC_541\Debug\cymetadata.o
 .text          0x00000000        0x0 .\CortexM0\ARM_GCC_541\Debug\Cm0Start.o
 .data          0x00000000        0x4 .\CortexM0\ARM_GCC_541\Debug\Cm0Start.o
 .bss           0x00000000        0x0 .\CortexM0\ARM_GCC_541\Debug\Cm0Start.o
 .text._exit    0x00000000        0xc .\CortexM0\ARM_GCC_541\Debug\Cm0Start.o
 .text._sbrk    0x00000000       0x30 .\CortexM0\ARM_GCC_541\Debug\Cm0Start.o
 .text          0x00000000        0x0 .\CortexM0\ARM_GCC_541\Debug\Lesson7-Counter.a(Pin_Green.o)
 .data          0x00000000        0x0 .\CortexM0\ARM_GCC_541\Debug\Lesson7-Counter.a(Pin_Green.o)
 .bss           0x00000000        0x0 .\CortexM0\ARM_GCC_541\Debug\Lesson7-Counter.a(Pin_Green.o)
 .text.Pin_Green_SetDriveMode
                0x00000000       0x18 .\CortexM0\ARM_GCC_541\Debug\Lesson7-Counter.a(Pin_Green.o)
 .text.Pin_Green_ReadDataReg
                0x00000000       0x10 .\CortexM0\ARM_GCC_541\Debug\Lesson7-Counter.a(Pin_Green.o)
 .text.Pin_Green_SetInterruptMode
                0x00000000       0x14 .\CortexM0\ARM_GCC_541\Debug\Lesson7-Counter.a(Pin_Green.o)
 .text.Pin_Green_ClearInterrupt
                0x00000000       0x14 .\CortexM0\ARM_GCC_541\Debug\Lesson7-Counter.a(Pin_Green.o)
 .text          0x00000000        0x0 .\CortexM0\ARM_GCC_541\Debug\Lesson7-Counter.a(CyLib.o)
 .bss           0x00000000       0x18 .\CortexM0\ARM_GCC_541\Debug\Lesson7-Counter.a(CyLib.o)
 .text.CySysClkImoStart
                0x00000000       0x14 .\CortexM0\ARM_GCC_541\Debug\Lesson7-Counter.a(CyLib.o)
 .text.CySysClkImoStop
                0x00000000       0x10 .\CortexM0\ARM_GCC_541\Debug\Lesson7-Counter.a(CyLib.o)
 .text.CySysClkWriteHfclkDirect
                0x00000000       0x20 .\CortexM0\ARM_GCC_541\Debug\Lesson7-Counter.a(CyLib.o)
 .text.CySysEnablePumpClock
                0x00000000       0x38 .\CortexM0\ARM_GCC_541\Debug\Lesson7-Counter.a(CyLib.o)
 .text.CySysClkGetSysclkSource
                0x00000000       0x1c .\CortexM0\ARM_GCC_541\Debug\Lesson7-Counter.a(CyLib.o)
 .text.CySysClkWriteSysclkDiv
                0x00000000       0x30 .\CortexM0\ARM_GCC_541\Debug\Lesson7-Counter.a(CyLib.o)
 .text.CySysClkEcoStop
                0x00000000       0x24 .\CortexM0\ARM_GCC_541\Debug\Lesson7-Counter.a(CyLib.o)
 .text.CySysLvdDisable
                0x00000000       0x20 .\CortexM0\ARM_GCC_541\Debug\Lesson7-Counter.a(CyLib.o)
 .text.CySysLvdGetInterruptSource
                0x00000000       0x10 .\CortexM0\ARM_GCC_541\Debug\Lesson7-Counter.a(CyLib.o)
 .text.CySysLvdClearInterrupt
                0x00000000        0xc .\CortexM0\ARM_GCC_541\Debug\Lesson7-Counter.a(CyLib.o)
 .text.CySysGetResetReason
                0x00000000       0x14 .\CortexM0\ARM_GCC_541\Debug\Lesson7-Counter.a(CyLib.o)
 .text.CyDisableInts
                0x00000000       0x10 .\CortexM0\ARM_GCC_541\Debug\Lesson7-Counter.a(CyLib.o)
 .text.CyEnableInts
                0x00000000        0xc .\CortexM0\ARM_GCC_541\Debug\Lesson7-Counter.a(CyLib.o)
 .text.CyIntGetState
                0x00000000       0x18 .\CortexM0\ARM_GCC_541\Debug\Lesson7-Counter.a(CyLib.o)
 .text.CyIntDisable
                0x00000000       0x14 .\CortexM0\ARM_GCC_541\Debug\Lesson7-Counter.a(CyLib.o)
 .text.CyIntSetPending
                0x00000000       0x14 .\CortexM0\ARM_GCC_541\Debug\Lesson7-Counter.a(CyLib.o)
 .text.CyIntClearPending
                0x00000000       0x14 .\CortexM0\ARM_GCC_541\Debug\Lesson7-Counter.a(CyLib.o)
 .text.CySysClkWriteEcoDiv
                0x00000000       0x38 .\CortexM0\ARM_GCC_541\Debug\Lesson7-Counter.a(CyLib.o)
 .text.CyIntSetSysVector
                0x00000000       0x20 .\CortexM0\ARM_GCC_541\Debug\Lesson7-Counter.a(CyLib.o)
 .text.CyIntGetSysVector
                0x00000000       0x1c .\CortexM0\ARM_GCC_541\Debug\Lesson7-Counter.a(CyLib.o)
 .text.CyIntGetVector
                0x00000000       0x20 .\CortexM0\ARM_GCC_541\Debug\Lesson7-Counter.a(CyLib.o)
 .text.CyIntSetPriority
                0x00000000       0x4c .\CortexM0\ARM_GCC_541\Debug\Lesson7-Counter.a(CyLib.o)
 .text.CyIntGetPriority
                0x00000000       0x2c .\CortexM0\ARM_GCC_541\Debug\Lesson7-Counter.a(CyLib.o)
 .text.CySoftwareReset
                0x00000000       0x18 .\CortexM0\ARM_GCC_541\Debug\Lesson7-Counter.a(CyLib.o)
 .text.CyDelay  0x00000000       0x30 .\CortexM0\ARM_GCC_541\Debug\Lesson7-Counter.a(CyLib.o)
 .text.CySysLvdEnable
                0x00000000       0x44 .\CortexM0\ARM_GCC_541\Debug\Lesson7-Counter.a(CyLib.o)
 .text.CyDelayFreq
                0x00000000       0x4c .\CortexM0\ARM_GCC_541\Debug\Lesson7-Counter.a(CyLib.o)
 .text.CySysTickStop
                0x00000000       0x10 .\CortexM0\ARM_GCC_541\Debug\Lesson7-Counter.a(CyLib.o)
 .text.CySysTickEnableInterrupt
                0x00000000       0x10 .\CortexM0\ARM_GCC_541\Debug\Lesson7-Counter.a(CyLib.o)
 .text.CySysTickEnable
                0x00000000       0x18 .\CortexM0\ARM_GCC_541\Debug\Lesson7-Counter.a(CyLib.o)
 .text.CySysTickDisableInterrupt
                0x00000000       0x10 .\CortexM0\ARM_GCC_541\Debug\Lesson7-Counter.a(CyLib.o)
 .text.CySysTickSetReload
                0x00000000       0x10 .\CortexM0\ARM_GCC_541\Debug\Lesson7-Counter.a(CyLib.o)
 .text.CySysTickGetReload
                0x00000000       0x10 .\CortexM0\ARM_GCC_541\Debug\Lesson7-Counter.a(CyLib.o)
 .text.CySysTickGetValue
                0x00000000       0x10 .\CortexM0\ARM_GCC_541\Debug\Lesson7-Counter.a(CyLib.o)
 .text.CySysTickSetClockSource
                0x00000000       0x20 .\CortexM0\ARM_GCC_541\Debug\Lesson7-Counter.a(CyLib.o)
 .text.CySysTickGetClockSource
                0x00000000       0x10 .\CortexM0\ARM_GCC_541\Debug\Lesson7-Counter.a(CyLib.o)
 .text.CySysTickGetCountFlag
                0x00000000       0x10 .\CortexM0\ARM_GCC_541\Debug\Lesson7-Counter.a(CyLib.o)
 .text.CySysTickServiceCallbacks
                0x00000000       0x28 .\CortexM0\ARM_GCC_541\Debug\Lesson7-Counter.a(CyLib.o)
 .text.CySysTickClear
                0x00000000        0xc .\CortexM0\ARM_GCC_541\Debug\Lesson7-Counter.a(CyLib.o)
 .text.CySysTickInit
                0x00000000       0x44 .\CortexM0\ARM_GCC_541\Debug\Lesson7-Counter.a(CyLib.o)
 .text.CySysTickStart
                0x00000000       0x20 .\CortexM0\ARM_GCC_541\Debug\Lesson7-Counter.a(CyLib.o)
 .text.CySysTickSetCallback
                0x00000000       0x10 .\CortexM0\ARM_GCC_541\Debug\Lesson7-Counter.a(CyLib.o)
 .text.CySysTickGetCallback
                0x00000000        0xc .\CortexM0\ARM_GCC_541\Debug\Lesson7-Counter.a(CyLib.o)
 .text.CyGetUniqueId
                0x00000000       0x70 .\CortexM0\ARM_GCC_541\Debug\Lesson7-Counter.a(CyLib.o)
 .text.CySysSetRamAccessArbPriority
                0x00000000       0x20 .\CortexM0\ARM_GCC_541\Debug\Lesson7-Counter.a(CyLib.o)
 .text.CySysSetFlashAccessArbPriority
                0x00000000       0x20 .\CortexM0\ARM_GCC_541\Debug\Lesson7-Counter.a(CyLib.o)
 .text.CySysSetDmacAccessArbPriority
                0x00000000       0x20 .\CortexM0\ARM_GCC_541\Debug\Lesson7-Counter.a(CyLib.o)
 .text.CySysSetPeripheralAccessArbPriority
                0x00000000       0x68 .\CortexM0\ARM_GCC_541\Debug\Lesson7-Counter.a(CyLib.o)
 .text          0x00000000        0x0 .\CortexM0\ARM_GCC_541\Debug\Lesson7-Counter.a(CyLFClk.o)
 .text.CySysClkIloEnabled
                0x00000000       0x14 .\CortexM0\ARM_GCC_541\Debug\Lesson7-Counter.a(CyLFClk.o)
 .text.CySysClkGetLfclkSource
                0x00000000       0x10 .\CortexM0\ARM_GCC_541\Debug\Lesson7-Counter.a(CyLFClk.o)
 .text.CySysClkIloStart
                0x00000000       0x14 .\CortexM0\ARM_GCC_541\Debug\Lesson7-Counter.a(CyLFClk.o)
 .text.CySysClkIloStartMeasurement
                0x00000000       0x5c .\CortexM0\ARM_GCC_541\Debug\Lesson7-Counter.a(CyLFClk.o)
 .text.CySysClkIloStopMeasurement
                0x00000000       0x14 .\CortexM0\ARM_GCC_541\Debug\Lesson7-Counter.a(CyLFClk.o)
 .text.CySysClkIloCompensate
                0x00000000      0x104 .\CortexM0\ARM_GCC_541\Debug\Lesson7-Counter.a(CyLFClk.o)
 .text.CySysClkIloUpdateTrimReg
                0x00000000       0xa8 .\CortexM0\ARM_GCC_541\Debug\Lesson7-Counter.a(CyLFClk.o)
 .text.CySysClkIloTrim
                0x00000000       0xd8 .\CortexM0\ARM_GCC_541\Debug\Lesson7-Counter.a(CyLFClk.o)
 .text.CySysClkIloRestoreFactoryTrim
                0x00000000       0x30 .\CortexM0\ARM_GCC_541\Debug\Lesson7-Counter.a(CyLFClk.o)
 .text.CySysClkWcoEnabled
                0x00000000       0x14 .\CortexM0\ARM_GCC_541\Debug\Lesson7-Counter.a(CyLFClk.o)
 .text.CySysClkWcoClockOutSelect
                0x00000000       0x2c .\CortexM0\ARM_GCC_541\Debug\Lesson7-Counter.a(CyLFClk.o)
 .text.CySysWdtGetEnabledStatus
                0x00000000       0x24 .\CortexM0\ARM_GCC_541\Debug\Lesson7-Counter.a(CyLFClk.o)
 .text.CySysWdtSetMode
                0x00000000       0x38 .\CortexM0\ARM_GCC_541\Debug\Lesson7-Counter.a(CyLFClk.o)
 .text.CySysClkLfclkPosedgeRestore
                0x00000000       0x2c .\CortexM0\ARM_GCC_541\Debug\Lesson7-Counter.a(CyLFClk.o)
 .text.CySysWdtGetMode
                0x00000000       0x14 .\CortexM0\ARM_GCC_541\Debug\Lesson7-Counter.a(CyLFClk.o)
 .text.CySysWdtSetClearOnMatch
                0x00000000       0x34 .\CortexM0\ARM_GCC_541\Debug\Lesson7-Counter.a(CyLFClk.o)
 .text.CySysWdtGetClearOnMatch
                0x00000000       0x24 .\CortexM0\ARM_GCC_541\Debug\Lesson7-Counter.a(CyLFClk.o)
 .text.CySysWdtEnable
                0x00000000       0x3c .\CortexM0\ARM_GCC_541\Debug\Lesson7-Counter.a(CyLFClk.o)
 .text.CySysWdtDisable
                0x00000000       0x44 .\CortexM0\ARM_GCC_541\Debug\Lesson7-Counter.a(CyLFClk.o)
 .text.CySysWdtSetCascade
                0x00000000       0x34 .\CortexM0\ARM_GCC_541\Debug\Lesson7-Counter.a(CyLFClk.o)
 .text.CySysWdtGetCascade
                0x00000000       0x14 .\CortexM0\ARM_GCC_541\Debug\Lesson7-Counter.a(CyLFClk.o)
 .text.CySysWdtSetMatch
                0x00000000       0x54 .\CortexM0\ARM_GCC_541\Debug\Lesson7-Counter.a(CyLFClk.o)
 .text.CySysWdtSetToggleBit
                0x00000000       0x30 .\CortexM0\ARM_GCC_541\Debug\Lesson7-Counter.a(CyLFClk.o)
 .text.CySysWdtGetToggleBit
                0x00000000       0x10 .\CortexM0\ARM_GCC_541\Debug\Lesson7-Counter.a(CyLFClk.o)
 .text.CySysWdtGetMatch
                0x00000000       0x20 .\CortexM0\ARM_GCC_541\Debug\Lesson7-Counter.a(CyLFClk.o)
 .text.CySysWdtGetCount
                0x00000000       0x3c .\CortexM0\ARM_GCC_541\Debug\Lesson7-Counter.a(CyLFClk.o)
 .text.CySysClkLfclkPosedgeCatch
                0x00000000       0x74 .\CortexM0\ARM_GCC_541\Debug\Lesson7-Counter.a(CyLFClk.o)
 .text.CySysClkIloStop
                0x00000000       0x4c .\CortexM0\ARM_GCC_541\Debug\Lesson7-Counter.a(CyLFClk.o)
 .text.CySysClkSetLfclkSource
                0x00000000       0x38 .\CortexM0\ARM_GCC_541\Debug\Lesson7-Counter.a(CyLFClk.o)
 .text.CySysClkWcoStop
                0x00000000       0x48 .\CortexM0\ARM_GCC_541\Debug\Lesson7-Counter.a(CyLFClk.o)
 .text.CySysWdtGetInterruptSource
                0x00000000       0x14 .\CortexM0\ARM_GCC_541\Debug\Lesson7-Counter.a(CyLFClk.o)
 .text.CySysWdtResetCounters
                0x00000000       0x20 .\CortexM0\ARM_GCC_541\Debug\Lesson7-Counter.a(CyLFClk.o)
 .text.CySysWdtSetInterruptCallback
                0x00000000       0x20 .\CortexM0\ARM_GCC_541\Debug\Lesson7-Counter.a(CyLFClk.o)
 .text.CySysWdtGetInterruptCallback
                0x00000000       0x20 .\CortexM0\ARM_GCC_541\Debug\Lesson7-Counter.a(CyLFClk.o)
 .text.CySysWdtEnableCounterIsr
                0x00000000       0x34 .\CortexM0\ARM_GCC_541\Debug\Lesson7-Counter.a(CyLFClk.o)
 .text.CySysWdtDisableCounterIsr
                0x00000000       0x28 .\CortexM0\ARM_GCC_541\Debug\Lesson7-Counter.a(CyLFClk.o)
 .text.CySysWatchdogFeed
                0x00000000       0x60 .\CortexM0\ARM_GCC_541\Debug\Lesson7-Counter.a(CyLFClk.o)
 .text.CySysTimerDelayUntilMatch
                0x00000000       0x6c .\CortexM0\ARM_GCC_541\Debug\Lesson7-Counter.a(CyLFClk.o)
 .text.CySysTimerDelay
                0x00000000       0x3c .\CortexM0\ARM_GCC_541\Debug\Lesson7-Counter.a(CyLFClk.o)
 .rodata        0x00000000        0xc .\CortexM0\ARM_GCC_541\Debug\Lesson7-Counter.a(CyLFClk.o)
 .text          0x00000000        0x0 .\CortexM0\ARM_GCC_541\Debug\Lesson7-Counter.a(Counter.o)
 .data          0x00000000        0x0 .\CortexM0\ARM_GCC_541\Debug\Lesson7-Counter.a(Counter.o)
 .text.Counter_Stop
                0x00000000       0x1c .\CortexM0\ARM_GCC_541\Debug\Lesson7-Counter.a(Counter.o)
 .text.Counter_SetMode
                0x00000000       0x28 .\CortexM0\ARM_GCC_541\Debug\Lesson7-Counter.a(Counter.o)
 .text.Counter_SetQDMode
                0x00000000       0x28 .\CortexM0\ARM_GCC_541\Debug\Lesson7-Counter.a(Counter.o)
 .text.Counter_SetPrescaler
                0x00000000       0x28 .\CortexM0\ARM_GCC_541\Debug\Lesson7-Counter.a(Counter.o)
 .text.Counter_SetOneShot
                0x00000000       0x30 .\CortexM0\ARM_GCC_541\Debug\Lesson7-Counter.a(Counter.o)
 .text.Counter_SetPWMMode
                0x00000000       0x10 .\CortexM0\ARM_GCC_541\Debug\Lesson7-Counter.a(Counter.o)
 .text.Counter_SetPWMSyncKill
                0x00000000       0x28 .\CortexM0\ARM_GCC_541\Debug\Lesson7-Counter.a(Counter.o)
 .text.Counter_SetPWMStopOnKill
                0x00000000       0x28 .\CortexM0\ARM_GCC_541\Debug\Lesson7-Counter.a(Counter.o)
 .text.Counter_SetPWMDeadTime
                0x00000000       0x2c .\CortexM0\ARM_GCC_541\Debug\Lesson7-Counter.a(Counter.o)
 .text.Counter_SetPWMInvert
                0x00000000       0x28 .\CortexM0\ARM_GCC_541\Debug\Lesson7-Counter.a(Counter.o)
 .text.Counter_ReadCounter
                0x00000000       0x10 .\CortexM0\ARM_GCC_541\Debug\Lesson7-Counter.a(Counter.o)
 .text.Counter_SetCounterMode
                0x00000000       0x28 .\CortexM0\ARM_GCC_541\Debug\Lesson7-Counter.a(Counter.o)
 .text.Counter_ReadPeriod
                0x00000000       0x10 .\CortexM0\ARM_GCC_541\Debug\Lesson7-Counter.a(Counter.o)
 .text.Counter_SetCompareSwap
                0x00000000       0x24 .\CortexM0\ARM_GCC_541\Debug\Lesson7-Counter.a(Counter.o)
 .text.Counter_WritePeriodBuf
                0x00000000       0x10 .\CortexM0\ARM_GCC_541\Debug\Lesson7-Counter.a(Counter.o)
 .text.Counter_ReadPeriodBuf
                0x00000000       0x10 .\CortexM0\ARM_GCC_541\Debug\Lesson7-Counter.a(Counter.o)
 .text.Counter_SetPeriodSwap
                0x00000000       0x28 .\CortexM0\ARM_GCC_541\Debug\Lesson7-Counter.a(Counter.o)
 .text.Counter_WriteCompare
                0x00000000       0x10 .\CortexM0\ARM_GCC_541\Debug\Lesson7-Counter.a(Counter.o)
 .text.Counter_ReadCompare
                0x00000000       0x10 .\CortexM0\ARM_GCC_541\Debug\Lesson7-Counter.a(Counter.o)
 .text.Counter_WriteCompareBuf
                0x00000000       0x10 .\CortexM0\ARM_GCC_541\Debug\Lesson7-Counter.a(Counter.o)
 .text.Counter_ReadCompareBuf
                0x00000000       0x10 .\CortexM0\ARM_GCC_541\Debug\Lesson7-Counter.a(Counter.o)
 .text.Counter_ReadCapture
                0x00000000       0x10 .\CortexM0\ARM_GCC_541\Debug\Lesson7-Counter.a(Counter.o)
 .text.Counter_ReadCaptureBuf
                0x00000000       0x10 .\CortexM0\ARM_GCC_541\Debug\Lesson7-Counter.a(Counter.o)
 .text.Counter_SetCaptureMode
                0x00000000       0x24 .\CortexM0\ARM_GCC_541\Debug\Lesson7-Counter.a(Counter.o)
 .text.Counter_SetReloadMode
                0x00000000       0x24 .\CortexM0\ARM_GCC_541\Debug\Lesson7-Counter.a(Counter.o)
 .text.Counter_SetStartMode
                0x00000000       0x28 .\CortexM0\ARM_GCC_541\Debug\Lesson7-Counter.a(Counter.o)
 .text.Counter_SetStopMode
                0x00000000       0x24 .\CortexM0\ARM_GCC_541\Debug\Lesson7-Counter.a(Counter.o)
 .text.Counter_SetCountMode
                0x00000000       0x24 .\CortexM0\ARM_GCC_541\Debug\Lesson7-Counter.a(Counter.o)
 .text.Counter_ReadStatus
                0x00000000       0x14 .\CortexM0\ARM_GCC_541\Debug\Lesson7-Counter.a(Counter.o)
 .text.Counter_GetInterruptSourceMasked
                0x00000000        0xc .\CortexM0\ARM_GCC_541\Debug\Lesson7-Counter.a(Counter.o)
 .text.Counter_GetInterruptSource
                0x00000000        0xc .\CortexM0\ARM_GCC_541\Debug\Lesson7-Counter.a(Counter.o)
 .text.Counter_SetInterrupt
                0x00000000        0xc .\CortexM0\ARM_GCC_541\Debug\Lesson7-Counter.a(Counter.o)
 .text          0x00000000        0x0 .\CortexM0\ARM_GCC_541\Debug\Lesson7-Counter.a(Counter_Int.o)
 .data          0x00000000        0x0 .\CortexM0\ARM_GCC_541\Debug\Lesson7-Counter.a(Counter_Int.o)
 .bss           0x00000000        0x0 .\CortexM0\ARM_GCC_541\Debug\Lesson7-Counter.a(Counter_Int.o)
 .text.Counter_Int_Interrupt
                0x00000000        0x4 .\CortexM0\ARM_GCC_541\Debug\Lesson7-Counter.a(Counter_Int.o)
 .text.Counter_Int_GetVector
                0x00000000        0xc .\CortexM0\ARM_GCC_541\Debug\Lesson7-Counter.a(Counter_Int.o)
 .text.Counter_Int_GetPriority
                0x00000000       0x10 .\CortexM0\ARM_GCC_541\Debug\Lesson7-Counter.a(Counter_Int.o)
 .text.Counter_Int_GetState
                0x00000000       0x14 .\CortexM0\ARM_GCC_541\Debug\Lesson7-Counter.a(Counter_Int.o)
 .text.Counter_Int_Start
                0x00000000       0x1c .\CortexM0\ARM_GCC_541\Debug\Lesson7-Counter.a(Counter_Int.o)
 .text.Counter_Int_Stop
                0x00000000       0x14 .\CortexM0\ARM_GCC_541\Debug\Lesson7-Counter.a(Counter_Int.o)
 .text.Counter_Int_SetPending
                0x00000000       0x10 .\CortexM0\ARM_GCC_541\Debug\Lesson7-Counter.a(Counter_Int.o)
 .text.Counter_Int_ClearPending
                0x00000000       0x10 .\CortexM0\ARM_GCC_541\Debug\Lesson7-Counter.a(Counter_Int.o)
 .data          0x00000000        0x0 .\CortexM0\ARM_GCC_541\Debug\Lesson7-Counter.a(CyBootAsmGnu.o)
 .bss           0x00000000        0x0 .\CortexM0\ARM_GCC_541\Debug\Lesson7-Counter.a(CyBootAsmGnu.o)
 .text          0x00000000      0x114 c:/program files (x86)/cypress/psoc creator/4.2/psoc creator/import/gnu/arm/5.4.1/bin/../lib/gcc/arm-none-eabi/5.4.1/armv6-m\libgcc.a(_udivsi3.o)
 .data          0x00000000        0x0 c:/program files (x86)/cypress/psoc creator/4.2/psoc creator/import/gnu/arm/5.4.1/bin/../lib/gcc/arm-none-eabi/5.4.1/armv6-m\libgcc.a(_udivsi3.o)
 .bss           0x00000000        0x0 c:/program files (x86)/cypress/psoc creator/4.2/psoc creator/import/gnu/arm/5.4.1/bin/../lib/gcc/arm-none-eabi/5.4.1/armv6-m\libgcc.a(_udivsi3.o)
 .text          0x00000000      0x1d4 c:/program files (x86)/cypress/psoc creator/4.2/psoc creator/import/gnu/arm/5.4.1/bin/../lib/gcc/arm-none-eabi/5.4.1/armv6-m\libgcc.a(_divsi3.o)
 .data          0x00000000        0x0 c:/program files (x86)/cypress/psoc creator/4.2/psoc creator/import/gnu/arm/5.4.1/bin/../lib/gcc/arm-none-eabi/5.4.1/armv6-m\libgcc.a(_divsi3.o)
 .bss           0x00000000        0x0 c:/program files (x86)/cypress/psoc creator/4.2/psoc creator/import/gnu/arm/5.4.1/bin/../lib/gcc/arm-none-eabi/5.4.1/armv6-m\libgcc.a(_divsi3.o)
 .text          0x00000000        0x4 c:/program files (x86)/cypress/psoc creator/4.2/psoc creator/import/gnu/arm/5.4.1/bin/../lib/gcc/arm-none-eabi/5.4.1/armv6-m\libgcc.a(_dvmd_tls.o)
 .data          0x00000000        0x0 c:/program files (x86)/cypress/psoc creator/4.2/psoc creator/import/gnu/arm/5.4.1/bin/../lib/gcc/arm-none-eabi/5.4.1/armv6-m\libgcc.a(_dvmd_tls.o)
 .bss           0x00000000        0x0 c:/program files (x86)/cypress/psoc creator/4.2/psoc creator/import/gnu/arm/5.4.1/bin/../lib/gcc/arm-none-eabi/5.4.1/armv6-m\libgcc.a(_dvmd_tls.o)
 .text          0x00000000        0x0 c:/program files (x86)/cypress/psoc creator/4.2/psoc creator/import/gnu/arm/5.4.1/bin/../lib/gcc/arm-none-eabi/5.4.1/../../../../arm-none-eabi/lib/armv6-m\libg_nano.a(lib_a-errno.o)
 .data          0x00000000        0x0 c:/program files (x86)/cypress/psoc creator/4.2/psoc creator/import/gnu/arm/5.4.1/bin/../lib/gcc/arm-none-eabi/5.4.1/../../../../arm-none-eabi/lib/armv6-m\libg_nano.a(lib_a-errno.o)
 .bss           0x00000000        0x0 c:/program files (x86)/cypress/psoc creator/4.2/psoc creator/import/gnu/arm/5.4.1/bin/../lib/gcc/arm-none-eabi/5.4.1/../../../../arm-none-eabi/lib/armv6-m\libg_nano.a(lib_a-errno.o)
 .text          0x00000000        0x0 c:/program files (x86)/cypress/psoc creator/4.2/psoc creator/import/gnu/arm/5.4.1/bin/../lib/gcc/arm-none-eabi/5.4.1/../../../../arm-none-eabi/lib/armv6-m\libg_nano.a(lib_a-exit.o)
 .data          0x00000000        0x0 c:/program files (x86)/cypress/psoc creator/4.2/psoc creator/import/gnu/arm/5.4.1/bin/../lib/gcc/arm-none-eabi/5.4.1/../../../../arm-none-eabi/lib/armv6-m\libg_nano.a(lib_a-exit.o)
 .bss           0x00000000        0x0 c:/program files (x86)/cypress/psoc creator/4.2/psoc creator/import/gnu/arm/5.4.1/bin/../lib/gcc/arm-none-eabi/5.4.1/../../../../arm-none-eabi/lib/armv6-m\libg_nano.a(lib_a-exit.o)
 .text.exit     0x00000000       0x2c c:/program files (x86)/cypress/psoc creator/4.2/psoc creator/import/gnu/arm/5.4.1/bin/../lib/gcc/arm-none-eabi/5.4.1/../../../../arm-none-eabi/lib/armv6-m\libg_nano.a(lib_a-exit.o)
 .text          0x00000000        0x0 c:/program files (x86)/cypress/psoc creator/4.2/psoc creator/import/gnu/arm/5.4.1/bin/../lib/gcc/arm-none-eabi/5.4.1/../../../../arm-none-eabi/lib/armv6-m\libg_nano.a(lib_a-impure.o)
 .data          0x00000000        0x0 c:/program files (x86)/cypress/psoc creator/4.2/psoc creator/import/gnu/arm/5.4.1/bin/../lib/gcc/arm-none-eabi/5.4.1/../../../../arm-none-eabi/lib/armv6-m\libg_nano.a(lib_a-impure.o)
 .bss           0x00000000        0x0 c:/program files (x86)/cypress/psoc creator/4.2/psoc creator/import/gnu/arm/5.4.1/bin/../lib/gcc/arm-none-eabi/5.4.1/../../../../arm-none-eabi/lib/armv6-m\libg_nano.a(lib_a-impure.o)
 .rodata._global_impure_ptr
                0x00000000        0x4 c:/program files (x86)/cypress/psoc creator/4.2/psoc creator/import/gnu/arm/5.4.1/bin/../lib/gcc/arm-none-eabi/5.4.1/../../../../arm-none-eabi/lib/armv6-m\libg_nano.a(lib_a-impure.o)
 .text          0x00000000        0x0 c:/program files (x86)/cypress/psoc creator/4.2/psoc creator/import/gnu/arm/5.4.1/bin/../lib/gcc/arm-none-eabi/5.4.1/../../../../arm-none-eabi/lib/armv6-m\libg_nano.a(lib_a-init.o)
 .data          0x00000000        0x0 c:/program files (x86)/cypress/psoc creator/4.2/psoc creator/import/gnu/arm/5.4.1/bin/../lib/gcc/arm-none-eabi/5.4.1/../../../../arm-none-eabi/lib/armv6-m\libg_nano.a(lib_a-init.o)
 .bss           0x00000000        0x0 c:/program files (x86)/cypress/psoc creator/4.2/psoc creator/import/gnu/arm/5.4.1/bin/../lib/gcc/arm-none-eabi/5.4.1/../../../../arm-none-eabi/lib/armv6-m\libg_nano.a(lib_a-init.o)
 .text          0x00000000        0x0 c:/program files (x86)/cypress/psoc creator/4.2/psoc creator/import/gnu/arm/5.4.1/bin/../lib/gcc/arm-none-eabi/5.4.1/../../../../arm-none-eabi/lib/armv6-m\libg_nano.a(lib_a-memset.o)
 .data          0x00000000        0x0 c:/program files (x86)/cypress/psoc creator/4.2/psoc creator/import/gnu/arm/5.4.1/bin/../lib/gcc/arm-none-eabi/5.4.1/../../../../arm-none-eabi/lib/armv6-m\libg_nano.a(lib_a-memset.o)
 .bss           0x00000000        0x0 c:/program files (x86)/cypress/psoc creator/4.2/psoc creator/import/gnu/arm/5.4.1/bin/../lib/gcc/arm-none-eabi/5.4.1/../../../../arm-none-eabi/lib/armv6-m\libg_nano.a(lib_a-memset.o)
 .text          0x00000000        0x0 c:/program files (x86)/cypress/psoc creator/4.2/psoc creator/import/gnu/arm/5.4.1/bin/../lib/gcc/arm-none-eabi/5.4.1/armv6-m/crtend.o
 .data          0x00000000        0x0 c:/program files (x86)/cypress/psoc creator/4.2/psoc creator/import/gnu/arm/5.4.1/bin/../lib/gcc/arm-none-eabi/5.4.1/armv6-m/crtend.o
 .bss           0x00000000        0x0 c:/program files (x86)/cypress/psoc creator/4.2/psoc creator/import/gnu/arm/5.4.1/bin/../lib/gcc/arm-none-eabi/5.4.1/armv6-m/crtend.o
 .text          0x00000000        0x0 c:/program files (x86)/cypress/psoc creator/4.2/psoc creator/import/gnu/arm/5.4.1/bin/../lib/gcc/arm-none-eabi/5.4.1/armv6-m/crtn.o
 .data          0x00000000        0x0 c:/program files (x86)/cypress/psoc creator/4.2/psoc creator/import/gnu/arm/5.4.1/bin/../lib/gcc/arm-none-eabi/5.4.1/armv6-m/crtn.o
 .bss           0x00000000        0x0 c:/program files (x86)/cypress/psoc creator/4.2/psoc creator/import/gnu/arm/5.4.1/bin/../lib/gcc/arm-none-eabi/5.4.1/armv6-m/crtn.o

Memory Configuration

Name             Origin             Length             Attributes
rom              0x00000000         0x00040000         xr
ram              0x20000000         0x00008000         xrw
*default*        0x00000000         0xffffffff

Linker script and memory map

LOAD c:/program files (x86)/cypress/psoc creator/4.2/psoc creator/import/gnu/arm/5.4.1/bin/../lib/gcc/arm-none-eabi/5.4.1/armv6-m/crti.o
LOAD c:/program files (x86)/cypress/psoc creator/4.2/psoc creator/import/gnu/arm/5.4.1/bin/../lib/gcc/arm-none-eabi/5.4.1/armv6-m/crtbegin.o
LOAD c:/program files (x86)/cypress/psoc creator/4.2/psoc creator/import/gnu/arm/5.4.1/bin/../lib/gcc/arm-none-eabi/5.4.1/../../../../arm-none-eabi/lib/armv6-m/crt0.o
START GROUP
LOAD .\CortexM0\ARM_GCC_541\Debug\main.o
LOAD .\CortexM0\ARM_GCC_541\Debug\cyfitter_cfg.o
LOAD .\CortexM0\ARM_GCC_541\Debug\cymetadata.o
LOAD .\CortexM0\ARM_GCC_541\Debug\Cm0Start.o
LOAD .\CortexM0\ARM_GCC_541\Debug\Lesson7-Counter.a
END GROUP
START GROUP
LOAD c:/program files (x86)/cypress/psoc creator/4.2/psoc creator/import/gnu/arm/5.4.1/bin/../lib/gcc/arm-none-eabi/5.4.1/armv6-m\libgcc.a
LOAD c:/program files (x86)/cypress/psoc creator/4.2/psoc creator/import/gnu/arm/5.4.1/bin/../lib/gcc/arm-none-eabi/5.4.1/../../../../arm-none-eabi/lib/armv6-m\libg_nano.a
LOAD c:/program files (x86)/cypress/psoc creator/4.2/psoc creator/import/gnu/arm/5.4.1/bin/../lib/gcc/arm-none-eabi/5.4.1/../../../../arm-none-eabi/lib/armv6-m\libc_nano.a
END GROUP
START GROUP
LOAD c:/program files (x86)/cypress/psoc creator/4.2/psoc creator/import/gnu/arm/5.4.1/bin/../lib/gcc/arm-none-eabi/5.4.1/armv6-m\libgcc.a
LOAD c:/program files (x86)/cypress/psoc creator/4.2/psoc creator/import/gnu/arm/5.4.1/bin/../lib/gcc/arm-none-eabi/5.4.1/../../../../arm-none-eabi/lib/armv6-m\libc_nano.a
END GROUP
LOAD c:/program files (x86)/cypress/psoc creator/4.2/psoc creator/import/gnu/arm/5.4.1/bin/../lib/gcc/arm-none-eabi/5.4.1/armv6-m/crtend.o
LOAD c:/program files (x86)/cypress/psoc creator/4.2/psoc creator/import/gnu/arm/5.4.1/bin/../lib/gcc/arm-none-eabi/5.4.1/armv6-m/crtn.o
START GROUP
LOAD c:/program files (x86)/cypress/psoc creator/4.2/psoc creator/import/gnu/arm/5.4.1/bin/../lib/gcc/arm-none-eabi/5.4.1/armv6-m\libgcc.a
LOAD c:/program files (x86)/cypress/psoc creator/4.2/psoc creator/import/gnu/arm/5.4.1/bin/../lib/gcc/arm-none-eabi/5.4.1/../../../../arm-none-eabi/lib/armv6-m\libc.a
LOAD c:/program files (x86)/cypress/psoc creator/4.2/psoc creator/import/gnu/arm/5.4.1/bin/../lib/gcc/arm-none-eabi/5.4.1/../../../../arm-none-eabi/lib/armv6-m\libnosys.a
END GROUP
                0x00000000                CY_APPL_ORIGIN = 0x0
                0x00000100                CY_FLASH_ROW_SIZE = 0x100
                0x00000001                CY_APPL_NUM = 0x1
                0x00000001                CY_APPL_MAX = 0x1
                0x00000040                CY_METADATA_SIZE = 0x40
                0x00000000                CY_APPL_LOADABLE = 0x0
                0x00000000                CY_CHECKSUM_EXCLUDE_SIZE = ALIGN (0x0, CY_FLASH_ROW_SIZE)
                0x00000000                CY_APP_FOR_STACK_AND_COPIER = 0x0
                [!provide]                PROVIDE (__cy_heap_start, _end)
                0x00000001                PROVIDE (__cy_region_num, ((__cy_regions_end - __cy_regions) / 0x10))
                0x20008000                PROVIDE (__cy_stack, (ORIGIN (ram) + LENGTH (ram)))
                [!provide]                PROVIDE (__cy_heap_end, (__cy_stack - 0x800))

.cybootloader   0x00000000        0x0
 *(.cybootloader)
                0x00000000                appl1_start = CY_APPL_ORIGIN?CY_APPL_ORIGIN:ALIGN (CY_FLASH_ROW_SIZE)
                0x0001ff00                appl2_start = (appl1_start + ALIGN ((((LENGTH (rom) - appl1_start) - (0x2 * CY_FLASH_ROW_SIZE)) / 0x2), CY_FLASH_ROW_SIZE))
                0x00000000                appl_start = (CY_APPL_NUM == 0x1)?appl1_start:appl2_start
                0x00000001                cy_project_type_bootloader = (appl_start == 0x0)?0x1:0x0
                0x00000000                cy_project_type_app_for_stack_and_copier = (CY_APP_FOR_STACK_AND_COPIER == 0x1)?0x1:0x0

.text           0x00000000      0x950
 CREATE_OBJECT_SYMBOLS
                0x00000000                PROVIDE (__cy_interrupt_vector, RomVectors)
 *(.romvectors)
 .romvectors    0x00000000       0x10 .\CortexM0\ARM_GCC_541\Debug\Cm0Start.o
                0x00000000                RomVectors
                0x00000001                ASSERT ((. != __cy_interrupt_vector), No interrupt vector)
                0x00000001                ASSERT (CY_APPL_ORIGIN?(SIZEOF (.cybootloader) <= CY_APPL_ORIGIN):0x1, Wrong image location)
                0x00000010                PROVIDE (__cy_reset, Reset)
 *(.text.Reset)
 .text.Reset    0x00000010        0x8 .\CortexM0\ARM_GCC_541\Debug\Cm0Start.o
                0x00000010                Reset
                0x00000001                ASSERT ((. != __cy_reset), No reset code)
 *(.psocinit)
 .psocinit      0x00000018      0x19c .\CortexM0\ARM_GCC_541\Debug\cyfitter_cfg.o
                0x000000f0                cyfitter_cfg
                0x000001b4                . = MAX (., 0x100)
 *(.text .text.* .gnu.linkonce.t.*)
 .text          0x000001b4       0x60 c:/program files (x86)/cypress/psoc creator/4.2/psoc creator/import/gnu/arm/5.4.1/bin/../lib/gcc/arm-none-eabi/5.4.1/armv6-m/crtbegin.o
 .text.Counter_Int_Hnadler
                0x00000214       0x18 .\CortexM0\ARM_GCC_541\Debug\main.o
                0x00000214                Counter_Int_Hnadler
 .text.main     0x0000022c       0x14 .\CortexM0\ARM_GCC_541\Debug\main.o
                0x0000022c                main
 .text.cfg_write_bytes32
                0x00000240       0x34 .\CortexM0\ARM_GCC_541\Debug\cyfitter_cfg.o
 .text.AnalogSetDefault
                0x00000274       0x20 .\CortexM0\ARM_GCC_541\Debug\cyfitter_cfg.o
 .text.CYMEMZERO
                0x00000294        0xc .\CortexM0\ARM_GCC_541\Debug\cyfitter_cfg.o
 .text.IntDefaultHandler
                0x000002a0       0x10 .\CortexM0\ARM_GCC_541\Debug\Cm0Start.o
                0x000002a0                IntDefaultHandler
 .text.Start_c  0x000002b0       0x48 .\CortexM0\ARM_GCC_541\Debug\Cm0Start.o
                0x000002b0                Start_c
 .text.initialize_psoc
                0x000002f8       0x4c .\CortexM0\ARM_GCC_541\Debug\Cm0Start.o
                0x000002f8                initialize_psoc
 .text.Pin_Green_Write
                0x00000344       0x18 .\CortexM0\ARM_GCC_541\Debug\Lesson7-Counter.a(Pin_Green.o)
                0x00000344                Pin_Green_Write
 .text.Pin_Green_Read
                0x0000035c       0x10 .\CortexM0\ARM_GCC_541\Debug\Lesson7-Counter.a(Pin_Green.o)
                0x0000035c                Pin_Green_Read
 .text.CySysClkEcoReadStatus
                0x0000036c       0x10 .\CortexM0\ARM_GCC_541\Debug\Lesson7-Counter.a(CyLib.o)
                0x0000036c                CySysClkEcoReadStatus
 .text.CyIntEnable
                0x0000037c       0x14 .\CortexM0\ARM_GCC_541\Debug\Lesson7-Counter.a(CyLib.o)
                0x0000037c                CyIntEnable
 .text.CyHalt   0x00000390        0x4 .\CortexM0\ARM_GCC_541\Debug\Lesson7-Counter.a(CyLib.o)
                0x00000390                CyHalt
 .text.CyIntSetVector
                0x00000394       0x24 .\CortexM0\ARM_GCC_541\Debug\Lesson7-Counter.a(CyLib.o)
                0x00000394                CyIntSetVector
 .text.CyDelayUs
                0x000003b8       0x14 .\CortexM0\ARM_GCC_541\Debug\Lesson7-Counter.a(CyLib.o)
                0x000003b8                CyDelayUs
 .text.CySysClkWriteImoFreq
                0x000003cc      0x164 .\CortexM0\ARM_GCC_541\Debug\Lesson7-Counter.a(CyLib.o)
                0x000003cc                CySysClkWriteImoFreq
 .text.CySysClkEcoStart
                0x00000530       0x54 .\CortexM0\ARM_GCC_541\Debug\Lesson7-Counter.a(CyLib.o)
                0x00000530                CySysClkEcoStart
 .text.CySysWdtLocked
                0x00000584       0x14 .\CortexM0\ARM_GCC_541\Debug\Lesson7-Counter.a(CyLFClk.o)
 .text.CySysClkWcoStart
                0x00000598       0x40 .\CortexM0\ARM_GCC_541\Debug\Lesson7-Counter.a(CyLFClk.o)
                0x00000598                CySysClkWcoStart
 .text.CySysClkWcoSetPowerMode
                0x000005d8       0x80 .\CortexM0\ARM_GCC_541\Debug\Lesson7-Counter.a(CyLFClk.o)
                0x000005d8                CySysClkWcoSetPowerMode
 .text.CySysWdtLock
                0x00000658       0x1c .\CortexM0\ARM_GCC_541\Debug\Lesson7-Counter.a(CyLFClk.o)
                0x00000658                CySysWdtLock
 .text.CySysWdtUnlock
                0x00000674       0x30 .\CortexM0\ARM_GCC_541\Debug\Lesson7-Counter.a(CyLFClk.o)
                0x00000674                CySysWdtUnlock
 .text.CySysWdtClearInterrupt
                0x000006a4       0x4c .\CortexM0\ARM_GCC_541\Debug\Lesson7-Counter.a(CyLFClk.o)
                0x000006a4                CySysWdtClearInterrupt
 .text.CySysWdtIsr
                0x000006f0       0xa4 .\CortexM0\ARM_GCC_541\Debug\Lesson7-Counter.a(CyLFClk.o)
                0x000006f0                CySysWdtIsr
 .text.Counter_WriteCounter
                0x00000794       0x10 .\CortexM0\ARM_GCC_541\Debug\Lesson7-Counter.a(Counter.o)
                0x00000794                Counter_WriteCounter
 .text.Counter_WritePeriod
                0x000007a4       0x10 .\CortexM0\ARM_GCC_541\Debug\Lesson7-Counter.a(Counter.o)
                0x000007a4                Counter_WritePeriod
 .text.Counter_TriggerCommand
                0x000007b4       0x1c .\CortexM0\ARM_GCC_541\Debug\Lesson7-Counter.a(Counter.o)
                0x000007b4                Counter_TriggerCommand
 .text.Counter_Enable
                0x000007d0       0x24 .\CortexM0\ARM_GCC_541\Debug\Lesson7-Counter.a(Counter.o)
                0x000007d0                Counter_Enable
 .text.Counter_SetInterruptMode
                0x000007f4        0xc .\CortexM0\ARM_GCC_541\Debug\Lesson7-Counter.a(Counter.o)
                0x000007f4                Counter_SetInterruptMode
 .text.Counter_Init
                0x00000800       0x30 .\CortexM0\ARM_GCC_541\Debug\Lesson7-Counter.a(Counter.o)
                0x00000800                Counter_Init
 .text.Counter_Start
                0x00000830       0x20 .\CortexM0\ARM_GCC_541\Debug\Lesson7-Counter.a(Counter.o)
                0x00000830                Counter_Start
 .text.Counter_ClearInterrupt
                0x00000850        0xc .\CortexM0\ARM_GCC_541\Debug\Lesson7-Counter.a(Counter.o)
                0x00000850                Counter_ClearInterrupt
 .text.Counter_Int_SetVector
                0x0000085c        0xc .\CortexM0\ARM_GCC_541\Debug\Lesson7-Counter.a(Counter_Int.o)
                0x0000085c                Counter_Int_SetVector
 .text.Counter_Int_SetPriority
                0x00000868       0x24 .\CortexM0\ARM_GCC_541\Debug\Lesson7-Counter.a(Counter_Int.o)
                0x00000868                Counter_Int_SetPriority
 .text.Counter_Int_Enable
                0x0000088c       0x10 .\CortexM0\ARM_GCC_541\Debug\Lesson7-Counter.a(Counter_Int.o)
                0x0000088c                Counter_Int_Enable
 .text.Counter_Int_Disable
                0x0000089c       0x10 .\CortexM0\ARM_GCC_541\Debug\Lesson7-Counter.a(Counter_Int.o)
                0x0000089c                Counter_Int_Disable
 .text.Counter_Int_StartEx
                0x000008ac       0x1c .\CortexM0\ARM_GCC_541\Debug\Lesson7-Counter.a(Counter_Int.o)
                0x000008ac                Counter_Int_StartEx
 .text          0x000008c8       0x20 .\CortexM0\ARM_GCC_541\Debug\Lesson7-Counter.a(CyBootAsmGnu.o)
                0x000008c8                CyDelayCycles
                0x000008da                CyEnterCriticalSection
                0x000008e2                CyExitCriticalSection
 .text.__errno  0x000008e8        0xc c:/program files (x86)/cypress/psoc creator/4.2/psoc creator/import/gnu/arm/5.4.1/bin/../lib/gcc/arm-none-eabi/5.4.1/../../../../arm-none-eabi/lib/armv6-m\libg_nano.a(lib_a-errno.o)
                0x000008e8                __errno
 .text.__libc_init_array
                0x000008f4       0x4c c:/program files (x86)/cypress/psoc creator/4.2/psoc creator/import/gnu/arm/5.4.1/bin/../lib/gcc/arm-none-eabi/5.4.1/../../../../arm-none-eabi/lib/armv6-m\libg_nano.a(lib_a-init.o)
                0x000008f4                __libc_init_array
 .text.memset   0x00000940       0x10 c:/program files (x86)/cypress/psoc creator/4.2/psoc creator/import/gnu/arm/5.4.1/bin/../lib/gcc/arm-none-eabi/5.4.1/../../../../arm-none-eabi/lib/armv6-m\libg_nano.a(lib_a-memset.o)
                0x00000940                memset
 *(.plt)
 *(.gnu.warning)
 *(.glue_7t)
 .glue_7t       0x00000950        0x0 linker stubs
 *(.glue_7)
 .glue_7        0x00000950        0x0 linker stubs
 *(.vfp11_veneer)
 .vfp11_veneer  0x00000950        0x0 linker stubs
 *(.bootloader)
 *(.ARM.extab* .gnu.linkonce.armextab.*)
 *(.gcc_except_table)

.v4_bx          0x00000950        0x0
 .v4_bx         0x00000950        0x0 linker stubs

.iplt           0x00000950        0x0
 .iplt          0x00000950        0x0 c:/program files (x86)/cypress/psoc creator/4.2/psoc creator/import/gnu/arm/5.4.1/bin/../lib/gcc/arm-none-eabi/5.4.1/armv6-m/crtbegin.o

.eh_frame_hdr
 *(.eh_frame_hdr)

.eh_frame       0x00000950        0x4
 *(.eh_frame)
 .eh_frame      0x00000950        0x0 c:/program files (x86)/cypress/psoc creator/4.2/psoc creator/import/gnu/arm/5.4.1/bin/../lib/gcc/arm-none-eabi/5.4.1/armv6-m/crtbegin.o
 .eh_frame      0x00000950        0x4 c:/program files (x86)/cypress/psoc creator/4.2/psoc creator/import/gnu/arm/5.4.1/bin/../lib/gcc/arm-none-eabi/5.4.1/armv6-m/crtend.o
                [!provide]                PROVIDE (__exidx_start, .)

.ARM.exidx
 *(.ARM.exidx* .gnu.linkonce.armexidx.*)
                0x00000954                __exidx_end = .

.rodata         0x00000954       0x7c
 *(.rodata .rodata.* .gnu.linkonce.r.*)
 .rodata        0x00000954       0x18 .\CortexM0\ARM_GCC_541\Debug\cyfitter_cfg.o
 .rodata        0x0000096c       0x2e .\CortexM0\ARM_GCC_541\Debug\Lesson7-Counter.a(CyLib.o)
                0x0000096c                cyImoFreqMhz2Reg
 .rodata.str1.1
                0x0000099a        0x2 c:/program files (x86)/cypress/psoc creator/4.2/psoc creator/import/gnu/arm/5.4.1/bin/../lib/gcc/arm-none-eabi/5.4.1/../../../../arm-none-eabi/lib/armv6-m\libg_nano.a(lib_a-impure.o)
                0x0000099c                . = ALIGN (0x4)
 *(.init)
 .init          0x0000099c        0x4 c:/program files (x86)/cypress/psoc creator/4.2/psoc creator/import/gnu/arm/5.4.1/bin/../lib/gcc/arm-none-eabi/5.4.1/armv6-m/crti.o
                0x0000099c                _init
 .init          0x000009a0        0x8 c:/program files (x86)/cypress/psoc creator/4.2/psoc creator/import/gnu/arm/5.4.1/bin/../lib/gcc/arm-none-eabi/5.4.1/armv6-m/crtn.o
                0x000009a8                . = ALIGN (0x4)
                0x000009a8                __preinit_array_start = .
 *(.preinit_array)
                0x000009a8                __preinit_array_end = .
                0x000009a8                . = ALIGN (0x4)
                0x000009a8                __init_array_start = .
 *(SORT(.init_array.*))
 *(.init_array)
 .init_array    0x000009a8        0x4 c:/program files (x86)/cypress/psoc creator/4.2/psoc creator/import/gnu/arm/5.4.1/bin/../lib/gcc/arm-none-eabi/5.4.1/armv6-m/crtbegin.o
 .init_array    0x000009ac        0x4 .\CortexM0\ARM_GCC_541\Debug\Cm0Start.o
                0x000009b0                __init_array_end = .
                0x000009b0                . = ALIGN (0x4)
 *(.fini)
 .fini          0x000009b0        0x4 c:/program files (x86)/cypress/psoc creator/4.2/psoc creator/import/gnu/arm/5.4.1/bin/../lib/gcc/arm-none-eabi/5.4.1/armv6-m/crti.o
                0x000009b0                _fini
 .fini          0x000009b4        0x8 c:/program files (x86)/cypress/psoc creator/4.2/psoc creator/import/gnu/arm/5.4.1/bin/../lib/gcc/arm-none-eabi/5.4.1/armv6-m/crtn.o
                0x000009bc                . = ALIGN (0x4)
                0x000009bc                __fini_array_start = .
 *(.fini_array)
 .fini_array    0x000009bc        0x4 c:/program files (x86)/cypress/psoc creator/4.2/psoc creator/import/gnu/arm/5.4.1/bin/../lib/gcc/arm-none-eabi/5.4.1/armv6-m/crtbegin.o
 *(SORT(.fini_array.*))
                0x000009c0                __fini_array_end = .
                0x000009c0                . = ALIGN (0x4)
 *crtbegin.o(.ctors)
 *(EXCLUDE_FILE(*crtend.o) .ctors)
 *(SORT(.ctors.*))
 *crtend.o(.ctors)
                0x000009c0                . = ALIGN (0x4)
 *crtbegin.o(.dtors)
 *(EXCLUDE_FILE(*crtend.o) .dtors)
 *(SORT(.dtors.*))
 *crtend.o(.dtors)
                0x000009c0                . = ALIGN (0x4)
                0x000009c0                __cy_regions = .
                0x000009c0        0x4 LONG 0x9d0 __cy_region_init_ram
                0x000009c4        0x4 LONG 0x200000c0 __cy_region_start_data
                0x000009c8        0x4 LONG 0x88 __cy_region_init_size_ram
                0x000009cc        0x4 LONG 0x48 __cy_region_zero_size_ram
                0x000009d0                __cy_regions_end = .
                0x000009d0                . = ALIGN (0x8)
                0x000009d0                _etext = .

.cy_checksum_exclude
                0x000009d0        0x0
 *(.cy_checksum_exclude)

.ramvectors     0x20000000       0xc0
                0x20000000                __cy_region_start_ram = .
 *(.ramvectors)
 .ramvectors    0x20000000       0xc0 .\CortexM0\ARM_GCC_541\Debug\Cm0Start.o
                0x20000000                CyRamVectors

.noinit
 *(.noinit)

.data           0x200000c0       0x88 load address 0x000009d0
                0x200000c0                __cy_region_start_data = .
 *(.jcr)
 .jcr           0x200000c0        0x0 c:/program files (x86)/cypress/psoc creator/4.2/psoc creator/import/gnu/arm/5.4.1/bin/../lib/gcc/arm-none-eabi/5.4.1/armv6-m/crtbegin.o
 .jcr           0x200000c0        0x4 c:/program files (x86)/cypress/psoc creator/4.2/psoc creator/import/gnu/arm/5.4.1/bin/../lib/gcc/arm-none-eabi/5.4.1/armv6-m/crtend.o
 *(.got.plt)
 *(.got)
 *(.shdata)
 *(.data .data.* .gnu.linkonce.d.*)
 .data          0x200000c4       0x14 .\CortexM0\ARM_GCC_541\Debug\Lesson7-Counter.a(CyLib.o)
                0x200000c4                CySysClkPumpConfig
                0x200000c8                cydelay32kMs
                0x200000cc                cydelayFreqKhz
                0x200000d0                cydelayFreqMhz
                0x200000d4                cydelayFreqHz
 .data          0x200000d8        0x8 .\CortexM0\ARM_GCC_541\Debug\Lesson7-Counter.a(CyLFClk.o)
 .data.impure_data
                0x200000e0       0x60 c:/program files (x86)/cypress/psoc creator/4.2/psoc creator/import/gnu/arm/5.4.1/bin/../lib/gcc/arm-none-eabi/5.4.1/../../../../arm-none-eabi/lib/armv6-m\libg_nano.a(lib_a-impure.o)
 .data._impure_ptr
                0x20000140        0x4 c:/program files (x86)/cypress/psoc creator/4.2/psoc creator/import/gnu/arm/5.4.1/bin/../lib/gcc/arm-none-eabi/5.4.1/../../../../arm-none-eabi/lib/armv6-m\libg_nano.a(lib_a-impure.o)
                0x20000140                _impure_ptr
                0x20000148                . = ALIGN (0x8)
 *fill*         0x20000144        0x4 
 *(.ram)
                0x20000148                _edata = .

.igot.plt       0x20000148        0x0 load address 0x00000a58
 .igot.plt      0x20000148        0x0 c:/program files (x86)/cypress/psoc creator/4.2/psoc creator/import/gnu/arm/5.4.1/bin/../lib/gcc/arm-none-eabi/5.4.1/armv6-m/crtbegin.o

.bss            0x20000148       0x48 load address 0x00000a58
                0x20000148                PROVIDE (__bss_start__, .)
 *(.shbss)
 *(.bss .bss.* .gnu.linkonce.b.*)
 .bss           0x20000148       0x1c c:/program files (x86)/cypress/psoc creator/4.2/psoc creator/import/gnu/arm/5.4.1/bin/../lib/gcc/arm-none-eabi/5.4.1/armv6-m/crtbegin.o
 .bss           0x20000164       0x28 .\CortexM0\ARM_GCC_541\Debug\Lesson7-Counter.a(CyLFClk.o)
 .bss           0x2000018c        0x1 .\CortexM0\ARM_GCC_541\Debug\Lesson7-Counter.a(Counter.o)
                0x2000018c                Counter_initVar
 *(COMMON)
                0x20000190                . = ALIGN (0x8)
 *fill*         0x2000018d        0x3 
 *(.ram.b)
                0x20000190                _end = .
                0x20000190                __end = .
                0x20000190                PROVIDE (end, .)
                0x20000190                PROVIDE (__bss_end__, .)
                0x000009d0                __cy_region_init_ram = LOADADDR (.data)
                0x00000088                __cy_region_init_size_ram = (_edata - ADDR (.data))
                0x00000048                __cy_region_zero_size_ram = (_end - _edata)

.heap           0x20000190       0x80 load address 0x00000a58
                0x20000190                . = _end
                0x20000210                . = (. + 0x80)
 *fill*         0x20000190       0x80 
                0x20000210                __cy_heap_limit = .

.stack          0x20007800      0x800
                0x20007800                __cy_stack_limit = .
                0x20008000                . = (. + 0x800)
 *fill*         0x20007800      0x800 
                0x00000001                ASSERT ((__cy_stack_limit >= __cy_heap_limit), region RAM overflowed with stack)
                0x00000000                cy_checksum_exclude_size = (CY_APPL_LOADABLE == 0x1)?SIZEOF (.cy_checksum_exclude):0x0
                0x00000001                ASSERT ((cy_checksum_exclude_size <= CY_CHECKSUM_EXCLUDE_SIZE), CY_BOOT: Section .cy_checksum_exclude size exceedes specified limit.)
                0x0003ffc0                cyloadermeta_start = (cy_project_type_bootloader || cy_project_type_app_for_stack_and_copier)?(LENGTH (rom) - CY_METADATA_SIZE):0xf0000000

.cyloadermeta
 *(.cyloadermeta)
                0x0003ffc0                cyloadablemeta_start = cy_project_type_app_for_stack_and_copier?((LENGTH (rom) - CY_FLASH_ROW_SIZE) - CY_METADATA_SIZE):((LENGTH (rom) - (CY_FLASH_ROW_SIZE * (CY_APPL_NUM - 0x1))) - CY_METADATA_SIZE)

.cyloadablemeta
 *(.cyloadablemeta)

.cyflashprotect
                0x90400000       0x80
 *(.cyflashprotect)
 .cyflashprotect
                0x90400000       0x80 .\CortexM0\ARM_GCC_541\Debug\cymetadata.o
                0x90400000                cy_meta_flashprotect

.cymeta         0x90500000        0xc
 *(.cymeta)
 .cymeta        0x90500000        0xc .\CortexM0\ARM_GCC_541\Debug\cymetadata.o
                0x90500000                cy_metadata

.cychipprotect  0x90600000        0x1
 *(.cychipprotect)
 .cychipprotect
                0x90600000        0x1 .\CortexM0\ARM_GCC_541\Debug\cymetadata.o
                0x90600000                cy_meta_chipprotect

.rel.dyn        0x00000a58        0x0 load address 0x90600004
 .rel.iplt      0x00000a58        0x0 c:/program files (x86)/cypress/psoc creator/4.2/psoc creator/import/gnu/arm/5.4.1/bin/../lib/gcc/arm-none-eabi/5.4.1/armv6-m/crtbegin.o

.stab
 *(.stab)

.stabstr
 *(.stabstr)

.debug
 *(.debug)

.line
 *(.line)

.debug_srcinfo
 *(.debug_srcinfo)

.debug_sfnames
 *(.debug_sfnames)

.debug_aranges  0x00000000      0x660
 *(.debug_aranges)
 .debug_aranges
                0x00000000       0x28 .\CortexM0\ARM_GCC_541\Debug\main.o
 .debug_aranges
                0x00000028       0x40 .\CortexM0\ARM_GCC_541\Debug\cyfitter_cfg.o
 .debug_aranges
                0x00000068       0x18 .\CortexM0\ARM_GCC_541\Debug\cymetadata.o
 .debug_aranges
                0x00000080       0x48 .\CortexM0\ARM_GCC_541\Debug\Cm0Start.o
 .debug_aranges
                0x000000c8       0x48 .\CortexM0\ARM_GCC_541\Debug\Lesson7-Counter.a(Pin_Green.o)
 .debug_aranges
                0x00000110      0x1d0 .\CortexM0\ARM_GCC_541\Debug\Lesson7-Counter.a(CyLib.o)
 .debug_aranges
                0x000002e0      0x188 .\CortexM0\ARM_GCC_541\Debug\Lesson7-Counter.a(CyLFClk.o)
 .debug_aranges
                0x00000468      0x158 .\CortexM0\ARM_GCC_541\Debug\Lesson7-Counter.a(Counter.o)
 .debug_aranges
                0x000005c0       0x80 .\CortexM0\ARM_GCC_541\Debug\Lesson7-Counter.a(Counter_Int.o)
 .debug_aranges
                0x00000640       0x20 .\CortexM0\ARM_GCC_541\Debug\Lesson7-Counter.a(CyBootAsmGnu.o)

.debug_pubnames
 *(.debug_pubnames)

.debug_info     0x00000000     0x35fa
 *(.debug_info .gnu.linkonce.wi.*)
 .debug_info    0x00000000      0x141 .\CortexM0\ARM_GCC_541\Debug\main.o
 .debug_info    0x00000141      0x450 .\CortexM0\ARM_GCC_541\Debug\cyfitter_cfg.o
 .debug_info    0x00000591       0xf8 .\CortexM0\ARM_GCC_541\Debug\cymetadata.o
 .debug_info    0x00000689      0x3a2 .\CortexM0\ARM_GCC_541\Debug\Cm0Start.o
 .debug_info    0x00000a2b      0x19d .\CortexM0\ARM_GCC_541\Debug\Lesson7-Counter.a(Pin_Green.o)
 .debug_info    0x00000bc8      0xd2b .\CortexM0\ARM_GCC_541\Debug\Lesson7-Counter.a(CyLib.o)
 .debug_info    0x000018f3     0x1071 .\CortexM0\ARM_GCC_541\Debug\Lesson7-Counter.a(CyLFClk.o)
 .debug_info    0x00002964      0x8f4 .\CortexM0\ARM_GCC_541\Debug\Lesson7-Counter.a(Counter.o)
 .debug_info    0x00003258      0x305 .\CortexM0\ARM_GCC_541\Debug\Lesson7-Counter.a(Counter_Int.o)
 .debug_info    0x0000355d       0x9d .\CortexM0\ARM_GCC_541\Debug\Lesson7-Counter.a(CyBootAsmGnu.o)

.debug_abbrev   0x00000000      0xc4e
 *(.debug_abbrev)
 .debug_abbrev  0x00000000       0xb4 .\CortexM0\ARM_GCC_541\Debug\main.o
 .debug_abbrev  0x000000b4      0x1af .\CortexM0\ARM_GCC_541\Debug\cyfitter_cfg.o
 .debug_abbrev  0x00000263       0x5d .\CortexM0\ARM_GCC_541\Debug\cymetadata.o
 .debug_abbrev  0x000002c0      0x1d7 .\CortexM0\ARM_GCC_541\Debug\Cm0Start.o
 .debug_abbrev  0x00000497       0xc8 .\CortexM0\ARM_GCC_541\Debug\Lesson7-Counter.a(Pin_Green.o)
 .debug_abbrev  0x0000055f      0x1e0 .\CortexM0\ARM_GCC_541\Debug\Lesson7-Counter.a(CyLib.o)
 .debug_abbrev  0x0000073f      0x248 .\CortexM0\ARM_GCC_541\Debug\Lesson7-Counter.a(CyLFClk.o)
 .debug_abbrev  0x00000987      0x119 .\CortexM0\ARM_GCC_541\Debug\Lesson7-Counter.a(Counter.o)
 .debug_abbrev  0x00000aa0      0x19a .\CortexM0\ARM_GCC_541\Debug\Lesson7-Counter.a(Counter_Int.o)
 .debug_abbrev  0x00000c3a       0x14 .\CortexM0\ARM_GCC_541\Debug\Lesson7-Counter.a(CyBootAsmGnu.o)

.debug_line     0x00000000     0x16c8
 *(.debug_line)
 .debug_line    0x00000000       0x9c .\CortexM0\ARM_GCC_541\Debug\main.o
 .debug_line    0x0000009c      0x18c .\CortexM0\ARM_GCC_541\Debug\cyfitter_cfg.o
 .debug_line    0x00000228      0x141 .\CortexM0\ARM_GCC_541\Debug\cymetadata.o
 .debug_line    0x00000369      0x236 .\CortexM0\ARM_GCC_541\Debug\Cm0Start.o
 .debug_line    0x0000059f       0xc1 .\CortexM0\ARM_GCC_541\Debug\Lesson7-Counter.a(Pin_Green.o)
 .debug_line    0x00000660      0x553 .\CortexM0\ARM_GCC_541\Debug\Lesson7-Counter.a(CyLib.o)
 .debug_line    0x00000bb3      0x5db .\CortexM0\ARM_GCC_541\Debug\Lesson7-Counter.a(CyLFClk.o)
 .debug_line    0x0000118e      0x37b .\CortexM0\ARM_GCC_541\Debug\Lesson7-Counter.a(Counter.o)
 .debug_line    0x00001509      0x157 .\CortexM0\ARM_GCC_541\Debug\Lesson7-Counter.a(Counter_Int.o)
 .debug_line    0x00001660       0x68 .\CortexM0\ARM_GCC_541\Debug\Lesson7-Counter.a(CyBootAsmGnu.o)

.debug_frame    0x00000000     0x10e0
 *(.debug_frame)
 .debug_frame   0x00000000       0x48 .\CortexM0\ARM_GCC_541\Debug\main.o
 .debug_frame   0x00000048       0x9c .\CortexM0\ARM_GCC_541\Debug\cyfitter_cfg.o
 .debug_frame   0x000000e4       0xbc .\CortexM0\ARM_GCC_541\Debug\Cm0Start.o
 .debug_frame   0x000001a0       0x70 .\CortexM0\ARM_GCC_541\Debug\Lesson7-Counter.a(Pin_Green.o)
 .debug_frame   0x00000210      0x4a4 .\CortexM0\ARM_GCC_541\Debug\Lesson7-Counter.a(CyLib.o)
 .debug_frame   0x000006b4      0x4a8 .\CortexM0\ARM_GCC_541\Debug\Lesson7-Counter.a(CyLFClk.o)
 .debug_frame   0x00000b5c      0x3a0 .\CortexM0\ARM_GCC_541\Debug\Lesson7-Counter.a(Counter.o)
 .debug_frame   0x00000efc      0x110 .\CortexM0\ARM_GCC_541\Debug\Lesson7-Counter.a(Counter_Int.o)
 .debug_frame   0x0000100c       0x20 c:/program files (x86)/cypress/psoc creator/4.2/psoc creator/import/gnu/arm/5.4.1/bin/../lib/gcc/arm-none-eabi/5.4.1/armv6-m\libgcc.a(_udivsi3.o)
 .debug_frame   0x0000102c       0x20 c:/program files (x86)/cypress/psoc creator/4.2/psoc creator/import/gnu/arm/5.4.1/bin/../lib/gcc/arm-none-eabi/5.4.1/armv6-m\libgcc.a(_divsi3.o)
 .debug_frame   0x0000104c       0x20 c:/program files (x86)/cypress/psoc creator/4.2/psoc creator/import/gnu/arm/5.4.1/bin/../lib/gcc/arm-none-eabi/5.4.1/../../../../arm-none-eabi/lib/armv6-m\libg_nano.a(lib_a-errno.o)
 .debug_frame   0x0000106c       0x28 c:/program files (x86)/cypress/psoc creator/4.2/psoc creator/import/gnu/arm/5.4.1/bin/../lib/gcc/arm-none-eabi/5.4.1/../../../../arm-none-eabi/lib/armv6-m\libg_nano.a(lib_a-exit.o)
 .debug_frame   0x00001094       0x2c c:/program files (x86)/cypress/psoc creator/4.2/psoc creator/import/gnu/arm/5.4.1/bin/../lib/gcc/arm-none-eabi/5.4.1/../../../../arm-none-eabi/lib/armv6-m\libg_nano.a(lib_a-init.o)
 .debug_frame   0x000010c0       0x20 c:/program files (x86)/cypress/psoc creator/4.2/psoc creator/import/gnu/arm/5.4.1/bin/../lib/gcc/arm-none-eabi/5.4.1/../../../../arm-none-eabi/lib/armv6-m\libg_nano.a(lib_a-memset.o)

.debug_str      0x00000000     0x179c
 *(.debug_str)
 .debug_str     0x00000000      0x1c7 .\CortexM0\ARM_GCC_541\Debug\main.o
                                0x207 (size before relaxing)
 .debug_str     0x000001c7      0x183 .\CortexM0\ARM_GCC_541\Debug\cyfitter_cfg.o
                                0x335 (size before relaxing)
 .debug_str     0x0000034a       0x63 .\CortexM0\ARM_GCC_541\Debug\cymetadata.o
                                0x1d5 (size before relaxing)
 .debug_str     0x000003ad      0x13a .\CortexM0\ARM_GCC_541\Debug\Cm0Start.o
                                0x30e (size before relaxing)
 .debug_str     0x000004e7       0xad .\CortexM0\ARM_GCC_541\Debug\Lesson7-Counter.a(Pin_Green.o)
                                0x25f (size before relaxing)
 .debug_str     0x00000594      0x5d7 .\CortexM0\ARM_GCC_541\Debug\Lesson7-Counter.a(CyLib.o)
                                0x805 (size before relaxing)
 .debug_str     0x00000b6b      0x6e7 .\CortexM0\ARM_GCC_541\Debug\Lesson7-Counter.a(CyLFClk.o)
                                0x945 (size before relaxing)
 .debug_str     0x00001252      0x415 .\CortexM0\ARM_GCC_541\Debug\Lesson7-Counter.a(Counter.o)
                                0x612 (size before relaxing)
 .debug_str     0x00001667      0x135 .\CortexM0\ARM_GCC_541\Debug\Lesson7-Counter.a(Counter_Int.o)
                                0x34b (size before relaxing)

.debug_loc      0x00000000     0x1e94
 *(.debug_loc)
 .debug_loc     0x00000000      0x118 .\CortexM0\ARM_GCC_541\Debug\cyfitter_cfg.o
 .debug_loc     0x00000118      0x14f .\CortexM0\ARM_GCC_541\Debug\Cm0Start.o
 .debug_loc     0x00000267       0xa2 .\CortexM0\ARM_GCC_541\Debug\Lesson7-Counter.a(Pin_Green.o)
 .debug_loc     0x00000309      0x818 .\CortexM0\ARM_GCC_541\Debug\Lesson7-Counter.a(CyLib.o)
 .debug_loc     0x00000b21      0xdaa .\CortexM0\ARM_GCC_541\Debug\Lesson7-Counter.a(CyLFClk.o)
 .debug_loc     0x000018cb      0x547 .\CortexM0\ARM_GCC_541\Debug\Lesson7-Counter.a(Counter.o)
 .debug_loc     0x00001e12       0x82 .\CortexM0\ARM_GCC_541\Debug\Lesson7-Counter.a(Counter_Int.o)

.debug_macinfo
 *(.debug_macinfo)

.debug_ranges   0x00000000      0x5a8
 *(.debug_ranges)
 .debug_ranges  0x00000000       0x18 .\CortexM0\ARM_GCC_541\Debug\main.o
 .debug_ranges  0x00000018       0x30 .\CortexM0\ARM_GCC_541\Debug\cyfitter_cfg.o
 .debug_ranges  0x00000048       0x38 .\CortexM0\ARM_GCC_541\Debug\Cm0Start.o
 .debug_ranges  0x00000080       0x38 .\CortexM0\ARM_GCC_541\Debug\Lesson7-Counter.a(Pin_Green.o)
 .debug_ranges  0x000000b8      0x1c0 .\CortexM0\ARM_GCC_541\Debug\Lesson7-Counter.a(CyLib.o)
 .debug_ranges  0x00000278      0x178 .\CortexM0\ARM_GCC_541\Debug\Lesson7-Counter.a(CyLFClk.o)
 .debug_ranges  0x000003f0      0x148 .\CortexM0\ARM_GCC_541\Debug\Lesson7-Counter.a(Counter.o)
 .debug_ranges  0x00000538       0x70 .\CortexM0\ARM_GCC_541\Debug\Lesson7-Counter.a(Counter_Int.o)

.comment        0x00000000       0x6e
 .comment       0x00000000       0x6e .\CortexM0\ARM_GCC_541\Debug\main.o
                                 0x6f (size before relaxing)
 .comment       0x0000006e       0x6f .\CortexM0\ARM_GCC_541\Debug\cyfitter_cfg.o
 .comment       0x0000006e       0x6f .\CortexM0\ARM_GCC_541\Debug\cymetadata.o
 .comment       0x0000006e       0x6f .\CortexM0\ARM_GCC_541\Debug\Cm0Start.o
 .comment       0x0000006e       0x6f .\CortexM0\ARM_GCC_541\Debug\Lesson7-Counter.a(Pin_Green.o)
 .comment       0x0000006e       0x6f .\CortexM0\ARM_GCC_541\Debug\Lesson7-Counter.a(CyLib.o)
 .comment       0x0000006e       0x6f .\CortexM0\ARM_GCC_541\Debug\Lesson7-Counter.a(CyLFClk.o)
 .comment       0x0000006e       0x6f .\CortexM0\ARM_GCC_541\Debug\Lesson7-Counter.a(Counter.o)
 .comment       0x0000006e       0x6f .\CortexM0\ARM_GCC_541\Debug\Lesson7-Counter.a(Counter_Int.o)

.debug_weaknames
 *(.debug_weaknames)

.debug_funcnames
 *(.debug_funcnames)

.debug_typenames
 *(.debug_typenames)

.debug_varnames
 *(.debug_varnames)

.note.gnu.arm.ident
 *(.note.gnu.arm.ident)

.ARM.attributes
                0x00000000       0x28
 *(.ARM.attributes)
 .ARM.attributes
                0x00000000       0x1e c:/program files (x86)/cypress/psoc creator/4.2/psoc creator/import/gnu/arm/5.4.1/bin/../lib/gcc/arm-none-eabi/5.4.1/armv6-m/crti.o
 .ARM.attributes
                0x0000001e       0x2c c:/program files (x86)/cypress/psoc creator/4.2/psoc creator/import/gnu/arm/5.4.1/bin/../lib/gcc/arm-none-eabi/5.4.1/armv6-m/crtbegin.o
 .ARM.attributes
                0x0000004a       0x1b c:/program files (x86)/cypress/psoc creator/4.2/psoc creator/import/gnu/arm/5.4.1/bin/../lib/gcc/arm-none-eabi/5.4.1/../../../../arm-none-eabi/lib/armv6-m/crt0.o
 .ARM.attributes
                0x00000065       0x31 .\CortexM0\ARM_GCC_541\Debug\main.o
 .ARM.attributes
                0x00000096       0x31 .\CortexM0\ARM_GCC_541\Debug\cyfitter_cfg.o
 .ARM.attributes
                0x000000c7       0x31 .\CortexM0\ARM_GCC_541\Debug\cymetadata.o
 .ARM.attributes
                0x000000f8       0x31 .\CortexM0\ARM_GCC_541\Debug\Cm0Start.o
 .ARM.attributes
                0x00000129       0x31 .\CortexM0\ARM_GCC_541\Debug\Lesson7-Counter.a(Pin_Green.o)
 .ARM.attributes
                0x0000015a       0x31 .\CortexM0\ARM_GCC_541\Debug\Lesson7-Counter.a(CyLib.o)
 .ARM.attributes
                0x0000018b       0x31 .\CortexM0\ARM_GCC_541\Debug\Lesson7-Counter.a(CyLFClk.o)
 .ARM.attributes
                0x000001bc       0x31 .\CortexM0\ARM_GCC_541\Debug\Lesson7-Counter.a(Counter.o)
 .ARM.attributes
                0x000001ed       0x31 .\CortexM0\ARM_GCC_541\Debug\Lesson7-Counter.a(Counter_Int.o)
 .ARM.attributes
                0x0000021e       0x21 .\CortexM0\ARM_GCC_541\Debug\Lesson7-Counter.a(CyBootAsmGnu.o)
 .ARM.attributes
                0x0000023f       0x1e c:/program files (x86)/cypress/psoc creator/4.2/psoc creator/import/gnu/arm/5.4.1/bin/../lib/gcc/arm-none-eabi/5.4.1/armv6-m\libgcc.a(_udivsi3.o)
 .ARM.attributes
                0x0000025d       0x1e c:/program files (x86)/cypress/psoc creator/4.2/psoc creator/import/gnu/arm/5.4.1/bin/../lib/gcc/arm-none-eabi/5.4.1/armv6-m\libgcc.a(_divsi3.o)
 .ARM.attributes
                0x0000027b       0x1e c:/program files (x86)/cypress/psoc creator/4.2/psoc creator/import/gnu/arm/5.4.1/bin/../lib/gcc/arm-none-eabi/5.4.1/armv6-m\libgcc.a(_dvmd_tls.o)
 .ARM.attributes
                0x00000299       0x2c c:/program files (x86)/cypress/psoc creator/4.2/psoc creator/import/gnu/arm/5.4.1/bin/../lib/gcc/arm-none-eabi/5.4.1/../../../../arm-none-eabi/lib/armv6-m\libg_nano.a(lib_a-errno.o)
 .ARM.attributes
                0x000002c5       0x2c c:/program files (x86)/cypress/psoc creator/4.2/psoc creator/import/gnu/arm/5.4.1/bin/../lib/gcc/arm-none-eabi/5.4.1/../../../../arm-none-eabi/lib/armv6-m\libg_nano.a(lib_a-exit.o)
 .ARM.attributes
                0x000002f1       0x2c c:/program files (x86)/cypress/psoc creator/4.2/psoc creator/import/gnu/arm/5.4.1/bin/../lib/gcc/arm-none-eabi/5.4.1/../../../../arm-none-eabi/lib/armv6-m\libg_nano.a(lib_a-impure.o)
 .ARM.attributes
                0x0000031d       0x2c c:/program files (x86)/cypress/psoc creator/4.2/psoc creator/import/gnu/arm/5.4.1/bin/../lib/gcc/arm-none-eabi/5.4.1/../../../../arm-none-eabi/lib/armv6-m\libg_nano.a(lib_a-init.o)
 .ARM.attributes
                0x00000349       0x2c c:/program files (x86)/cypress/psoc creator/4.2/psoc creator/import/gnu/arm/5.4.1/bin/../lib/gcc/arm-none-eabi/5.4.1/../../../../arm-none-eabi/lib/armv6-m\libg_nano.a(lib_a-memset.o)
 .ARM.attributes
                0x00000375       0x2c c:/program files (x86)/cypress/psoc creator/4.2/psoc creator/import/gnu/arm/5.4.1/bin/../lib/gcc/arm-none-eabi/5.4.1/armv6-m/crtend.o
 .ARM.attributes
                0x000003a1       0x1e c:/program files (x86)/cypress/psoc creator/4.2/psoc creator/import/gnu/arm/5.4.1/bin/../lib/gcc/arm-none-eabi/5.4.1/armv6-m/crtn.o

/DISCARD/
 *(.note.GNU-stack)
OUTPUT(C:\Users\wl\Desktop\cypressResource\projects\Workspace01\Lesson7-Counter.cydsn\CortexM0\ARM_GCC_541\Debug\Lesson7-Counter.elf elf32-littlearm)
