ARM GAS  C:\Users\wl\AppData\Local\Temp\ccblIUMT.s 			page 1


   1              		.syntax unified
   2              		.cpu cortex-m0
   3              		.fpu softvfp
   4              		.eabi_attribute 20, 1
   5              		.eabi_attribute 21, 1
   6              		.eabi_attribute 23, 3
   7              		.eabi_attribute 24, 1
   8              		.eabi_attribute 25, 1
   9              		.eabi_attribute 26, 1
  10              		.eabi_attribute 30, 1
  11              		.eabi_attribute 34, 0
  12              		.eabi_attribute 18, 4
  13              		.thumb
  14              		.syntax unified
  15              		.file	"cyfitter_cfg.c"
  16              		.text
  17              	.Ltext0:
  18              		.cfi_sections	.debug_frame
  19              		.section	.text.AnalogSetDefault,"ax",%progbits
  20              		.align	2
  21              		.code	16
  22              		.thumb_func
  23              		.type	AnalogSetDefault, %function
  24              	AnalogSetDefault:
  25              	.LFB6:
  26              		.file 1 "Generated_Source\\PSoC4\\cyfitter_cfg.c"
   1:Generated_Source\PSoC4/cyfitter_cfg.c **** 
   2:Generated_Source\PSoC4/cyfitter_cfg.c **** /*******************************************************************************
   3:Generated_Source\PSoC4/cyfitter_cfg.c **** * File Name: cyfitter_cfg.c
   4:Generated_Source\PSoC4/cyfitter_cfg.c **** * 
   5:Generated_Source\PSoC4/cyfitter_cfg.c **** * PSoC Creator  4.2
   6:Generated_Source\PSoC4/cyfitter_cfg.c **** *
   7:Generated_Source\PSoC4/cyfitter_cfg.c **** * Description:
   8:Generated_Source\PSoC4/cyfitter_cfg.c **** * This file contains device initialization code.
   9:Generated_Source\PSoC4/cyfitter_cfg.c **** * Except for the user defined sections in CyClockStartupError(), this file should not be modified.
  10:Generated_Source\PSoC4/cyfitter_cfg.c **** * This file is automatically generated by PSoC Creator.
  11:Generated_Source\PSoC4/cyfitter_cfg.c **** *
  12:Generated_Source\PSoC4/cyfitter_cfg.c **** ********************************************************************************
  13:Generated_Source\PSoC4/cyfitter_cfg.c **** * Copyright (c) 2007-2018 Cypress Semiconductor.  All rights reserved.
  14:Generated_Source\PSoC4/cyfitter_cfg.c **** * You may use this file only in accordance with the license, terms, conditions, 
  15:Generated_Source\PSoC4/cyfitter_cfg.c **** * disclaimers, and limitations in the end user license agreement accompanying 
  16:Generated_Source\PSoC4/cyfitter_cfg.c **** * the software package with which this file was provided.
  17:Generated_Source\PSoC4/cyfitter_cfg.c **** ********************************************************************************/
  18:Generated_Source\PSoC4/cyfitter_cfg.c **** 
  19:Generated_Source\PSoC4/cyfitter_cfg.c **** #include <string.h>
  20:Generated_Source\PSoC4/cyfitter_cfg.c **** #include "cytypes.h"
  21:Generated_Source\PSoC4/cyfitter_cfg.c **** #include "cydevice_trm.h"
  22:Generated_Source\PSoC4/cyfitter_cfg.c **** #include "cyfitter.h"
  23:Generated_Source\PSoC4/cyfitter_cfg.c **** #include "CyLib.h"
  24:Generated_Source\PSoC4/cyfitter_cfg.c **** #include "CyLFClk.h"
  25:Generated_Source\PSoC4/cyfitter_cfg.c **** #include "cyfitter_cfg.h"
  26:Generated_Source\PSoC4/cyfitter_cfg.c **** #include "cyapicallbacks.h"
  27:Generated_Source\PSoC4/cyfitter_cfg.c **** 
  28:Generated_Source\PSoC4/cyfitter_cfg.c **** 
  29:Generated_Source\PSoC4/cyfitter_cfg.c **** #if defined(__GNUC__) || defined(__ARMCC_VERSION)
  30:Generated_Source\PSoC4/cyfitter_cfg.c ****     #define CYPACKED 
  31:Generated_Source\PSoC4/cyfitter_cfg.c ****     #define CYPACKED_ATTR __attribute__ ((packed))
ARM GAS  C:\Users\wl\AppData\Local\Temp\ccblIUMT.s 			page 2


  32:Generated_Source\PSoC4/cyfitter_cfg.c ****     #define CYALIGNED __attribute__ ((aligned))
  33:Generated_Source\PSoC4/cyfitter_cfg.c ****     #define CY_CFG_UNUSED __attribute__ ((unused))
  34:Generated_Source\PSoC4/cyfitter_cfg.c ****     #ifndef CY_CFG_SECTION
  35:Generated_Source\PSoC4/cyfitter_cfg.c ****         #define CY_CFG_SECTION __attribute__ ((section(".psocinit")))
  36:Generated_Source\PSoC4/cyfitter_cfg.c ****     #endif
  37:Generated_Source\PSoC4/cyfitter_cfg.c ****     
  38:Generated_Source\PSoC4/cyfitter_cfg.c ****     #if defined(__ARMCC_VERSION)
  39:Generated_Source\PSoC4/cyfitter_cfg.c ****         #define CY_CFG_MEMORY_BARRIER() __memory_changed()
  40:Generated_Source\PSoC4/cyfitter_cfg.c ****     #else
  41:Generated_Source\PSoC4/cyfitter_cfg.c ****         #define CY_CFG_MEMORY_BARRIER() __sync_synchronize()
  42:Generated_Source\PSoC4/cyfitter_cfg.c ****     #endif
  43:Generated_Source\PSoC4/cyfitter_cfg.c ****     
  44:Generated_Source\PSoC4/cyfitter_cfg.c **** #elif defined(__ICCARM__)
  45:Generated_Source\PSoC4/cyfitter_cfg.c ****     #include <intrinsics.h>
  46:Generated_Source\PSoC4/cyfitter_cfg.c **** 
  47:Generated_Source\PSoC4/cyfitter_cfg.c ****     #define CYPACKED __packed
  48:Generated_Source\PSoC4/cyfitter_cfg.c ****     #define CYPACKED_ATTR 
  49:Generated_Source\PSoC4/cyfitter_cfg.c ****     #define CYALIGNED _Pragma("data_alignment=4")
  50:Generated_Source\PSoC4/cyfitter_cfg.c ****     #define CY_CFG_UNUSED _Pragma("diag_suppress=Pe177")
  51:Generated_Source\PSoC4/cyfitter_cfg.c ****     #define CY_CFG_SECTION _Pragma("location=\".psocinit\"")
  52:Generated_Source\PSoC4/cyfitter_cfg.c ****     
  53:Generated_Source\PSoC4/cyfitter_cfg.c ****     #define CY_CFG_MEMORY_BARRIER() __DMB()
  54:Generated_Source\PSoC4/cyfitter_cfg.c ****     
  55:Generated_Source\PSoC4/cyfitter_cfg.c **** #else
  56:Generated_Source\PSoC4/cyfitter_cfg.c ****     #error Unsupported toolchain
  57:Generated_Source\PSoC4/cyfitter_cfg.c **** #endif
  58:Generated_Source\PSoC4/cyfitter_cfg.c **** 
  59:Generated_Source\PSoC4/cyfitter_cfg.c **** #ifndef CYCODE
  60:Generated_Source\PSoC4/cyfitter_cfg.c ****     #define CYCODE
  61:Generated_Source\PSoC4/cyfitter_cfg.c **** #endif
  62:Generated_Source\PSoC4/cyfitter_cfg.c **** #ifndef CYDATA
  63:Generated_Source\PSoC4/cyfitter_cfg.c ****     #define CYDATA
  64:Generated_Source\PSoC4/cyfitter_cfg.c **** #endif
  65:Generated_Source\PSoC4/cyfitter_cfg.c **** #ifndef CYFAR
  66:Generated_Source\PSoC4/cyfitter_cfg.c ****     #define CYFAR
  67:Generated_Source\PSoC4/cyfitter_cfg.c **** #endif
  68:Generated_Source\PSoC4/cyfitter_cfg.c **** #ifndef CYXDATA
  69:Generated_Source\PSoC4/cyfitter_cfg.c ****     #define CYXDATA
  70:Generated_Source\PSoC4/cyfitter_cfg.c **** #endif
  71:Generated_Source\PSoC4/cyfitter_cfg.c **** 
  72:Generated_Source\PSoC4/cyfitter_cfg.c **** 
  73:Generated_Source\PSoC4/cyfitter_cfg.c **** CY_CFG_UNUSED
  74:Generated_Source\PSoC4/cyfitter_cfg.c **** static void CYMEMZERO(void *s, size_t n);
  75:Generated_Source\PSoC4/cyfitter_cfg.c **** CY_CFG_UNUSED
  76:Generated_Source\PSoC4/cyfitter_cfg.c **** static void CYMEMZERO(void *s, size_t n)
  77:Generated_Source\PSoC4/cyfitter_cfg.c **** {
  78:Generated_Source\PSoC4/cyfitter_cfg.c **** 	(void)memset(s, 0, n);
  79:Generated_Source\PSoC4/cyfitter_cfg.c **** }
  80:Generated_Source\PSoC4/cyfitter_cfg.c **** CY_CFG_UNUSED
  81:Generated_Source\PSoC4/cyfitter_cfg.c **** static void CYCONFIGCPY(void *dest, const void *src, size_t n);
  82:Generated_Source\PSoC4/cyfitter_cfg.c **** CY_CFG_UNUSED
  83:Generated_Source\PSoC4/cyfitter_cfg.c **** static void CYCONFIGCPY(void *dest, const void *src, size_t n)
  84:Generated_Source\PSoC4/cyfitter_cfg.c **** {
  85:Generated_Source\PSoC4/cyfitter_cfg.c **** 	(void)memcpy(dest, src, n);
  86:Generated_Source\PSoC4/cyfitter_cfg.c **** }
  87:Generated_Source\PSoC4/cyfitter_cfg.c **** CY_CFG_UNUSED
  88:Generated_Source\PSoC4/cyfitter_cfg.c **** static void CYCONFIGCPYCODE(void *dest, const void *src, size_t n);
ARM GAS  C:\Users\wl\AppData\Local\Temp\ccblIUMT.s 			page 3


  89:Generated_Source\PSoC4/cyfitter_cfg.c **** CY_CFG_UNUSED
  90:Generated_Source\PSoC4/cyfitter_cfg.c **** static void CYCONFIGCPYCODE(void *dest, const void *src, size_t n)
  91:Generated_Source\PSoC4/cyfitter_cfg.c **** {
  92:Generated_Source\PSoC4/cyfitter_cfg.c **** 	(void)memcpy(dest, src, n);
  93:Generated_Source\PSoC4/cyfitter_cfg.c **** }
  94:Generated_Source\PSoC4/cyfitter_cfg.c **** 
  95:Generated_Source\PSoC4/cyfitter_cfg.c **** 
  96:Generated_Source\PSoC4/cyfitter_cfg.c **** 
  97:Generated_Source\PSoC4/cyfitter_cfg.c **** 
  98:Generated_Source\PSoC4/cyfitter_cfg.c **** /* Clock startup error codes                                                   */
  99:Generated_Source\PSoC4/cyfitter_cfg.c **** #define CYCLOCKSTART_NO_ERROR    0u
 100:Generated_Source\PSoC4/cyfitter_cfg.c **** #define CYCLOCKSTART_XTAL_ERROR  1u
 101:Generated_Source\PSoC4/cyfitter_cfg.c **** #define CYCLOCKSTART_32KHZ_ERROR 2u
 102:Generated_Source\PSoC4/cyfitter_cfg.c **** #define CYCLOCKSTART_PLL_ERROR   3u
 103:Generated_Source\PSoC4/cyfitter_cfg.c **** #define CYCLOCKSTART_FLL_ERROR   4u
 104:Generated_Source\PSoC4/cyfitter_cfg.c **** #define CYCLOCKSTART_WCO_ERROR   5u
 105:Generated_Source\PSoC4/cyfitter_cfg.c **** 
 106:Generated_Source\PSoC4/cyfitter_cfg.c **** 
 107:Generated_Source\PSoC4/cyfitter_cfg.c **** #ifdef CY_NEED_CYCLOCKSTARTUPERROR
 108:Generated_Source\PSoC4/cyfitter_cfg.c **** /*******************************************************************************
 109:Generated_Source\PSoC4/cyfitter_cfg.c **** * Function Name: CyClockStartupError
 110:Generated_Source\PSoC4/cyfitter_cfg.c **** ********************************************************************************
 111:Generated_Source\PSoC4/cyfitter_cfg.c **** * Summary:
 112:Generated_Source\PSoC4/cyfitter_cfg.c **** *  If an error is encountered during clock configuration (crystal startup error,
 113:Generated_Source\PSoC4/cyfitter_cfg.c **** *  PLL lock error, etc.), the system will end up here.  Unless reimplemented by
 114:Generated_Source\PSoC4/cyfitter_cfg.c **** *  the customer, this function will stop in an infinite loop.
 115:Generated_Source\PSoC4/cyfitter_cfg.c **** *
 116:Generated_Source\PSoC4/cyfitter_cfg.c **** * Parameters:
 117:Generated_Source\PSoC4/cyfitter_cfg.c **** *   void
 118:Generated_Source\PSoC4/cyfitter_cfg.c **** *
 119:Generated_Source\PSoC4/cyfitter_cfg.c **** * Return:
 120:Generated_Source\PSoC4/cyfitter_cfg.c **** *   void
 121:Generated_Source\PSoC4/cyfitter_cfg.c **** *
 122:Generated_Source\PSoC4/cyfitter_cfg.c **** *******************************************************************************/
 123:Generated_Source\PSoC4/cyfitter_cfg.c **** CY_CFG_UNUSED
 124:Generated_Source\PSoC4/cyfitter_cfg.c **** static void CyClockStartupError(uint8 errorCode);
 125:Generated_Source\PSoC4/cyfitter_cfg.c **** CY_CFG_UNUSED
 126:Generated_Source\PSoC4/cyfitter_cfg.c **** static void CyClockStartupError(uint8 errorCode)
 127:Generated_Source\PSoC4/cyfitter_cfg.c **** {
 128:Generated_Source\PSoC4/cyfitter_cfg.c ****     /* To remove the compiler warning if errorCode not used.                */
 129:Generated_Source\PSoC4/cyfitter_cfg.c ****     errorCode = errorCode;
 130:Generated_Source\PSoC4/cyfitter_cfg.c **** 
 131:Generated_Source\PSoC4/cyfitter_cfg.c ****     /* If we have a clock startup error (bad MHz crystal, PLL lock, etc.),  */
 132:Generated_Source\PSoC4/cyfitter_cfg.c ****     /* we will end up here to allow the customer to implement something to  */
 133:Generated_Source\PSoC4/cyfitter_cfg.c ****     /* deal with the clock condition.                                       */
 134:Generated_Source\PSoC4/cyfitter_cfg.c **** 
 135:Generated_Source\PSoC4/cyfitter_cfg.c **** #ifdef CY_CFG_CLOCK_STARTUP_ERROR_CALLBACK
 136:Generated_Source\PSoC4/cyfitter_cfg.c ****     CY_CFG_Clock_Startup_ErrorCallback();
 137:Generated_Source\PSoC4/cyfitter_cfg.c **** #else
 138:Generated_Source\PSoC4/cyfitter_cfg.c ****     /*  If not using CY_CFG_CLOCK_STARTUP_ERROR_CALLBACK, place your clock startup code here. */
 139:Generated_Source\PSoC4/cyfitter_cfg.c ****     /* `#START CyClockStartupError` */
 140:Generated_Source\PSoC4/cyfitter_cfg.c **** 
 141:Generated_Source\PSoC4/cyfitter_cfg.c **** 
 142:Generated_Source\PSoC4/cyfitter_cfg.c **** 
 143:Generated_Source\PSoC4/cyfitter_cfg.c ****     /* `#END` */
 144:Generated_Source\PSoC4/cyfitter_cfg.c **** 
 145:Generated_Source\PSoC4/cyfitter_cfg.c ****     while(1) {}
ARM GAS  C:\Users\wl\AppData\Local\Temp\ccblIUMT.s 			page 4


 146:Generated_Source\PSoC4/cyfitter_cfg.c **** #endif /* CY_CFG_CLOCK_STARTUP_ERROR_CALLBACK */
 147:Generated_Source\PSoC4/cyfitter_cfg.c **** }
 148:Generated_Source\PSoC4/cyfitter_cfg.c **** #endif
 149:Generated_Source\PSoC4/cyfitter_cfg.c **** 
 150:Generated_Source\PSoC4/cyfitter_cfg.c **** 
 151:Generated_Source\PSoC4/cyfitter_cfg.c **** 
 152:Generated_Source\PSoC4/cyfitter_cfg.c **** /*******************************************************************************
 153:Generated_Source\PSoC4/cyfitter_cfg.c **** * Function Name: ClockSetup
 154:Generated_Source\PSoC4/cyfitter_cfg.c **** ********************************************************************************
 155:Generated_Source\PSoC4/cyfitter_cfg.c **** *
 156:Generated_Source\PSoC4/cyfitter_cfg.c **** * Summary:
 157:Generated_Source\PSoC4/cyfitter_cfg.c **** *   Performs the initialization of all of the clocks in the device based on the
 158:Generated_Source\PSoC4/cyfitter_cfg.c **** *   settings in the Clock tab of the DWR.  This includes enabling the requested
 159:Generated_Source\PSoC4/cyfitter_cfg.c **** *   clocks and setting the necessary dividers to produce the desired frequency. 
 160:Generated_Source\PSoC4/cyfitter_cfg.c **** *
 161:Generated_Source\PSoC4/cyfitter_cfg.c **** * Parameters:
 162:Generated_Source\PSoC4/cyfitter_cfg.c **** *   void
 163:Generated_Source\PSoC4/cyfitter_cfg.c **** *
 164:Generated_Source\PSoC4/cyfitter_cfg.c **** * Return:
 165:Generated_Source\PSoC4/cyfitter_cfg.c **** *   void
 166:Generated_Source\PSoC4/cyfitter_cfg.c **** *
 167:Generated_Source\PSoC4/cyfitter_cfg.c **** *******************************************************************************/
 168:Generated_Source\PSoC4/cyfitter_cfg.c **** static void ClockSetup(void);
 169:Generated_Source\PSoC4/cyfitter_cfg.c **** CY_CFG_SECTION
 170:Generated_Source\PSoC4/cyfitter_cfg.c **** static void ClockSetup(void)
 171:Generated_Source\PSoC4/cyfitter_cfg.c **** {
 172:Generated_Source\PSoC4/cyfitter_cfg.c **** 
 173:Generated_Source\PSoC4/cyfitter_cfg.c **** 	/* Set Flash Cycles based on max possible frequency in case a glitch occurs during ClockSetup(). *
 174:Generated_Source\PSoC4/cyfitter_cfg.c **** 	CY_SET_REG32((void CYXDATA *)(CYREG_CPUSS_FLASH_CTL), (0x0012u));
 175:Generated_Source\PSoC4/cyfitter_cfg.c **** 
 176:Generated_Source\PSoC4/cyfitter_cfg.c **** 	/* Start the WCO */
 177:Generated_Source\PSoC4/cyfitter_cfg.c **** 	CySysClkWcoStart();
 178:Generated_Source\PSoC4/cyfitter_cfg.c **** 	CyDelayCycles(12000000u); /* WCO may take up to 500ms to start */
 179:Generated_Source\PSoC4/cyfitter_cfg.c **** 	(void)CySysClkWcoSetPowerMode(CY_SYS_CLK_WCO_LPM);    /* Switch to the low power mode */
 180:Generated_Source\PSoC4/cyfitter_cfg.c **** 
 181:Generated_Source\PSoC4/cyfitter_cfg.c **** 	/* Setup and trim IMO based on desired frequency. */
 182:Generated_Source\PSoC4/cyfitter_cfg.c **** 	CySysClkWriteImoFreq(48u);
 183:Generated_Source\PSoC4/cyfitter_cfg.c **** 	/* CYDEV_CLK_ILO_CONFIG Starting address: CYDEV_CLK_ILO_CONFIG */
 184:Generated_Source\PSoC4/cyfitter_cfg.c **** 	CY_SET_REG32((void *)(CYREG_CLK_ILO_CONFIG), 0x80000006u);
 185:Generated_Source\PSoC4/cyfitter_cfg.c **** 
 186:Generated_Source\PSoC4/cyfitter_cfg.c **** 	/* CYDEV_WDT_CONFIG Starting address: CYDEV_WDT_CONFIG */
 187:Generated_Source\PSoC4/cyfitter_cfg.c **** 	CY_SET_REG32((void *)(CYREG_WDT_CONFIG), 0x40000000u);
 188:Generated_Source\PSoC4/cyfitter_cfg.c **** 
 189:Generated_Source\PSoC4/cyfitter_cfg.c **** 
 190:Generated_Source\PSoC4/cyfitter_cfg.c **** 	/* Enable fast start mode for XO */
 191:Generated_Source\PSoC4/cyfitter_cfg.c **** 	CY_SET_REG32((void*)CYREG_BLE_BLERD_BB_XO, CY_GET_REG32((void*)CYREG_BLE_BLERD_BB_XO) | (uint32)0x
 192:Generated_Source\PSoC4/cyfitter_cfg.c **** 	CY_SET_REG32((void *)(CYREG_BLE_BLERD_BB_XO_CAPTRIM), 0x00003E2Du);
 193:Generated_Source\PSoC4/cyfitter_cfg.c **** 	/*Set XTAL(ECO) divider*/
 194:Generated_Source\PSoC4/cyfitter_cfg.c **** 	CY_SET_REG32((void *)(CYREG_BLE_BLESS_XTAL_CLK_DIV_CONFIG), 0x00000000u);
 195:Generated_Source\PSoC4/cyfitter_cfg.c **** 	/* Disable Crystal Stable Interrupt before enabling ECO */
 196:Generated_Source\PSoC4/cyfitter_cfg.c **** 	CY_SET_REG32((void*)CYREG_BLE_BLESS_LL_DSM_CTRL, CY_GET_REG32((void*)CYREG_BLE_BLESS_LL_DSM_CTRL) 
 197:Generated_Source\PSoC4/cyfitter_cfg.c **** 	/* Start the ECO and do not check status since it is not needed for HFCLK */
 198:Generated_Source\PSoC4/cyfitter_cfg.c **** 	(void)CySysClkEcoStart(2000u);
 199:Generated_Source\PSoC4/cyfitter_cfg.c **** 	CyDelayUs(1500u); /* Wait to stabilize */
 200:Generated_Source\PSoC4/cyfitter_cfg.c **** 
 201:Generated_Source\PSoC4/cyfitter_cfg.c **** 	/* Setup phase aligned clocks */
 202:Generated_Source\PSoC4/cyfitter_cfg.c **** 
ARM GAS  C:\Users\wl\AppData\Local\Temp\ccblIUMT.s 			page 5


 203:Generated_Source\PSoC4/cyfitter_cfg.c **** 	/* CYDEV_CLK_IMO_CONFIG Starting address: CYDEV_CLK_IMO_CONFIG */
 204:Generated_Source\PSoC4/cyfitter_cfg.c **** 	CY_SET_REG32((void *)(CYREG_CLK_IMO_CONFIG), 0x80000000u);
 205:Generated_Source\PSoC4/cyfitter_cfg.c **** 
 206:Generated_Source\PSoC4/cyfitter_cfg.c **** 	/* CYDEV_CLK_SELECT Starting address: CYDEV_CLK_SELECT */
 207:Generated_Source\PSoC4/cyfitter_cfg.c **** 	CY_SET_REG32((void *)(CYREG_CLK_SELECT), 0x00040000u);
 208:Generated_Source\PSoC4/cyfitter_cfg.c **** 
 209:Generated_Source\PSoC4/cyfitter_cfg.c **** 	(void)CyIntSetVector(8u, &CySysWdtIsr);
 210:Generated_Source\PSoC4/cyfitter_cfg.c **** 	CyIntEnable(8u);
 211:Generated_Source\PSoC4/cyfitter_cfg.c **** 	CY_SET_REG32((void *)(CYREG_WDT_CONFIG), 0x40000000u);
 212:Generated_Source\PSoC4/cyfitter_cfg.c **** }
 213:Generated_Source\PSoC4/cyfitter_cfg.c **** 
 214:Generated_Source\PSoC4/cyfitter_cfg.c **** 
 215:Generated_Source\PSoC4/cyfitter_cfg.c **** /* Analog API Functions */
 216:Generated_Source\PSoC4/cyfitter_cfg.c **** 
 217:Generated_Source\PSoC4/cyfitter_cfg.c **** 
 218:Generated_Source\PSoC4/cyfitter_cfg.c **** /*******************************************************************************
 219:Generated_Source\PSoC4/cyfitter_cfg.c **** * Function Name: AnalogSetDefault
 220:Generated_Source\PSoC4/cyfitter_cfg.c **** ********************************************************************************
 221:Generated_Source\PSoC4/cyfitter_cfg.c **** *
 222:Generated_Source\PSoC4/cyfitter_cfg.c **** * Summary:
 223:Generated_Source\PSoC4/cyfitter_cfg.c **** *  Sets up the analog portions of the chip to default values based on chip
 224:Generated_Source\PSoC4/cyfitter_cfg.c **** *  configuration options from the project.
 225:Generated_Source\PSoC4/cyfitter_cfg.c **** *
 226:Generated_Source\PSoC4/cyfitter_cfg.c **** * Parameters:
 227:Generated_Source\PSoC4/cyfitter_cfg.c **** *  void
 228:Generated_Source\PSoC4/cyfitter_cfg.c **** *
 229:Generated_Source\PSoC4/cyfitter_cfg.c **** * Return:
 230:Generated_Source\PSoC4/cyfitter_cfg.c **** *  void
 231:Generated_Source\PSoC4/cyfitter_cfg.c **** *
 232:Generated_Source\PSoC4/cyfitter_cfg.c **** *******************************************************************************/
 233:Generated_Source\PSoC4/cyfitter_cfg.c **** static void AnalogSetDefault(void);
 234:Generated_Source\PSoC4/cyfitter_cfg.c **** static void AnalogSetDefault(void)
 235:Generated_Source\PSoC4/cyfitter_cfg.c **** {
  27              		.loc 1 235 0
  28              		.cfi_startproc
  29              		@ args = 0, pretend = 0, frame = 0
  30              		@ frame_needed = 0, uses_anonymous_args = 0
  31              		@ link register save eliminated.
 236:Generated_Source\PSoC4/cyfitter_cfg.c **** 	CY_SET_XTND_REG32((void CYFAR *)CYREG_CTBM0_DFT_CTRL, 0x00000003u);
  32              		.loc 1 236 0
  33 0000 0323     		movs	r3, #3
  34 0002 044A     		ldr	r2, .L2
  35 0004 1360     		str	r3, [r2]
 237:Generated_Source\PSoC4/cyfitter_cfg.c **** 	CY_SET_XTND_REG32((void CYFAR *)CYREG_CTBM1_DFT_CTRL, 0x00000003u);
  36              		.loc 1 237 0
  37 0006 044A     		ldr	r2, .L2+4
  38 0008 1360     		str	r3, [r2]
 238:Generated_Source\PSoC4/cyfitter_cfg.c **** 	CY_SET_XTND_REG32((void CYFAR *)CYREG_PASS_DSAB_DSAB_CTRL, 0x00000000u);
  39              		.loc 1 238 0
  40 000a 0022     		movs	r2, #0
  41 000c 034B     		ldr	r3, .L2+8
  42 000e 1A60     		str	r2, [r3]
 239:Generated_Source\PSoC4/cyfitter_cfg.c **** }
  43              		.loc 1 239 0
  44              		@ sp needed
  45 0010 7047     		bx	lr
  46              	.L3:
ARM GAS  C:\Users\wl\AppData\Local\Temp\ccblIUMT.s 			page 6


  47 0012 C046     		.align	2
  48              	.L2:
  49 0014 30003040 		.word	1076887600
  50 0018 30003140 		.word	1076953136
  51 001c 000E3F40 		.word	1077874176
  52              		.cfi_endproc
  53              	.LFE6:
  54              		.size	AnalogSetDefault, .-AnalogSetDefault
  55              		.section	.text.CYMEMZERO,"ax",%progbits
  56              		.align	2
  57              		.code	16
  58              		.thumb_func
  59              		.type	CYMEMZERO, %function
  60              	CYMEMZERO:
  61              	.LFB2:
  77:Generated_Source\PSoC4/cyfitter_cfg.c **** 	(void)memset(s, 0, n);
  62              		.loc 1 77 0
  63              		.cfi_startproc
  64              		@ args = 0, pretend = 0, frame = 0
  65              		@ frame_needed = 0, uses_anonymous_args = 0
  66              	.LVL0:
  67 0000 10B5     		push	{r4, lr}
  68              		.cfi_def_cfa_offset 8
  69              		.cfi_offset 4, -8
  70              		.cfi_offset 14, -4
  71 0002 0A00     		movs	r2, r1
  78:Generated_Source\PSoC4/cyfitter_cfg.c **** }
  72              		.loc 1 78 0
  73 0004 0021     		movs	r1, #0
  74              	.LVL1:
  75 0006 FFF7FEFF 		bl	memset
  76              	.LVL2:
  79:Generated_Source\PSoC4/cyfitter_cfg.c **** CY_CFG_UNUSED
  77              		.loc 1 79 0
  78              		@ sp needed
  79 000a 10BD     		pop	{r4, pc}
  80              		.cfi_endproc
  81              	.LFE2:
  82              		.size	CYMEMZERO, .-CYMEMZERO
  83              		.section	.psocinit,"ax",%progbits
  84              		.align	2
  85              		.code	16
  86              		.thumb_func
  87              		.type	ClockSetup, %function
  88              	ClockSetup:
  89              	.LFB5:
 171:Generated_Source\PSoC4/cyfitter_cfg.c **** 
  90              		.loc 1 171 0
  91              		.cfi_startproc
  92              		@ args = 0, pretend = 0, frame = 0
  93              		@ frame_needed = 0, uses_anonymous_args = 0
  94 0000 70B5     		push	{r4, r5, r6, lr}
  95              		.cfi_def_cfa_offset 16
  96              		.cfi_offset 4, -16
  97              		.cfi_offset 5, -12
  98              		.cfi_offset 6, -8
  99              		.cfi_offset 14, -4
ARM GAS  C:\Users\wl\AppData\Local\Temp\ccblIUMT.s 			page 7


 174:Generated_Source\PSoC4/cyfitter_cfg.c **** 
 100              		.loc 1 174 0
 101 0002 1222     		movs	r2, #18
 102 0004 1D4B     		ldr	r3, .L6
 103 0006 1A60     		str	r2, [r3]
 177:Generated_Source\PSoC4/cyfitter_cfg.c **** 	CyDelayCycles(12000000u); /* WCO may take up to 500ms to start */
 104              		.loc 1 177 0
 105 0008 FFF7FEFF 		bl	CySysClkWcoStart
 106              	.LVL3:
 178:Generated_Source\PSoC4/cyfitter_cfg.c **** 	(void)CySysClkWcoSetPowerMode(CY_SYS_CLK_WCO_LPM);    /* Switch to the low power mode */
 107              		.loc 1 178 0
 108 000c 1C48     		ldr	r0, .L6+4
 109 000e FFF7FEFF 		bl	CyDelayCycles
 110              	.LVL4:
 179:Generated_Source\PSoC4/cyfitter_cfg.c **** 
 111              		.loc 1 179 0
 112 0012 0120     		movs	r0, #1
 113 0014 FFF7FEFF 		bl	CySysClkWcoSetPowerMode
 114              	.LVL5:
 182:Generated_Source\PSoC4/cyfitter_cfg.c **** 	/* CYDEV_CLK_ILO_CONFIG Starting address: CYDEV_CLK_ILO_CONFIG */
 115              		.loc 1 182 0
 116 0018 3020     		movs	r0, #48
 117 001a FFF7FEFF 		bl	CySysClkWriteImoFreq
 118              	.LVL6:
 184:Generated_Source\PSoC4/cyfitter_cfg.c **** 
 119              		.loc 1 184 0
 120 001e 194A     		ldr	r2, .L6+8
 121 0020 194B     		ldr	r3, .L6+12
 122 0022 1A60     		str	r2, [r3]
 187:Generated_Source\PSoC4/cyfitter_cfg.c **** 
 123              		.loc 1 187 0
 124 0024 194C     		ldr	r4, .L6+16
 125 0026 8025     		movs	r5, #128
 126 0028 ED05     		lsls	r5, r5, #23
 127 002a 2560     		str	r5, [r4]
 191:Generated_Source\PSoC4/cyfitter_cfg.c **** 	CY_SET_REG32((void *)(CYREG_BLE_BLERD_BB_XO_CAPTRIM), 0x00003E2Du);
 128              		.loc 1 191 0
 129 002c 184A     		ldr	r2, .L6+20
 130 002e 1168     		ldr	r1, [r2]
 131 0030 0223     		movs	r3, #2
 132 0032 0B43     		orrs	r3, r1
 133 0034 1360     		str	r3, [r2]
 192:Generated_Source\PSoC4/cyfitter_cfg.c **** 	/*Set XTAL(ECO) divider*/
 134              		.loc 1 192 0
 135 0036 174A     		ldr	r2, .L6+24
 136 0038 174B     		ldr	r3, .L6+28
 137 003a 1A60     		str	r2, [r3]
 194:Generated_Source\PSoC4/cyfitter_cfg.c **** 	/* Disable Crystal Stable Interrupt before enabling ECO */
 138              		.loc 1 194 0
 139 003c 0022     		movs	r2, #0
 140 003e 174B     		ldr	r3, .L6+32
 141 0040 1A60     		str	r2, [r3]
 196:Generated_Source\PSoC4/cyfitter_cfg.c **** 	/* Start the ECO and do not check status since it is not needed for HFCLK */
 142              		.loc 1 196 0
 143 0042 174A     		ldr	r2, .L6+36
 144 0044 1368     		ldr	r3, [r2]
 145 0046 0821     		movs	r1, #8
ARM GAS  C:\Users\wl\AppData\Local\Temp\ccblIUMT.s 			page 8


 146 0048 8B43     		bics	r3, r1
 147 004a 1360     		str	r3, [r2]
 198:Generated_Source\PSoC4/cyfitter_cfg.c **** 	CyDelayUs(1500u); /* Wait to stabilize */
 148              		.loc 1 198 0
 149 004c FA20     		movs	r0, #250
 150 004e C000     		lsls	r0, r0, #3
 151 0050 FFF7FEFF 		bl	CySysClkEcoStart
 152              	.LVL7:
 199:Generated_Source\PSoC4/cyfitter_cfg.c **** 
 153              		.loc 1 199 0
 154 0054 1348     		ldr	r0, .L6+40
 155 0056 FFF7FEFF 		bl	CyDelayUs
 156              	.LVL8:
 204:Generated_Source\PSoC4/cyfitter_cfg.c **** 
 157              		.loc 1 204 0
 158 005a 8022     		movs	r2, #128
 159 005c 1206     		lsls	r2, r2, #24
 160 005e 124B     		ldr	r3, .L6+44
 161 0060 1A60     		str	r2, [r3]
 207:Generated_Source\PSoC4/cyfitter_cfg.c **** 
 162              		.loc 1 207 0
 163 0062 8022     		movs	r2, #128
 164 0064 D202     		lsls	r2, r2, #11
 165 0066 114B     		ldr	r3, .L6+48
 166 0068 1A60     		str	r2, [r3]
 209:Generated_Source\PSoC4/cyfitter_cfg.c **** 	CyIntEnable(8u);
 167              		.loc 1 209 0
 168 006a 1149     		ldr	r1, .L6+52
 169 006c 0820     		movs	r0, #8
 170 006e FFF7FEFF 		bl	CyIntSetVector
 171              	.LVL9:
 210:Generated_Source\PSoC4/cyfitter_cfg.c **** 	CY_SET_REG32((void *)(CYREG_WDT_CONFIG), 0x40000000u);
 172              		.loc 1 210 0
 173 0072 0820     		movs	r0, #8
 174 0074 FFF7FEFF 		bl	CyIntEnable
 175              	.LVL10:
 211:Generated_Source\PSoC4/cyfitter_cfg.c **** }
 176              		.loc 1 211 0
 177 0078 2560     		str	r5, [r4]
 212:Generated_Source\PSoC4/cyfitter_cfg.c **** 
 178              		.loc 1 212 0
 179              		@ sp needed
 180 007a 70BD     		pop	{r4, r5, r6, pc}
 181              	.L7:
 182              		.align	2
 183              	.L6:
 184 007c 30001040 		.word	1074790448
 185 0080 001BB700 		.word	12000000
 186 0084 06000080 		.word	-2147483642
 187 0088 04010B40 		.word	1074462980
 188 008c 0C020B40 		.word	1074463244
 189 0090 78002E40 		.word	1076756600
 190 0094 2D3E0000 		.word	15917
 191 0098 7C002E40 		.word	1076756604
 192 009c 64F02E40 		.word	1076818020
 193 00a0 6CF02E40 		.word	1076818028
 194 00a4 DC050000 		.word	1500
ARM GAS  C:\Users\wl\AppData\Local\Temp\ccblIUMT.s 			page 9


 195 00a8 08010B40 		.word	1074462984
 196 00ac 00010B40 		.word	1074462976
 197 00b0 00000000 		.word	CySysWdtIsr
 198              		.cfi_endproc
 199              	.LFE5:
 200              		.size	ClockSetup, .-ClockSetup
 201              		.align	2
 202              		.global	cyfitter_cfg
 203              		.code	16
 204              		.thumb_func
 205              		.type	cyfitter_cfg, %function
 206              	cyfitter_cfg:
 207              	.LFB7:
 240:Generated_Source\PSoC4/cyfitter_cfg.c **** 
 241:Generated_Source\PSoC4/cyfitter_cfg.c **** 
 242:Generated_Source\PSoC4/cyfitter_cfg.c **** 
 243:Generated_Source\PSoC4/cyfitter_cfg.c **** 
 244:Generated_Source\PSoC4/cyfitter_cfg.c **** /*******************************************************************************
 245:Generated_Source\PSoC4/cyfitter_cfg.c **** * Function Name: cyfitter_cfg
 246:Generated_Source\PSoC4/cyfitter_cfg.c **** ********************************************************************************
 247:Generated_Source\PSoC4/cyfitter_cfg.c **** * Summary:
 248:Generated_Source\PSoC4/cyfitter_cfg.c **** *  This function is called by the start-up code for the selected device. It
 249:Generated_Source\PSoC4/cyfitter_cfg.c **** *  performs all of the necessary device configuration based on the design
 250:Generated_Source\PSoC4/cyfitter_cfg.c **** *  settings.  This includes settings from the Design Wide Resources (DWR) such
 251:Generated_Source\PSoC4/cyfitter_cfg.c **** *  as Clocks and Pins as well as any component configuration that is necessary.
 252:Generated_Source\PSoC4/cyfitter_cfg.c **** *
 253:Generated_Source\PSoC4/cyfitter_cfg.c **** * Parameters:
 254:Generated_Source\PSoC4/cyfitter_cfg.c **** *   void
 255:Generated_Source\PSoC4/cyfitter_cfg.c **** *
 256:Generated_Source\PSoC4/cyfitter_cfg.c **** * Return:
 257:Generated_Source\PSoC4/cyfitter_cfg.c **** *   void
 258:Generated_Source\PSoC4/cyfitter_cfg.c **** *
 259:Generated_Source\PSoC4/cyfitter_cfg.c **** *******************************************************************************/
 260:Generated_Source\PSoC4/cyfitter_cfg.c **** CY_CFG_SECTION
 261:Generated_Source\PSoC4/cyfitter_cfg.c **** void cyfitter_cfg(void)
 262:Generated_Source\PSoC4/cyfitter_cfg.c **** {
 208              		.loc 1 262 0
 209              		.cfi_startproc
 210              		@ args = 0, pretend = 0, frame = 0
 211              		@ frame_needed = 0, uses_anonymous_args = 0
 212 00b4 10B5     		push	{r4, lr}
 213              		.cfi_def_cfa_offset 8
 214              		.cfi_offset 4, -8
 215              		.cfi_offset 14, -4
 263:Generated_Source\PSoC4/cyfitter_cfg.c **** 	/* Disable interrupts by default. Let user enable if/when they want. */
 264:Generated_Source\PSoC4/cyfitter_cfg.c **** 	CyGlobalIntDisable;
 216              		.loc 1 264 0
 217              		.syntax divided
 218              	@ 264 "Generated_Source\PSoC4\cyfitter_cfg.c" 1
 219 00b6 72B6     		CPSID   i
 220              	@ 0 "" 2
 265:Generated_Source\PSoC4/cyfitter_cfg.c **** 
 266:Generated_Source\PSoC4/cyfitter_cfg.c **** 	CY_SET_REG32((void *)(CYREG_BLE_BLESS_LL_DSM_CTRL), 0x00000000u);
 221              		.loc 1 266 0
 222              		.thumb
 223              		.syntax unified
 224 00b8 0022     		movs	r2, #0
ARM GAS  C:\Users\wl\AppData\Local\Temp\ccblIUMT.s 			page 10


 225 00ba 1E4B     		ldr	r3, .L11
 226 00bc 1A60     		str	r2, [r3]
 227              	.LVL11:
 228              	.LBB2:
 267:Generated_Source\PSoC4/cyfitter_cfg.c **** 
 268:Generated_Source\PSoC4/cyfitter_cfg.c **** 	{
 269:Generated_Source\PSoC4/cyfitter_cfg.c **** 
 270:Generated_Source\PSoC4/cyfitter_cfg.c **** 		CYPACKED typedef struct {
 271:Generated_Source\PSoC4/cyfitter_cfg.c **** 			void CYFAR *address;
 272:Generated_Source\PSoC4/cyfitter_cfg.c **** 			uint16 size;
 273:Generated_Source\PSoC4/cyfitter_cfg.c **** 		} CYPACKED_ATTR cfg_memset_t;
 274:Generated_Source\PSoC4/cyfitter_cfg.c **** 
 275:Generated_Source\PSoC4/cyfitter_cfg.c **** 		static const cfg_memset_t CYCODE cfg_memset_list[] = {
 276:Generated_Source\PSoC4/cyfitter_cfg.c **** 			/* address, size */
 277:Generated_Source\PSoC4/cyfitter_cfg.c **** 			{(void CYFAR *)(CYDEV_UDB_P0_U0_BASE), 1024u},
 278:Generated_Source\PSoC4/cyfitter_cfg.c **** 			{(void CYFAR *)(CYDEV_UDB_DSI0_BASE), 1024u},
 279:Generated_Source\PSoC4/cyfitter_cfg.c **** 		};
 280:Generated_Source\PSoC4/cyfitter_cfg.c **** 
 281:Generated_Source\PSoC4/cyfitter_cfg.c **** 		uint8 CYDATA i;
 282:Generated_Source\PSoC4/cyfitter_cfg.c **** 
 283:Generated_Source\PSoC4/cyfitter_cfg.c **** 		/* Zero out critical memory blocks before beginning configuration */
 284:Generated_Source\PSoC4/cyfitter_cfg.c **** 		for (i = 0u; i < (sizeof(cfg_memset_list)/sizeof(cfg_memset_list[0])); i++)
 229              		.loc 1 284 0
 230 00be 0024     		movs	r4, #0
 231 00c0 0FE0     		b	.L9
 232              	.LVL12:
 233              	.L10:
 234              	.LBB3:
 285:Generated_Source\PSoC4/cyfitter_cfg.c **** 		{
 286:Generated_Source\PSoC4/cyfitter_cfg.c **** 			const cfg_memset_t CYCODE * CYDATA ms = &cfg_memset_list[i];
 287:Generated_Source\PSoC4/cyfitter_cfg.c **** 			CYMEMZERO(ms->address, (size_t)(uint32)(ms->size));
 235              		.loc 1 287 0 discriminator 3
 236 00c2 1D48     		ldr	r0, .L11+4
 237 00c4 6200     		lsls	r2, r4, #1
 238 00c6 1319     		adds	r3, r2, r4
 239 00c8 5900     		lsls	r1, r3, #1
 240 00ca 0B00     		movs	r3, r1
 241 00cc 4118     		adds	r1, r0, r1
 242 00ce 8988     		ldrh	r1, [r1, #4]
 243 00d0 1A5A     		ldrh	r2, [r3, r0]
 244 00d2 C318     		adds	r3, r0, r3
 245 00d4 5888     		ldrh	r0, [r3, #2]
 246 00d6 0004     		lsls	r0, r0, #16
 247 00d8 1043     		orrs	r0, r2
 248 00da FFF7FEFF 		bl	CYMEMZERO
 249              	.LVL13:
 250              	.LBE3:
 284:Generated_Source\PSoC4/cyfitter_cfg.c **** 		{
 251              		.loc 1 284 0 discriminator 3
 252 00de 0134     		adds	r4, r4, #1
 253              	.LVL14:
 254 00e0 E4B2     		uxtb	r4, r4
 255              	.LVL15:
 256              	.L9:
 284:Generated_Source\PSoC4/cyfitter_cfg.c **** 		{
 257              		.loc 1 284 0 is_stmt 0 discriminator 1
 258 00e2 012C     		cmp	r4, #1
ARM GAS  C:\Users\wl\AppData\Local\Temp\ccblIUMT.s 			page 11


 259 00e4 EDD9     		bls	.L10
 288:Generated_Source\PSoC4/cyfitter_cfg.c **** 		}
 289:Generated_Source\PSoC4/cyfitter_cfg.c **** 
 290:Generated_Source\PSoC4/cyfitter_cfg.c **** 		/* HSIOM Starting address: CYDEV_HSIOM_BASE */
 291:Generated_Source\PSoC4/cyfitter_cfg.c **** 		CY_SET_REG32((void *)(CYDEV_HSIOM_BASE), 0xEE000000u);
 260              		.loc 1 291 0 is_stmt 1
 261 00e6 EE22     		movs	r2, #238
 262 00e8 1206     		lsls	r2, r2, #24
 263 00ea 144B     		ldr	r3, .L11+8
 264 00ec 1A60     		str	r2, [r3]
 292:Generated_Source\PSoC4/cyfitter_cfg.c **** 
 293:Generated_Source\PSoC4/cyfitter_cfg.c **** 		/* UDB_PA_0 Starting address: CYDEV_UDB_PA0_BASE */
 294:Generated_Source\PSoC4/cyfitter_cfg.c **** 		CY_SET_REG32((void *)(CYDEV_UDB_PA0_BASE), 0x00990000u);
 265              		.loc 1 294 0
 266 00ee 9923     		movs	r3, #153
 267 00f0 1B04     		lsls	r3, r3, #16
 268 00f2 134A     		ldr	r2, .L11+12
 269 00f4 1360     		str	r3, [r2]
 295:Generated_Source\PSoC4/cyfitter_cfg.c **** 
 296:Generated_Source\PSoC4/cyfitter_cfg.c **** 		/* UDB_PA_2 Starting address: CYDEV_UDB_PA2_BASE */
 297:Generated_Source\PSoC4/cyfitter_cfg.c **** 		CY_SET_REG32((void *)(CYDEV_UDB_PA2_BASE), 0x00990000u);
 270              		.loc 1 297 0
 271 00f6 134A     		ldr	r2, .L11+16
 272 00f8 1360     		str	r3, [r2]
 298:Generated_Source\PSoC4/cyfitter_cfg.c **** 
 299:Generated_Source\PSoC4/cyfitter_cfg.c **** 		/* UDB_PA_3 Starting address: CYDEV_UDB_PA3_BASE */
 300:Generated_Source\PSoC4/cyfitter_cfg.c **** 		CY_SET_REG32((void *)(CYDEV_UDB_PA3_BASE), 0x00990000u);
 273              		.loc 1 300 0
 274 00fa 134A     		ldr	r2, .L11+20
 275 00fc 1360     		str	r3, [r2]
 301:Generated_Source\PSoC4/cyfitter_cfg.c **** 
 302:Generated_Source\PSoC4/cyfitter_cfg.c **** 		/* Enable digital routing */
 303:Generated_Source\PSoC4/cyfitter_cfg.c **** 		CY_SET_XTND_REG8((void *)CYREG_UDB_UDBIF_BANK_CTL, (uint8)(CY_GET_XTND_REG8((void *)CYREG_UDB_UDB
 276              		.loc 1 303 0
 277 00fe 134A     		ldr	r2, .L11+24
 278 0100 1178     		ldrb	r1, [r2]
 279 0102 0623     		movs	r3, #6
 280 0104 0B43     		orrs	r3, r1
 281 0106 DBB2     		uxtb	r3, r3
 282 0108 1370     		strb	r3, [r2]
 283              	.LBE2:
 304:Generated_Source\PSoC4/cyfitter_cfg.c **** 	}
 305:Generated_Source\PSoC4/cyfitter_cfg.c **** 
 306:Generated_Source\PSoC4/cyfitter_cfg.c **** 	/* Perform second pass device configuration. These items must be configured in specific order afte
 307:Generated_Source\PSoC4/cyfitter_cfg.c **** 	/* IOPINS0_0 Starting address: CYDEV_GPIO_PRT0_BASE */
 308:Generated_Source\PSoC4/cyfitter_cfg.c **** 	CY_SET_REG32((void *)(CYREG_GPIO_PRT0_PC), 0x00D80000u);
 284              		.loc 1 308 0
 285 010a D823     		movs	r3, #216
 286 010c 1B04     		lsls	r3, r3, #16
 287 010e 104A     		ldr	r2, .L11+28
 288 0110 1360     		str	r3, [r2]
 309:Generated_Source\PSoC4/cyfitter_cfg.c **** 
 310:Generated_Source\PSoC4/cyfitter_cfg.c **** 	/* IOPINS0_2 Starting address: CYDEV_GPIO_PRT2_BASE */
 311:Generated_Source\PSoC4/cyfitter_cfg.c **** 	CY_SET_REG32((void *)(CYDEV_GPIO_PRT2_BASE), 0x000000C0u);
 289              		.loc 1 311 0
 290 0112 C022     		movs	r2, #192
 291 0114 0F49     		ldr	r1, .L11+32
ARM GAS  C:\Users\wl\AppData\Local\Temp\ccblIUMT.s 			page 12


 292 0116 0A60     		str	r2, [r1]
 312:Generated_Source\PSoC4/cyfitter_cfg.c **** 	CY_SET_REG32((void *)(CYREG_GPIO_PRT2_PC), 0x00580000u);
 293              		.loc 1 312 0
 294 0118 B020     		movs	r0, #176
 295 011a C003     		lsls	r0, r0, #15
 296 011c 0E49     		ldr	r1, .L11+36
 297 011e 0860     		str	r0, [r1]
 313:Generated_Source\PSoC4/cyfitter_cfg.c **** 
 314:Generated_Source\PSoC4/cyfitter_cfg.c **** 	/* IOPINS0_3 Starting address: CYDEV_GPIO_PRT3_BASE */
 315:Generated_Source\PSoC4/cyfitter_cfg.c **** 	CY_SET_REG32((void *)(CYDEV_GPIO_PRT3_BASE), 0x000000C0u);
 298              		.loc 1 315 0
 299 0120 0E49     		ldr	r1, .L11+40
 300 0122 0A60     		str	r2, [r1]
 316:Generated_Source\PSoC4/cyfitter_cfg.c **** 	CY_SET_REG32((void *)(CYREG_GPIO_PRT3_PC), 0x00D80000u);
 301              		.loc 1 316 0
 302 0124 0E4A     		ldr	r2, .L11+44
 303 0126 1360     		str	r3, [r2]
 317:Generated_Source\PSoC4/cyfitter_cfg.c **** 
 318:Generated_Source\PSoC4/cyfitter_cfg.c **** 
 319:Generated_Source\PSoC4/cyfitter_cfg.c **** 	/* Setup clocks based on selections from Clock DWR */
 320:Generated_Source\PSoC4/cyfitter_cfg.c **** 	ClockSetup();
 304              		.loc 1 320 0
 305 0128 FFF76AFF 		bl	ClockSetup
 306              	.LVL16:
 321:Generated_Source\PSoC4/cyfitter_cfg.c **** 
 322:Generated_Source\PSoC4/cyfitter_cfg.c **** 	/* Perform basic analog initialization to defaults */
 323:Generated_Source\PSoC4/cyfitter_cfg.c **** 	AnalogSetDefault();
 307              		.loc 1 323 0
 308 012c FFF7FEFF 		bl	AnalogSetDefault
 309              	.LVL17:
 324:Generated_Source\PSoC4/cyfitter_cfg.c **** 
 325:Generated_Source\PSoC4/cyfitter_cfg.c **** }
 310              		.loc 1 325 0
 311              		@ sp needed
 312              	.LVL18:
 313 0130 10BD     		pop	{r4, pc}
 314              	.L12:
 315 0132 C046     		.align	2
 316              	.L11:
 317 0134 6CF02E40 		.word	1076818028
 318 0138 00000000 		.word	.LANCHOR0
 319 013c 00000240 		.word	1073872896
 320 0140 00500F40 		.word	1074745344
 321 0144 20500F40 		.word	1074745376
 322 0148 30500F40 		.word	1074745392
 323 014c 00700F40 		.word	1074753536
 324 0150 08000440 		.word	1074003976
 325 0154 00020440 		.word	1074004480
 326 0158 08020440 		.word	1074004488
 327 015c 00030440 		.word	1074004736
 328 0160 08030440 		.word	1074004744
 329              		.cfi_endproc
 330              	.LFE7:
 331              		.size	cyfitter_cfg, .-cyfitter_cfg
 332              		.section	.rodata
 333              		.align	2
 334              		.set	.LANCHOR0,. + 0
ARM GAS  C:\Users\wl\AppData\Local\Temp\ccblIUMT.s 			page 13


 335              		.type	cfg_memset_list.4893, %object
 336              		.size	cfg_memset_list.4893, 12
 337              	cfg_memset_list.4893:
 338 0000 00300F40 		.word	1074737152
 339 0004 0004     		.short	1024
 340 0006 00400F40 		.4byte	1074741248
 341 000a 0004     		.short	1024
 342              		.text
 343              	.Letext0:
 344              		.file 2 "c:\\program files (x86)\\cypress\\psoc creator\\4.2\\psoc creator\\import\\gnu\\arm\\5.4.
 345              		.file 3 "Generated_Source\\PSoC4\\cytypes.h"
 346              		.file 4 "Generated_Source\\PSoC4\\CyLFClk.h"
 347              		.file 5 "Generated_Source\\PSoC4\\CyLib.h"
 348              		.section	.debug_info,"",%progbits
 349              	.Ldebug_info0:
 350 0000 29030000 		.4byte	0x329
 351 0004 0400     		.2byte	0x4
 352 0006 00000000 		.4byte	.Ldebug_abbrev0
 353 000a 04       		.byte	0x4
 354 000b 01       		.uleb128 0x1
 355 000c 33010000 		.4byte	.LASF34
 356 0010 0C       		.byte	0xc
 357 0011 45020000 		.4byte	.LASF35
 358 0015 6B020000 		.4byte	.LASF36
 359 0019 00000000 		.4byte	.Ldebug_ranges0+0
 360 001d 00000000 		.4byte	0
 361 0021 00000000 		.4byte	.Ldebug_line0
 362 0025 02       		.uleb128 0x2
 363 0026 04       		.byte	0x4
 364 0027 05       		.byte	0x5
 365 0028 696E7400 		.ascii	"int\000"
 366 002c 03       		.uleb128 0x3
 367 002d 14000000 		.4byte	.LASF12
 368 0031 02       		.byte	0x2
 369 0032 D8       		.byte	0xd8
 370 0033 37000000 		.4byte	0x37
 371 0037 04       		.uleb128 0x4
 372 0038 04       		.byte	0x4
 373 0039 07       		.byte	0x7
 374 003a FA000000 		.4byte	.LASF0
 375 003e 04       		.uleb128 0x4
 376 003f 08       		.byte	0x8
 377 0040 05       		.byte	0x5
 378 0041 D7010000 		.4byte	.LASF1
 379 0045 04       		.uleb128 0x4
 380 0046 08       		.byte	0x8
 381 0047 04       		.byte	0x4
 382 0048 2D020000 		.4byte	.LASF2
 383 004c 04       		.uleb128 0x4
 384 004d 01       		.byte	0x1
 385 004e 06       		.byte	0x6
 386 004f 39020000 		.4byte	.LASF3
 387 0053 04       		.uleb128 0x4
 388 0054 01       		.byte	0x1
 389 0055 08       		.byte	0x8
 390 0056 C4000000 		.4byte	.LASF4
 391 005a 04       		.uleb128 0x4
ARM GAS  C:\Users\wl\AppData\Local\Temp\ccblIUMT.s 			page 14


 392 005b 02       		.byte	0x2
 393 005c 05       		.byte	0x5
 394 005d 05020000 		.4byte	.LASF5
 395 0061 04       		.uleb128 0x4
 396 0062 02       		.byte	0x2
 397 0063 07       		.byte	0x7
 398 0064 56000000 		.4byte	.LASF6
 399 0068 04       		.uleb128 0x4
 400 0069 04       		.byte	0x4
 401 006a 05       		.byte	0x5
 402 006b 24020000 		.4byte	.LASF7
 403 006f 04       		.uleb128 0x4
 404 0070 04       		.byte	0x4
 405 0071 07       		.byte	0x7
 406 0072 91000000 		.4byte	.LASF8
 407 0076 04       		.uleb128 0x4
 408 0077 08       		.byte	0x8
 409 0078 07       		.byte	0x7
 410 0079 1C010000 		.4byte	.LASF9
 411 007d 04       		.uleb128 0x4
 412 007e 04       		.byte	0x4
 413 007f 07       		.byte	0x7
 414 0080 CE010000 		.4byte	.LASF10
 415 0084 05       		.uleb128 0x5
 416 0085 04       		.byte	0x4
 417 0086 04       		.uleb128 0x4
 418 0087 01       		.byte	0x1
 419 0088 08       		.byte	0x8
 420 0089 EF010000 		.4byte	.LASF11
 421 008d 06       		.uleb128 0x6
 422 008e A3000000 		.4byte	.LASF13
 423 0092 03       		.byte	0x3
 424 0093 E401     		.2byte	0x1e4
 425 0095 53000000 		.4byte	0x53
 426 0099 06       		.uleb128 0x6
 427 009a EC000000 		.4byte	.LASF14
 428 009e 03       		.byte	0x3
 429 009f E501     		.2byte	0x1e5
 430 00a1 61000000 		.4byte	0x61
 431 00a5 06       		.uleb128 0x6
 432 00a6 F3000000 		.4byte	.LASF15
 433 00aa 03       		.byte	0x3
 434 00ab E601     		.2byte	0x1e6
 435 00ad 6F000000 		.4byte	0x6f
 436 00b1 04       		.uleb128 0x4
 437 00b2 04       		.byte	0x4
 438 00b3 04       		.byte	0x4
 439 00b4 69000000 		.4byte	.LASF16
 440 00b8 04       		.uleb128 0x4
 441 00b9 08       		.byte	0x8
 442 00ba 04       		.byte	0x4
 443 00bb D9000000 		.4byte	.LASF17
 444 00bf 06       		.uleb128 0x6
 445 00c0 8C000000 		.4byte	.LASF18
 446 00c4 03       		.byte	0x3
 447 00c5 8E02     		.2byte	0x28e
 448 00c7 CB000000 		.4byte	0xcb
ARM GAS  C:\Users\wl\AppData\Local\Temp\ccblIUMT.s 			page 15


 449 00cb 07       		.uleb128 0x7
 450 00cc 8D000000 		.4byte	0x8d
 451 00d0 06       		.uleb128 0x6
 452 00d1 0E000000 		.4byte	.LASF19
 453 00d5 03       		.byte	0x3
 454 00d6 9002     		.2byte	0x290
 455 00d8 DC000000 		.4byte	0xdc
 456 00dc 07       		.uleb128 0x7
 457 00dd A5000000 		.4byte	0xa5
 458 00e1 08       		.uleb128 0x8
 459 00e2 1B000000 		.4byte	.LASF37
 460 00e6 01       		.byte	0x1
 461 00e7 EA       		.byte	0xea
 462 00e8 00000000 		.4byte	.LFB6
 463 00ec 20000000 		.4byte	.LFE6-.LFB6
 464 00f0 01       		.uleb128 0x1
 465 00f1 9C       		.byte	0x9c
 466 00f2 09       		.uleb128 0x9
 467 00f3 BA000000 		.4byte	.LASF20
 468 00f7 01       		.byte	0x1
 469 00f8 4C       		.byte	0x4c
 470 00f9 00000000 		.4byte	.LFB2
 471 00fd 0C000000 		.4byte	.LFE2-.LFB2
 472 0101 01       		.uleb128 0x1
 473 0102 9C       		.byte	0x9c
 474 0103 3F010000 		.4byte	0x13f
 475 0107 0A       		.uleb128 0xa
 476 0108 7300     		.ascii	"s\000"
 477 010a 01       		.byte	0x1
 478 010b 4C       		.byte	0x4c
 479 010c 84000000 		.4byte	0x84
 480 0110 00000000 		.4byte	.LLST0
 481 0114 0A       		.uleb128 0xa
 482 0115 6E00     		.ascii	"n\000"
 483 0117 01       		.byte	0x1
 484 0118 4C       		.byte	0x4c
 485 0119 2C000000 		.4byte	0x2c
 486 011d 21000000 		.4byte	.LLST1
 487 0121 0B       		.uleb128 0xb
 488 0122 0A000000 		.4byte	.LVL2
 489 0126 CB020000 		.4byte	0x2cb
 490 012a 0C       		.uleb128 0xc
 491 012b 01       		.uleb128 0x1
 492 012c 50       		.byte	0x50
 493 012d 03       		.uleb128 0x3
 494 012e F3       		.byte	0xf3
 495 012f 01       		.uleb128 0x1
 496 0130 50       		.byte	0x50
 497 0131 0C       		.uleb128 0xc
 498 0132 01       		.uleb128 0x1
 499 0133 51       		.byte	0x51
 500 0134 01       		.uleb128 0x1
 501 0135 30       		.byte	0x30
 502 0136 0C       		.uleb128 0xc
 503 0137 01       		.uleb128 0x1
 504 0138 52       		.byte	0x52
 505 0139 03       		.uleb128 0x3
ARM GAS  C:\Users\wl\AppData\Local\Temp\ccblIUMT.s 			page 16


 506 013a F3       		.byte	0xf3
 507 013b 01       		.uleb128 0x1
 508 013c 51       		.byte	0x51
 509 013d 00       		.byte	0
 510 013e 00       		.byte	0
 511 013f 09       		.uleb128 0x9
 512 0140 4B000000 		.4byte	.LASF21
 513 0144 01       		.byte	0x1
 514 0145 AA       		.byte	0xaa
 515 0146 00000000 		.4byte	.LFB5
 516 014a B4000000 		.4byte	.LFE5-.LFB5
 517 014e 01       		.uleb128 0x1
 518 014f 9C       		.byte	0x9c
 519 0150 E8010000 		.4byte	0x1e8
 520 0154 0D       		.uleb128 0xd
 521 0155 0C000000 		.4byte	.LVL3
 522 0159 D4020000 		.4byte	0x2d4
 523 015d 0E       		.uleb128 0xe
 524 015e 12000000 		.4byte	.LVL4
 525 0162 DF020000 		.4byte	0x2df
 526 0166 74010000 		.4byte	0x174
 527 016a 0C       		.uleb128 0xc
 528 016b 01       		.uleb128 0x1
 529 016c 50       		.byte	0x50
 530 016d 05       		.uleb128 0x5
 531 016e 0C       		.byte	0xc
 532 016f 001BB700 		.4byte	0xb71b00
 533 0173 00       		.byte	0
 534 0174 0E       		.uleb128 0xe
 535 0175 18000000 		.4byte	.LVL5
 536 0179 EA020000 		.4byte	0x2ea
 537 017d 87010000 		.4byte	0x187
 538 0181 0C       		.uleb128 0xc
 539 0182 01       		.uleb128 0x1
 540 0183 50       		.byte	0x50
 541 0184 01       		.uleb128 0x1
 542 0185 31       		.byte	0x31
 543 0186 00       		.byte	0
 544 0187 0E       		.uleb128 0xe
 545 0188 1E000000 		.4byte	.LVL6
 546 018c F5020000 		.4byte	0x2f5
 547 0190 9B010000 		.4byte	0x19b
 548 0194 0C       		.uleb128 0xc
 549 0195 01       		.uleb128 0x1
 550 0196 50       		.byte	0x50
 551 0197 02       		.uleb128 0x2
 552 0198 08       		.byte	0x8
 553 0199 30       		.byte	0x30
 554 019a 00       		.byte	0
 555 019b 0E       		.uleb128 0xe
 556 019c 54000000 		.4byte	.LVL7
 557 01a0 00030000 		.4byte	0x300
 558 01a4 B0010000 		.4byte	0x1b0
 559 01a8 0C       		.uleb128 0xc
 560 01a9 01       		.uleb128 0x1
 561 01aa 50       		.byte	0x50
 562 01ab 03       		.uleb128 0x3
ARM GAS  C:\Users\wl\AppData\Local\Temp\ccblIUMT.s 			page 17


 563 01ac 0A       		.byte	0xa
 564 01ad D007     		.2byte	0x7d0
 565 01af 00       		.byte	0
 566 01b0 0E       		.uleb128 0xe
 567 01b1 5A000000 		.4byte	.LVL8
 568 01b5 0B030000 		.4byte	0x30b
 569 01b9 C5010000 		.4byte	0x1c5
 570 01bd 0C       		.uleb128 0xc
 571 01be 01       		.uleb128 0x1
 572 01bf 50       		.byte	0x50
 573 01c0 03       		.uleb128 0x3
 574 01c1 0A       		.byte	0xa
 575 01c2 DC05     		.2byte	0x5dc
 576 01c4 00       		.byte	0
 577 01c5 0E       		.uleb128 0xe
 578 01c6 72000000 		.4byte	.LVL9
 579 01ca 16030000 		.4byte	0x316
 580 01ce D8010000 		.4byte	0x1d8
 581 01d2 0C       		.uleb128 0xc
 582 01d3 01       		.uleb128 0x1
 583 01d4 50       		.byte	0x50
 584 01d5 01       		.uleb128 0x1
 585 01d6 38       		.byte	0x38
 586 01d7 00       		.byte	0
 587 01d8 0B       		.uleb128 0xb
 588 01d9 78000000 		.4byte	.LVL10
 589 01dd 21030000 		.4byte	0x321
 590 01e1 0C       		.uleb128 0xc
 591 01e2 01       		.uleb128 0x1
 592 01e3 50       		.byte	0x50
 593 01e4 01       		.uleb128 0x1
 594 01e5 38       		.byte	0x38
 595 01e6 00       		.byte	0
 596 01e7 00       		.byte	0
 597 01e8 0F       		.uleb128 0xf
 598 01e9 07010000 		.4byte	.LASF38
 599 01ed 01       		.byte	0x1
 600 01ee 0501     		.2byte	0x105
 601 01f0 B4000000 		.4byte	.LFB7
 602 01f4 B0000000 		.4byte	.LFE7-.LFB7
 603 01f8 01       		.uleb128 0x1
 604 01f9 9C       		.byte	0x9c
 605 01fa CB020000 		.4byte	0x2cb
 606 01fe 10       		.uleb128 0x10
 607 01ff BE000000 		.4byte	.LBB2
 608 0203 4C000000 		.4byte	.LBE2-.LBB2
 609 0207 B8020000 		.4byte	0x2b8
 610 020b 11       		.uleb128 0x11
 611 020c 06       		.byte	0x6
 612 020d 01       		.byte	0x1
 613 020e 0E01     		.2byte	0x10e
 614 0210 2F020000 		.4byte	0x22f
 615 0214 12       		.uleb128 0x12
 616 0215 14010000 		.4byte	.LASF22
 617 0219 01       		.byte	0x1
 618 021a 0F01     		.2byte	0x10f
 619 021c 84000000 		.4byte	0x84
ARM GAS  C:\Users\wl\AppData\Local\Temp\ccblIUMT.s 			page 18


 620 0220 00       		.byte	0
 621 0221 12       		.uleb128 0x12
 622 0222 6F000000 		.4byte	.LASF23
 623 0226 01       		.byte	0x1
 624 0227 1001     		.2byte	0x110
 625 0229 99000000 		.4byte	0x99
 626 022d 04       		.byte	0x4
 627 022e 00       		.byte	0
 628 022f 06       		.uleb128 0x6
 629 0230 C1010000 		.4byte	.LASF24
 630 0234 01       		.byte	0x1
 631 0235 1101     		.2byte	0x111
 632 0237 0B020000 		.4byte	0x20b
 633 023b 13       		.uleb128 0x13
 634 023c 4B020000 		.4byte	0x24b
 635 0240 4B020000 		.4byte	0x24b
 636 0244 14       		.uleb128 0x14
 637 0245 7D000000 		.4byte	0x7d
 638 0249 01       		.byte	0x1
 639 024a 00       		.byte	0
 640 024b 15       		.uleb128 0x15
 641 024c 2F020000 		.4byte	0x22f
 642 0250 16       		.uleb128 0x16
 643 0251 3B000000 		.4byte	.LASF25
 644 0255 01       		.byte	0x1
 645 0256 1301     		.2byte	0x113
 646 0258 62020000 		.4byte	0x262
 647 025c 05       		.uleb128 0x5
 648 025d 03       		.byte	0x3
 649 025e 00000000 		.4byte	cfg_memset_list.4893
 650 0262 15       		.uleb128 0x15
 651 0263 3B020000 		.4byte	0x23b
 652 0267 17       		.uleb128 0x17
 653 0268 6900     		.ascii	"i\000"
 654 026a 01       		.byte	0x1
 655 026b 1901     		.2byte	0x119
 656 026d 8D000000 		.4byte	0x8d
 657 0271 4D000000 		.4byte	.LLST2
 658 0275 18       		.uleb128 0x18
 659 0276 C2000000 		.4byte	.LBB3
 660 027a 1C000000 		.4byte	.LBE3-.LBB3
 661 027e 17       		.uleb128 0x17
 662 027f 6D7300   		.ascii	"ms\000"
 663 0282 01       		.byte	0x1
 664 0283 1E01     		.2byte	0x11e
 665 0285 8D020000 		.4byte	0x28d
 666 0289 77000000 		.4byte	.LLST3
 667 028d 19       		.uleb128 0x19
 668 028e 04       		.byte	0x4
 669 028f 4B020000 		.4byte	0x24b
 670 0293 0B       		.uleb128 0xb
 671 0294 DE000000 		.4byte	.LVL13
 672 0298 F2000000 		.4byte	0xf2
 673 029c 0C       		.uleb128 0xc
 674 029d 01       		.uleb128 0x1
 675 029e 51       		.byte	0x51
 676 029f 15       		.uleb128 0x15
ARM GAS  C:\Users\wl\AppData\Local\Temp\ccblIUMT.s 			page 19


 677 02a0 74       		.byte	0x74
 678 02a1 00       		.sleb128 0
 679 02a2 31       		.byte	0x31
 680 02a3 24       		.byte	0x24
 681 02a4 74       		.byte	0x74
 682 02a5 00       		.sleb128 0
 683 02a6 22       		.byte	0x22
 684 02a7 31       		.byte	0x31
 685 02a8 24       		.byte	0x24
 686 02a9 03       		.byte	0x3
 687 02aa 04000000 		.4byte	.LANCHOR0+4
 688 02ae 22       		.byte	0x22
 689 02af 94       		.byte	0x94
 690 02b0 02       		.byte	0x2
 691 02b1 0A       		.byte	0xa
 692 02b2 FFFF     		.2byte	0xffff
 693 02b4 1A       		.byte	0x1a
 694 02b5 00       		.byte	0
 695 02b6 00       		.byte	0
 696 02b7 00       		.byte	0
 697 02b8 0D       		.uleb128 0xd
 698 02b9 2C010000 		.4byte	.LVL16
 699 02bd 3F010000 		.4byte	0x13f
 700 02c1 0D       		.uleb128 0xd
 701 02c2 30010000 		.4byte	.LVL17
 702 02c6 E1000000 		.4byte	0xe1
 703 02ca 00       		.byte	0
 704 02cb 1A       		.uleb128 0x1a
 705 02cc D2000000 		.4byte	.LASF39
 706 02d0 D2000000 		.4byte	.LASF39
 707 02d4 1B       		.uleb128 0x1b
 708 02d5 A9000000 		.4byte	.LASF26
 709 02d9 A9000000 		.4byte	.LASF26
 710 02dd 04       		.byte	0x4
 711 02de 4E       		.byte	0x4e
 712 02df 1B       		.uleb128 0x1b
 713 02e0 00000000 		.4byte	.LASF27
 714 02e4 00000000 		.4byte	.LASF27
 715 02e8 05       		.byte	0x5
 716 02e9 DC       		.byte	0xdc
 717 02ea 1B       		.uleb128 0x1b
 718 02eb 74000000 		.4byte	.LASF28
 719 02ef 74000000 		.4byte	.LASF28
 720 02f3 04       		.byte	0x4
 721 02f4 50       		.byte	0x50
 722 02f5 1B       		.uleb128 0x1b
 723 02f6 0F020000 		.4byte	.LASF29
 724 02fa 0F020000 		.4byte	.LASF29
 725 02fe 05       		.byte	0x5
 726 02ff 6C       		.byte	0x6c
 727 0300 1B       		.uleb128 0x1b
 728 0301 F4010000 		.4byte	.LASF30
 729 0305 F4010000 		.4byte	.LASF30
 730 0309 05       		.byte	0x5
 731 030a 84       		.byte	0x84
 732 030b 1B       		.uleb128 0x1b
 733 030c E5010000 		.4byte	.LASF31
ARM GAS  C:\Users\wl\AppData\Local\Temp\ccblIUMT.s 			page 20


 734 0310 E5010000 		.4byte	.LASF31
 735 0314 05       		.byte	0x5
 736 0315 DA       		.byte	0xda
 737 0316 1B       		.uleb128 0x1b
 738 0317 2C000000 		.4byte	.LASF32
 739 031b 2C000000 		.4byte	.LASF32
 740 031f 05       		.byte	0x5
 741 0320 BD       		.byte	0xbd
 742 0321 1B       		.uleb128 0x1b
 743 0322 E0000000 		.4byte	.LASF33
 744 0326 E0000000 		.4byte	.LASF33
 745 032a 05       		.byte	0x5
 746 032b C3       		.byte	0xc3
 747 032c 00       		.byte	0
 748              		.section	.debug_abbrev,"",%progbits
 749              	.Ldebug_abbrev0:
 750 0000 01       		.uleb128 0x1
 751 0001 11       		.uleb128 0x11
 752 0002 01       		.byte	0x1
 753 0003 25       		.uleb128 0x25
 754 0004 0E       		.uleb128 0xe
 755 0005 13       		.uleb128 0x13
 756 0006 0B       		.uleb128 0xb
 757 0007 03       		.uleb128 0x3
 758 0008 0E       		.uleb128 0xe
 759 0009 1B       		.uleb128 0x1b
 760 000a 0E       		.uleb128 0xe
 761 000b 55       		.uleb128 0x55
 762 000c 17       		.uleb128 0x17
 763 000d 11       		.uleb128 0x11
 764 000e 01       		.uleb128 0x1
 765 000f 10       		.uleb128 0x10
 766 0010 17       		.uleb128 0x17
 767 0011 00       		.byte	0
 768 0012 00       		.byte	0
 769 0013 02       		.uleb128 0x2
 770 0014 24       		.uleb128 0x24
 771 0015 00       		.byte	0
 772 0016 0B       		.uleb128 0xb
 773 0017 0B       		.uleb128 0xb
 774 0018 3E       		.uleb128 0x3e
 775 0019 0B       		.uleb128 0xb
 776 001a 03       		.uleb128 0x3
 777 001b 08       		.uleb128 0x8
 778 001c 00       		.byte	0
 779 001d 00       		.byte	0
 780 001e 03       		.uleb128 0x3
 781 001f 16       		.uleb128 0x16
 782 0020 00       		.byte	0
 783 0021 03       		.uleb128 0x3
 784 0022 0E       		.uleb128 0xe
 785 0023 3A       		.uleb128 0x3a
 786 0024 0B       		.uleb128 0xb
 787 0025 3B       		.uleb128 0x3b
 788 0026 0B       		.uleb128 0xb
 789 0027 49       		.uleb128 0x49
 790 0028 13       		.uleb128 0x13
ARM GAS  C:\Users\wl\AppData\Local\Temp\ccblIUMT.s 			page 21


 791 0029 00       		.byte	0
 792 002a 00       		.byte	0
 793 002b 04       		.uleb128 0x4
 794 002c 24       		.uleb128 0x24
 795 002d 00       		.byte	0
 796 002e 0B       		.uleb128 0xb
 797 002f 0B       		.uleb128 0xb
 798 0030 3E       		.uleb128 0x3e
 799 0031 0B       		.uleb128 0xb
 800 0032 03       		.uleb128 0x3
 801 0033 0E       		.uleb128 0xe
 802 0034 00       		.byte	0
 803 0035 00       		.byte	0
 804 0036 05       		.uleb128 0x5
 805 0037 0F       		.uleb128 0xf
 806 0038 00       		.byte	0
 807 0039 0B       		.uleb128 0xb
 808 003a 0B       		.uleb128 0xb
 809 003b 00       		.byte	0
 810 003c 00       		.byte	0
 811 003d 06       		.uleb128 0x6
 812 003e 16       		.uleb128 0x16
 813 003f 00       		.byte	0
 814 0040 03       		.uleb128 0x3
 815 0041 0E       		.uleb128 0xe
 816 0042 3A       		.uleb128 0x3a
 817 0043 0B       		.uleb128 0xb
 818 0044 3B       		.uleb128 0x3b
 819 0045 05       		.uleb128 0x5
 820 0046 49       		.uleb128 0x49
 821 0047 13       		.uleb128 0x13
 822 0048 00       		.byte	0
 823 0049 00       		.byte	0
 824 004a 07       		.uleb128 0x7
 825 004b 35       		.uleb128 0x35
 826 004c 00       		.byte	0
 827 004d 49       		.uleb128 0x49
 828 004e 13       		.uleb128 0x13
 829 004f 00       		.byte	0
 830 0050 00       		.byte	0
 831 0051 08       		.uleb128 0x8
 832 0052 2E       		.uleb128 0x2e
 833 0053 00       		.byte	0
 834 0054 03       		.uleb128 0x3
 835 0055 0E       		.uleb128 0xe
 836 0056 3A       		.uleb128 0x3a
 837 0057 0B       		.uleb128 0xb
 838 0058 3B       		.uleb128 0x3b
 839 0059 0B       		.uleb128 0xb
 840 005a 27       		.uleb128 0x27
 841 005b 19       		.uleb128 0x19
 842 005c 11       		.uleb128 0x11
 843 005d 01       		.uleb128 0x1
 844 005e 12       		.uleb128 0x12
 845 005f 06       		.uleb128 0x6
 846 0060 40       		.uleb128 0x40
 847 0061 18       		.uleb128 0x18
ARM GAS  C:\Users\wl\AppData\Local\Temp\ccblIUMT.s 			page 22


 848 0062 9742     		.uleb128 0x2117
 849 0064 19       		.uleb128 0x19
 850 0065 00       		.byte	0
 851 0066 00       		.byte	0
 852 0067 09       		.uleb128 0x9
 853 0068 2E       		.uleb128 0x2e
 854 0069 01       		.byte	0x1
 855 006a 03       		.uleb128 0x3
 856 006b 0E       		.uleb128 0xe
 857 006c 3A       		.uleb128 0x3a
 858 006d 0B       		.uleb128 0xb
 859 006e 3B       		.uleb128 0x3b
 860 006f 0B       		.uleb128 0xb
 861 0070 27       		.uleb128 0x27
 862 0071 19       		.uleb128 0x19
 863 0072 11       		.uleb128 0x11
 864 0073 01       		.uleb128 0x1
 865 0074 12       		.uleb128 0x12
 866 0075 06       		.uleb128 0x6
 867 0076 40       		.uleb128 0x40
 868 0077 18       		.uleb128 0x18
 869 0078 9742     		.uleb128 0x2117
 870 007a 19       		.uleb128 0x19
 871 007b 01       		.uleb128 0x1
 872 007c 13       		.uleb128 0x13
 873 007d 00       		.byte	0
 874 007e 00       		.byte	0
 875 007f 0A       		.uleb128 0xa
 876 0080 05       		.uleb128 0x5
 877 0081 00       		.byte	0
 878 0082 03       		.uleb128 0x3
 879 0083 08       		.uleb128 0x8
 880 0084 3A       		.uleb128 0x3a
 881 0085 0B       		.uleb128 0xb
 882 0086 3B       		.uleb128 0x3b
 883 0087 0B       		.uleb128 0xb
 884 0088 49       		.uleb128 0x49
 885 0089 13       		.uleb128 0x13
 886 008a 02       		.uleb128 0x2
 887 008b 17       		.uleb128 0x17
 888 008c 00       		.byte	0
 889 008d 00       		.byte	0
 890 008e 0B       		.uleb128 0xb
 891 008f 898201   		.uleb128 0x4109
 892 0092 01       		.byte	0x1
 893 0093 11       		.uleb128 0x11
 894 0094 01       		.uleb128 0x1
 895 0095 31       		.uleb128 0x31
 896 0096 13       		.uleb128 0x13
 897 0097 00       		.byte	0
 898 0098 00       		.byte	0
 899 0099 0C       		.uleb128 0xc
 900 009a 8A8201   		.uleb128 0x410a
 901 009d 00       		.byte	0
 902 009e 02       		.uleb128 0x2
 903 009f 18       		.uleb128 0x18
 904 00a0 9142     		.uleb128 0x2111
ARM GAS  C:\Users\wl\AppData\Local\Temp\ccblIUMT.s 			page 23


 905 00a2 18       		.uleb128 0x18
 906 00a3 00       		.byte	0
 907 00a4 00       		.byte	0
 908 00a5 0D       		.uleb128 0xd
 909 00a6 898201   		.uleb128 0x4109
 910 00a9 00       		.byte	0
 911 00aa 11       		.uleb128 0x11
 912 00ab 01       		.uleb128 0x1
 913 00ac 31       		.uleb128 0x31
 914 00ad 13       		.uleb128 0x13
 915 00ae 00       		.byte	0
 916 00af 00       		.byte	0
 917 00b0 0E       		.uleb128 0xe
 918 00b1 898201   		.uleb128 0x4109
 919 00b4 01       		.byte	0x1
 920 00b5 11       		.uleb128 0x11
 921 00b6 01       		.uleb128 0x1
 922 00b7 31       		.uleb128 0x31
 923 00b8 13       		.uleb128 0x13
 924 00b9 01       		.uleb128 0x1
 925 00ba 13       		.uleb128 0x13
 926 00bb 00       		.byte	0
 927 00bc 00       		.byte	0
 928 00bd 0F       		.uleb128 0xf
 929 00be 2E       		.uleb128 0x2e
 930 00bf 01       		.byte	0x1
 931 00c0 3F       		.uleb128 0x3f
 932 00c1 19       		.uleb128 0x19
 933 00c2 03       		.uleb128 0x3
 934 00c3 0E       		.uleb128 0xe
 935 00c4 3A       		.uleb128 0x3a
 936 00c5 0B       		.uleb128 0xb
 937 00c6 3B       		.uleb128 0x3b
 938 00c7 05       		.uleb128 0x5
 939 00c8 27       		.uleb128 0x27
 940 00c9 19       		.uleb128 0x19
 941 00ca 11       		.uleb128 0x11
 942 00cb 01       		.uleb128 0x1
 943 00cc 12       		.uleb128 0x12
 944 00cd 06       		.uleb128 0x6
 945 00ce 40       		.uleb128 0x40
 946 00cf 18       		.uleb128 0x18
 947 00d0 9742     		.uleb128 0x2117
 948 00d2 19       		.uleb128 0x19
 949 00d3 01       		.uleb128 0x1
 950 00d4 13       		.uleb128 0x13
 951 00d5 00       		.byte	0
 952 00d6 00       		.byte	0
 953 00d7 10       		.uleb128 0x10
 954 00d8 0B       		.uleb128 0xb
 955 00d9 01       		.byte	0x1
 956 00da 11       		.uleb128 0x11
 957 00db 01       		.uleb128 0x1
 958 00dc 12       		.uleb128 0x12
 959 00dd 06       		.uleb128 0x6
 960 00de 01       		.uleb128 0x1
 961 00df 13       		.uleb128 0x13
ARM GAS  C:\Users\wl\AppData\Local\Temp\ccblIUMT.s 			page 24


 962 00e0 00       		.byte	0
 963 00e1 00       		.byte	0
 964 00e2 11       		.uleb128 0x11
 965 00e3 13       		.uleb128 0x13
 966 00e4 01       		.byte	0x1
 967 00e5 0B       		.uleb128 0xb
 968 00e6 0B       		.uleb128 0xb
 969 00e7 3A       		.uleb128 0x3a
 970 00e8 0B       		.uleb128 0xb
 971 00e9 3B       		.uleb128 0x3b
 972 00ea 05       		.uleb128 0x5
 973 00eb 01       		.uleb128 0x1
 974 00ec 13       		.uleb128 0x13
 975 00ed 00       		.byte	0
 976 00ee 00       		.byte	0
 977 00ef 12       		.uleb128 0x12
 978 00f0 0D       		.uleb128 0xd
 979 00f1 00       		.byte	0
 980 00f2 03       		.uleb128 0x3
 981 00f3 0E       		.uleb128 0xe
 982 00f4 3A       		.uleb128 0x3a
 983 00f5 0B       		.uleb128 0xb
 984 00f6 3B       		.uleb128 0x3b
 985 00f7 05       		.uleb128 0x5
 986 00f8 49       		.uleb128 0x49
 987 00f9 13       		.uleb128 0x13
 988 00fa 38       		.uleb128 0x38
 989 00fb 0B       		.uleb128 0xb
 990 00fc 00       		.byte	0
 991 00fd 00       		.byte	0
 992 00fe 13       		.uleb128 0x13
 993 00ff 01       		.uleb128 0x1
 994 0100 01       		.byte	0x1
 995 0101 49       		.uleb128 0x49
 996 0102 13       		.uleb128 0x13
 997 0103 01       		.uleb128 0x1
 998 0104 13       		.uleb128 0x13
 999 0105 00       		.byte	0
 1000 0106 00       		.byte	0
 1001 0107 14       		.uleb128 0x14
 1002 0108 21       		.uleb128 0x21
 1003 0109 00       		.byte	0
 1004 010a 49       		.uleb128 0x49
 1005 010b 13       		.uleb128 0x13
 1006 010c 2F       		.uleb128 0x2f
 1007 010d 0B       		.uleb128 0xb
 1008 010e 00       		.byte	0
 1009 010f 00       		.byte	0
 1010 0110 15       		.uleb128 0x15
 1011 0111 26       		.uleb128 0x26
 1012 0112 00       		.byte	0
 1013 0113 49       		.uleb128 0x49
 1014 0114 13       		.uleb128 0x13
 1015 0115 00       		.byte	0
 1016 0116 00       		.byte	0
 1017 0117 16       		.uleb128 0x16
 1018 0118 34       		.uleb128 0x34
ARM GAS  C:\Users\wl\AppData\Local\Temp\ccblIUMT.s 			page 25


 1019 0119 00       		.byte	0
 1020 011a 03       		.uleb128 0x3
 1021 011b 0E       		.uleb128 0xe
 1022 011c 3A       		.uleb128 0x3a
 1023 011d 0B       		.uleb128 0xb
 1024 011e 3B       		.uleb128 0x3b
 1025 011f 05       		.uleb128 0x5
 1026 0120 49       		.uleb128 0x49
 1027 0121 13       		.uleb128 0x13
 1028 0122 02       		.uleb128 0x2
 1029 0123 18       		.uleb128 0x18
 1030 0124 00       		.byte	0
 1031 0125 00       		.byte	0
 1032 0126 17       		.uleb128 0x17
 1033 0127 34       		.uleb128 0x34
 1034 0128 00       		.byte	0
 1035 0129 03       		.uleb128 0x3
 1036 012a 08       		.uleb128 0x8
 1037 012b 3A       		.uleb128 0x3a
 1038 012c 0B       		.uleb128 0xb
 1039 012d 3B       		.uleb128 0x3b
 1040 012e 05       		.uleb128 0x5
 1041 012f 49       		.uleb128 0x49
 1042 0130 13       		.uleb128 0x13
 1043 0131 02       		.uleb128 0x2
 1044 0132 17       		.uleb128 0x17
 1045 0133 00       		.byte	0
 1046 0134 00       		.byte	0
 1047 0135 18       		.uleb128 0x18
 1048 0136 0B       		.uleb128 0xb
 1049 0137 01       		.byte	0x1
 1050 0138 11       		.uleb128 0x11
 1051 0139 01       		.uleb128 0x1
 1052 013a 12       		.uleb128 0x12
 1053 013b 06       		.uleb128 0x6
 1054 013c 00       		.byte	0
 1055 013d 00       		.byte	0
 1056 013e 19       		.uleb128 0x19
 1057 013f 0F       		.uleb128 0xf
 1058 0140 00       		.byte	0
 1059 0141 0B       		.uleb128 0xb
 1060 0142 0B       		.uleb128 0xb
 1061 0143 49       		.uleb128 0x49
 1062 0144 13       		.uleb128 0x13
 1063 0145 00       		.byte	0
 1064 0146 00       		.byte	0
 1065 0147 1A       		.uleb128 0x1a
 1066 0148 2E       		.uleb128 0x2e
 1067 0149 00       		.byte	0
 1068 014a 3F       		.uleb128 0x3f
 1069 014b 19       		.uleb128 0x19
 1070 014c 3C       		.uleb128 0x3c
 1071 014d 19       		.uleb128 0x19
 1072 014e 6E       		.uleb128 0x6e
 1073 014f 0E       		.uleb128 0xe
 1074 0150 03       		.uleb128 0x3
 1075 0151 0E       		.uleb128 0xe
ARM GAS  C:\Users\wl\AppData\Local\Temp\ccblIUMT.s 			page 26


 1076 0152 00       		.byte	0
 1077 0153 00       		.byte	0
 1078 0154 1B       		.uleb128 0x1b
 1079 0155 2E       		.uleb128 0x2e
 1080 0156 00       		.byte	0
 1081 0157 3F       		.uleb128 0x3f
 1082 0158 19       		.uleb128 0x19
 1083 0159 3C       		.uleb128 0x3c
 1084 015a 19       		.uleb128 0x19
 1085 015b 6E       		.uleb128 0x6e
 1086 015c 0E       		.uleb128 0xe
 1087 015d 03       		.uleb128 0x3
 1088 015e 0E       		.uleb128 0xe
 1089 015f 3A       		.uleb128 0x3a
 1090 0160 0B       		.uleb128 0xb
 1091 0161 3B       		.uleb128 0x3b
 1092 0162 0B       		.uleb128 0xb
 1093 0163 00       		.byte	0
 1094 0164 00       		.byte	0
 1095 0165 00       		.byte	0
 1096              		.section	.debug_loc,"",%progbits
 1097              	.Ldebug_loc0:
 1098              	.LLST0:
 1099 0000 00000000 		.4byte	.LVL0
 1100 0004 09000000 		.4byte	.LVL2-1
 1101 0008 0100     		.2byte	0x1
 1102 000a 50       		.byte	0x50
 1103 000b 09000000 		.4byte	.LVL2-1
 1104 000f 0C000000 		.4byte	.LFE2
 1105 0013 0400     		.2byte	0x4
 1106 0015 F3       		.byte	0xf3
 1107 0016 01       		.uleb128 0x1
 1108 0017 50       		.byte	0x50
 1109 0018 9F       		.byte	0x9f
 1110 0019 00000000 		.4byte	0
 1111 001d 00000000 		.4byte	0
 1112              	.LLST1:
 1113 0021 00000000 		.4byte	.LVL0
 1114 0025 06000000 		.4byte	.LVL1
 1115 0029 0100     		.2byte	0x1
 1116 002b 51       		.byte	0x51
 1117 002c 06000000 		.4byte	.LVL1
 1118 0030 09000000 		.4byte	.LVL2-1
 1119 0034 0100     		.2byte	0x1
 1120 0036 52       		.byte	0x52
 1121 0037 09000000 		.4byte	.LVL2-1
 1122 003b 0C000000 		.4byte	.LFE2
 1123 003f 0400     		.2byte	0x4
 1124 0041 F3       		.byte	0xf3
 1125 0042 01       		.uleb128 0x1
 1126 0043 51       		.byte	0x51
 1127 0044 9F       		.byte	0x9f
 1128 0045 00000000 		.4byte	0
 1129 0049 00000000 		.4byte	0
 1130              	.LLST2:
 1131 004d BE000000 		.4byte	.LVL11
 1132 0051 C2000000 		.4byte	.LVL12
ARM GAS  C:\Users\wl\AppData\Local\Temp\ccblIUMT.s 			page 27


 1133 0055 0200     		.2byte	0x2
 1134 0057 30       		.byte	0x30
 1135 0058 9F       		.byte	0x9f
 1136 0059 C2000000 		.4byte	.LVL12
 1137 005d E0000000 		.4byte	.LVL14
 1138 0061 0100     		.2byte	0x1
 1139 0063 54       		.byte	0x54
 1140 0064 E2000000 		.4byte	.LVL15
 1141 0068 30010000 		.4byte	.LVL18
 1142 006c 0100     		.2byte	0x1
 1143 006e 54       		.byte	0x54
 1144 006f 00000000 		.4byte	0
 1145 0073 00000000 		.4byte	0
 1146              	.LLST3:
 1147 0077 C2000000 		.4byte	.LVL12
 1148 007b E0000000 		.4byte	.LVL14
 1149 007f 0B00     		.2byte	0xb
 1150 0081 74       		.byte	0x74
 1151 0082 00       		.sleb128 0
 1152 0083 36       		.byte	0x36
 1153 0084 1E       		.byte	0x1e
 1154 0085 03       		.byte	0x3
 1155 0086 00000000 		.4byte	cfg_memset_list.4893
 1156 008a 22       		.byte	0x22
 1157 008b 9F       		.byte	0x9f
 1158 008c E0000000 		.4byte	.LVL14
 1159 0090 E2000000 		.4byte	.LVL15
 1160 0094 0B00     		.2byte	0xb
 1161 0096 74       		.byte	0x74
 1162 0097 7F       		.sleb128 -1
 1163 0098 36       		.byte	0x36
 1164 0099 1E       		.byte	0x1e
 1165 009a 03       		.byte	0x3
 1166 009b 00000000 		.4byte	cfg_memset_list.4893
 1167 009f 22       		.byte	0x22
 1168 00a0 9F       		.byte	0x9f
 1169 00a1 00000000 		.4byte	0
 1170 00a5 00000000 		.4byte	0
 1171              		.section	.debug_aranges,"",%progbits
 1172 0000 34000000 		.4byte	0x34
 1173 0004 0200     		.2byte	0x2
 1174 0006 00000000 		.4byte	.Ldebug_info0
 1175 000a 04       		.byte	0x4
 1176 000b 00       		.byte	0
 1177 000c 0000     		.2byte	0
 1178 000e 0000     		.2byte	0
 1179 0010 00000000 		.4byte	.LFB6
 1180 0014 20000000 		.4byte	.LFE6-.LFB6
 1181 0018 00000000 		.4byte	.LFB2
 1182 001c 0C000000 		.4byte	.LFE2-.LFB2
 1183 0020 00000000 		.4byte	.LFB5
 1184 0024 B4000000 		.4byte	.LFE5-.LFB5
 1185 0028 B4000000 		.4byte	.LFB7
 1186 002c B0000000 		.4byte	.LFE7-.LFB7
 1187 0030 00000000 		.4byte	0
 1188 0034 00000000 		.4byte	0
 1189              		.section	.debug_ranges,"",%progbits
ARM GAS  C:\Users\wl\AppData\Local\Temp\ccblIUMT.s 			page 28


 1190              	.Ldebug_ranges0:
 1191 0000 00000000 		.4byte	.LFB6
 1192 0004 20000000 		.4byte	.LFE6
 1193 0008 00000000 		.4byte	.LFB2
 1194 000c 0C000000 		.4byte	.LFE2
 1195 0010 00000000 		.4byte	.LFB5
 1196 0014 B4000000 		.4byte	.LFE5
 1197 0018 B4000000 		.4byte	.LFB7
 1198 001c 64010000 		.4byte	.LFE7
 1199 0020 00000000 		.4byte	0
 1200 0024 00000000 		.4byte	0
 1201              		.section	.debug_line,"",%progbits
 1202              	.Ldebug_line0:
 1203 0000 59010000 		.section	.debug_str,"MS",%progbits,1
 1203      0200E300 
 1203      00000201 
 1203      FB0E0D00 
 1203      01010101 
 1204              	.LASF27:
 1205 0000 43794465 		.ascii	"CyDelayCycles\000"
 1205      6C617943 
 1205      79636C65 
 1205      7300
 1206              	.LASF19:
 1207 000e 72656733 		.ascii	"reg32\000"
 1207      3200
 1208              	.LASF12:
 1209 0014 73697A65 		.ascii	"size_t\000"
 1209      5F7400
 1210              	.LASF37:
 1211 001b 416E616C 		.ascii	"AnalogSetDefault\000"
 1211      6F675365 
 1211      74446566 
 1211      61756C74 
 1211      00
 1212              	.LASF32:
 1213 002c 4379496E 		.ascii	"CyIntSetVector\000"
 1213      74536574 
 1213      56656374 
 1213      6F7200
 1214              	.LASF25:
 1215 003b 6366675F 		.ascii	"cfg_memset_list\000"
 1215      6D656D73 
 1215      65745F6C 
 1215      69737400 
 1216              	.LASF21:
 1217 004b 436C6F63 		.ascii	"ClockSetup\000"
 1217      6B536574 
 1217      757000
 1218              	.LASF6:
 1219 0056 73686F72 		.ascii	"short unsigned int\000"
 1219      7420756E 
 1219      7369676E 
 1219      65642069 
 1219      6E7400
 1220              	.LASF16:
 1221 0069 666C6F61 		.ascii	"float\000"
ARM GAS  C:\Users\wl\AppData\Local\Temp\ccblIUMT.s 			page 29


 1221      7400
 1222              	.LASF23:
 1223 006f 73697A65 		.ascii	"size\000"
 1223      00
 1224              	.LASF28:
 1225 0074 43795379 		.ascii	"CySysClkWcoSetPowerMode\000"
 1225      73436C6B 
 1225      57636F53 
 1225      6574506F 
 1225      7765724D 
 1226              	.LASF18:
 1227 008c 72656738 		.ascii	"reg8\000"
 1227      00
 1228              	.LASF8:
 1229 0091 6C6F6E67 		.ascii	"long unsigned int\000"
 1229      20756E73 
 1229      69676E65 
 1229      6420696E 
 1229      7400
 1230              	.LASF13:
 1231 00a3 75696E74 		.ascii	"uint8\000"
 1231      3800
 1232              	.LASF26:
 1233 00a9 43795379 		.ascii	"CySysClkWcoStart\000"
 1233      73436C6B 
 1233      57636F53 
 1233      74617274 
 1233      00
 1234              	.LASF20:
 1235 00ba 43594D45 		.ascii	"CYMEMZERO\000"
 1235      4D5A4552 
 1235      4F00
 1236              	.LASF4:
 1237 00c4 756E7369 		.ascii	"unsigned char\000"
 1237      676E6564 
 1237      20636861 
 1237      7200
 1238              	.LASF39:
 1239 00d2 6D656D73 		.ascii	"memset\000"
 1239      657400
 1240              	.LASF17:
 1241 00d9 646F7562 		.ascii	"double\000"
 1241      6C6500
 1242              	.LASF33:
 1243 00e0 4379496E 		.ascii	"CyIntEnable\000"
 1243      74456E61 
 1243      626C6500 
 1244              	.LASF14:
 1245 00ec 75696E74 		.ascii	"uint16\000"
 1245      313600
 1246              	.LASF15:
 1247 00f3 75696E74 		.ascii	"uint32\000"
 1247      333200
 1248              	.LASF0:
 1249 00fa 756E7369 		.ascii	"unsigned int\000"
 1249      676E6564 
 1249      20696E74 
ARM GAS  C:\Users\wl\AppData\Local\Temp\ccblIUMT.s 			page 30


 1249      00
 1250              	.LASF38:
 1251 0107 63796669 		.ascii	"cyfitter_cfg\000"
 1251      74746572 
 1251      5F636667 
 1251      00
 1252              	.LASF22:
 1253 0114 61646472 		.ascii	"address\000"
 1253      65737300 
 1254              	.LASF9:
 1255 011c 6C6F6E67 		.ascii	"long long unsigned int\000"
 1255      206C6F6E 
 1255      6720756E 
 1255      7369676E 
 1255      65642069 
 1256              	.LASF34:
 1257 0133 474E5520 		.ascii	"GNU C11 5.4.1 20160609 (release) [ARM/embedded-5-br"
 1257      43313120 
 1257      352E342E 
 1257      31203230 
 1257      31363036 
 1258 0166 616E6368 		.ascii	"anch revision 237715] -mcpu=cortex-m0 -mthumb -g -O"
 1258      20726576 
 1258      6973696F 
 1258      6E203233 
 1258      37373135 
 1259 0199 67202D66 		.ascii	"g -ffunction-sections -ffat-lto-objects\000"
 1259      66756E63 
 1259      74696F6E 
 1259      2D736563 
 1259      74696F6E 
 1260              	.LASF24:
 1261 01c1 6366675F 		.ascii	"cfg_memset_t\000"
 1261      6D656D73 
 1261      65745F74 
 1261      00
 1262              	.LASF10:
 1263 01ce 73697A65 		.ascii	"sizetype\000"
 1263      74797065 
 1263      00
 1264              	.LASF1:
 1265 01d7 6C6F6E67 		.ascii	"long long int\000"
 1265      206C6F6E 
 1265      6720696E 
 1265      7400
 1266              	.LASF31:
 1267 01e5 43794465 		.ascii	"CyDelayUs\000"
 1267      6C617955 
 1267      7300
 1268              	.LASF11:
 1269 01ef 63686172 		.ascii	"char\000"
 1269      00
 1270              	.LASF30:
 1271 01f4 43795379 		.ascii	"CySysClkEcoStart\000"
 1271      73436C6B 
 1271      45636F53 
 1271      74617274 
ARM GAS  C:\Users\wl\AppData\Local\Temp\ccblIUMT.s 			page 31


 1271      00
 1272              	.LASF5:
 1273 0205 73686F72 		.ascii	"short int\000"
 1273      7420696E 
 1273      7400
 1274              	.LASF29:
 1275 020f 43795379 		.ascii	"CySysClkWriteImoFreq\000"
 1275      73436C6B 
 1275      57726974 
 1275      65496D6F 
 1275      46726571 
 1276              	.LASF7:
 1277 0224 6C6F6E67 		.ascii	"long int\000"
 1277      20696E74 
 1277      00
 1278              	.LASF2:
 1279 022d 6C6F6E67 		.ascii	"long double\000"
 1279      20646F75 
 1279      626C6500 
 1280              	.LASF3:
 1281 0239 7369676E 		.ascii	"signed char\000"
 1281      65642063 
 1281      68617200 
 1282              	.LASF35:
 1283 0245 47656E65 		.ascii	"Generated_Source\\PSoC4\\cyfitter_cfg.c\000"
 1283      72617465 
 1283      645F536F 
 1283      75726365 
 1283      5C50536F 
 1284              	.LASF36:
 1285 026b 433A5C55 		.ascii	"C:\\Users\\wl\\Desktop\\cypressResource\\projects\\"
 1285      73657273 
 1285      5C776C5C 
 1285      4465736B 
 1285      746F705C 
 1286 0298 576F726B 		.ascii	"Workspace01\\InputPin.cydsn\000"
 1286      73706163 
 1286      6530315C 
 1286      496E7075 
 1286      7450696E 
 1287              		.ident	"GCC: (GNU Tools for ARM Embedded Processors) 5.4.1 20160609 (release) [ARM/embedded-5-bran
