ARM GAS  C:\Users\wl\AppData\Local\Temp\ccvWznJd.s 			page 1


   1              		.syntax unified
   2              		.cpu cortex-m0
   3              		.fpu softvfp
   4              		.eabi_attribute 20, 1
   5              		.eabi_attribute 21, 1
   6              		.eabi_attribute 23, 3
   7              		.eabi_attribute 24, 1
   8              		.eabi_attribute 25, 1
   9              		.eabi_attribute 26, 1
  10              		.eabi_attribute 30, 1
  11              		.eabi_attribute 34, 0
  12              		.eabi_attribute 18, 4
  13              		.thumb
  14              		.syntax unified
  15              		.file	"cyfitter_cfg.c"
  16              		.text
  17              	.Ltext0:
  18              		.cfi_sections	.debug_frame
  19              		.section	.text.AnalogSetDefault,"ax",%progbits
  20              		.align	2
  21              		.code	16
  22              		.thumb_func
  23              		.type	AnalogSetDefault, %function
  24              	AnalogSetDefault:
  25              	.LFB6:
  26              		.file 1 "Generated_Source\\PSoC4\\cyfitter_cfg.c"
   1:Generated_Source\PSoC4/cyfitter_cfg.c **** 
   2:Generated_Source\PSoC4/cyfitter_cfg.c **** /*******************************************************************************
   3:Generated_Source\PSoC4/cyfitter_cfg.c **** * File Name: cyfitter_cfg.c
   4:Generated_Source\PSoC4/cyfitter_cfg.c **** * 
   5:Generated_Source\PSoC4/cyfitter_cfg.c **** * PSoC Creator  4.2
   6:Generated_Source\PSoC4/cyfitter_cfg.c **** *
   7:Generated_Source\PSoC4/cyfitter_cfg.c **** * Description:
   8:Generated_Source\PSoC4/cyfitter_cfg.c **** * This file contains device initialization code.
   9:Generated_Source\PSoC4/cyfitter_cfg.c **** * Except for the user defined sections in CyClockStartupError(), this file should not be modified.
  10:Generated_Source\PSoC4/cyfitter_cfg.c **** * This file is automatically generated by PSoC Creator.
  11:Generated_Source\PSoC4/cyfitter_cfg.c **** *
  12:Generated_Source\PSoC4/cyfitter_cfg.c **** ********************************************************************************
  13:Generated_Source\PSoC4/cyfitter_cfg.c **** * Copyright (c) 2007-2018 Cypress Semiconductor.  All rights reserved.
  14:Generated_Source\PSoC4/cyfitter_cfg.c **** * You may use this file only in accordance with the license, terms, conditions, 
  15:Generated_Source\PSoC4/cyfitter_cfg.c **** * disclaimers, and limitations in the end user license agreement accompanying 
  16:Generated_Source\PSoC4/cyfitter_cfg.c **** * the software package with which this file was provided.
  17:Generated_Source\PSoC4/cyfitter_cfg.c **** ********************************************************************************/
  18:Generated_Source\PSoC4/cyfitter_cfg.c **** 
  19:Generated_Source\PSoC4/cyfitter_cfg.c **** #include <string.h>
  20:Generated_Source\PSoC4/cyfitter_cfg.c **** #include "cytypes.h"
  21:Generated_Source\PSoC4/cyfitter_cfg.c **** #include "cydevice_trm.h"
  22:Generated_Source\PSoC4/cyfitter_cfg.c **** #include "cyfitter.h"
  23:Generated_Source\PSoC4/cyfitter_cfg.c **** #include "CyLib.h"
  24:Generated_Source\PSoC4/cyfitter_cfg.c **** #include "CyLFClk.h"
  25:Generated_Source\PSoC4/cyfitter_cfg.c **** #include "cyfitter_cfg.h"
  26:Generated_Source\PSoC4/cyfitter_cfg.c **** #include "cyapicallbacks.h"
  27:Generated_Source\PSoC4/cyfitter_cfg.c **** 
  28:Generated_Source\PSoC4/cyfitter_cfg.c **** 
  29:Generated_Source\PSoC4/cyfitter_cfg.c **** #if defined(__GNUC__) || defined(__ARMCC_VERSION)
  30:Generated_Source\PSoC4/cyfitter_cfg.c ****     #define CYPACKED 
  31:Generated_Source\PSoC4/cyfitter_cfg.c ****     #define CYPACKED_ATTR __attribute__ ((packed))
ARM GAS  C:\Users\wl\AppData\Local\Temp\ccvWznJd.s 			page 2


  32:Generated_Source\PSoC4/cyfitter_cfg.c ****     #define CYALIGNED __attribute__ ((aligned))
  33:Generated_Source\PSoC4/cyfitter_cfg.c ****     #define CY_CFG_UNUSED __attribute__ ((unused))
  34:Generated_Source\PSoC4/cyfitter_cfg.c ****     #ifndef CY_CFG_SECTION
  35:Generated_Source\PSoC4/cyfitter_cfg.c ****         #define CY_CFG_SECTION __attribute__ ((section(".psocinit")))
  36:Generated_Source\PSoC4/cyfitter_cfg.c ****     #endif
  37:Generated_Source\PSoC4/cyfitter_cfg.c ****     
  38:Generated_Source\PSoC4/cyfitter_cfg.c ****     #if defined(__ARMCC_VERSION)
  39:Generated_Source\PSoC4/cyfitter_cfg.c ****         #define CY_CFG_MEMORY_BARRIER() __memory_changed()
  40:Generated_Source\PSoC4/cyfitter_cfg.c ****     #else
  41:Generated_Source\PSoC4/cyfitter_cfg.c ****         #define CY_CFG_MEMORY_BARRIER() __sync_synchronize()
  42:Generated_Source\PSoC4/cyfitter_cfg.c ****     #endif
  43:Generated_Source\PSoC4/cyfitter_cfg.c ****     
  44:Generated_Source\PSoC4/cyfitter_cfg.c **** #elif defined(__ICCARM__)
  45:Generated_Source\PSoC4/cyfitter_cfg.c ****     #include <intrinsics.h>
  46:Generated_Source\PSoC4/cyfitter_cfg.c **** 
  47:Generated_Source\PSoC4/cyfitter_cfg.c ****     #define CYPACKED __packed
  48:Generated_Source\PSoC4/cyfitter_cfg.c ****     #define CYPACKED_ATTR 
  49:Generated_Source\PSoC4/cyfitter_cfg.c ****     #define CYALIGNED _Pragma("data_alignment=4")
  50:Generated_Source\PSoC4/cyfitter_cfg.c ****     #define CY_CFG_UNUSED _Pragma("diag_suppress=Pe177")
  51:Generated_Source\PSoC4/cyfitter_cfg.c ****     #define CY_CFG_SECTION _Pragma("location=\".psocinit\"")
  52:Generated_Source\PSoC4/cyfitter_cfg.c ****     
  53:Generated_Source\PSoC4/cyfitter_cfg.c ****     #define CY_CFG_MEMORY_BARRIER() __DMB()
  54:Generated_Source\PSoC4/cyfitter_cfg.c ****     
  55:Generated_Source\PSoC4/cyfitter_cfg.c **** #else
  56:Generated_Source\PSoC4/cyfitter_cfg.c ****     #error Unsupported toolchain
  57:Generated_Source\PSoC4/cyfitter_cfg.c **** #endif
  58:Generated_Source\PSoC4/cyfitter_cfg.c **** 
  59:Generated_Source\PSoC4/cyfitter_cfg.c **** #ifndef CYCODE
  60:Generated_Source\PSoC4/cyfitter_cfg.c ****     #define CYCODE
  61:Generated_Source\PSoC4/cyfitter_cfg.c **** #endif
  62:Generated_Source\PSoC4/cyfitter_cfg.c **** #ifndef CYDATA
  63:Generated_Source\PSoC4/cyfitter_cfg.c ****     #define CYDATA
  64:Generated_Source\PSoC4/cyfitter_cfg.c **** #endif
  65:Generated_Source\PSoC4/cyfitter_cfg.c **** #ifndef CYFAR
  66:Generated_Source\PSoC4/cyfitter_cfg.c ****     #define CYFAR
  67:Generated_Source\PSoC4/cyfitter_cfg.c **** #endif
  68:Generated_Source\PSoC4/cyfitter_cfg.c **** #ifndef CYXDATA
  69:Generated_Source\PSoC4/cyfitter_cfg.c ****     #define CYXDATA
  70:Generated_Source\PSoC4/cyfitter_cfg.c **** #endif
  71:Generated_Source\PSoC4/cyfitter_cfg.c **** 
  72:Generated_Source\PSoC4/cyfitter_cfg.c **** 
  73:Generated_Source\PSoC4/cyfitter_cfg.c **** CY_CFG_UNUSED
  74:Generated_Source\PSoC4/cyfitter_cfg.c **** static void CYMEMZERO(void *s, size_t n);
  75:Generated_Source\PSoC4/cyfitter_cfg.c **** CY_CFG_UNUSED
  76:Generated_Source\PSoC4/cyfitter_cfg.c **** static void CYMEMZERO(void *s, size_t n)
  77:Generated_Source\PSoC4/cyfitter_cfg.c **** {
  78:Generated_Source\PSoC4/cyfitter_cfg.c **** 	(void)memset(s, 0, n);
  79:Generated_Source\PSoC4/cyfitter_cfg.c **** }
  80:Generated_Source\PSoC4/cyfitter_cfg.c **** CY_CFG_UNUSED
  81:Generated_Source\PSoC4/cyfitter_cfg.c **** static void CYCONFIGCPY(void *dest, const void *src, size_t n);
  82:Generated_Source\PSoC4/cyfitter_cfg.c **** CY_CFG_UNUSED
  83:Generated_Source\PSoC4/cyfitter_cfg.c **** static void CYCONFIGCPY(void *dest, const void *src, size_t n)
  84:Generated_Source\PSoC4/cyfitter_cfg.c **** {
  85:Generated_Source\PSoC4/cyfitter_cfg.c **** 	(void)memcpy(dest, src, n);
  86:Generated_Source\PSoC4/cyfitter_cfg.c **** }
  87:Generated_Source\PSoC4/cyfitter_cfg.c **** CY_CFG_UNUSED
  88:Generated_Source\PSoC4/cyfitter_cfg.c **** static void CYCONFIGCPYCODE(void *dest, const void *src, size_t n);
ARM GAS  C:\Users\wl\AppData\Local\Temp\ccvWznJd.s 			page 3


  89:Generated_Source\PSoC4/cyfitter_cfg.c **** CY_CFG_UNUSED
  90:Generated_Source\PSoC4/cyfitter_cfg.c **** static void CYCONFIGCPYCODE(void *dest, const void *src, size_t n)
  91:Generated_Source\PSoC4/cyfitter_cfg.c **** {
  92:Generated_Source\PSoC4/cyfitter_cfg.c **** 	(void)memcpy(dest, src, n);
  93:Generated_Source\PSoC4/cyfitter_cfg.c **** }
  94:Generated_Source\PSoC4/cyfitter_cfg.c **** 
  95:Generated_Source\PSoC4/cyfitter_cfg.c **** 
  96:Generated_Source\PSoC4/cyfitter_cfg.c **** 
  97:Generated_Source\PSoC4/cyfitter_cfg.c **** 
  98:Generated_Source\PSoC4/cyfitter_cfg.c **** /* Clock startup error codes                                                   */
  99:Generated_Source\PSoC4/cyfitter_cfg.c **** #define CYCLOCKSTART_NO_ERROR    0u
 100:Generated_Source\PSoC4/cyfitter_cfg.c **** #define CYCLOCKSTART_XTAL_ERROR  1u
 101:Generated_Source\PSoC4/cyfitter_cfg.c **** #define CYCLOCKSTART_32KHZ_ERROR 2u
 102:Generated_Source\PSoC4/cyfitter_cfg.c **** #define CYCLOCKSTART_PLL_ERROR   3u
 103:Generated_Source\PSoC4/cyfitter_cfg.c **** #define CYCLOCKSTART_FLL_ERROR   4u
 104:Generated_Source\PSoC4/cyfitter_cfg.c **** #define CYCLOCKSTART_WCO_ERROR   5u
 105:Generated_Source\PSoC4/cyfitter_cfg.c **** 
 106:Generated_Source\PSoC4/cyfitter_cfg.c **** 
 107:Generated_Source\PSoC4/cyfitter_cfg.c **** #ifdef CY_NEED_CYCLOCKSTARTUPERROR
 108:Generated_Source\PSoC4/cyfitter_cfg.c **** /*******************************************************************************
 109:Generated_Source\PSoC4/cyfitter_cfg.c **** * Function Name: CyClockStartupError
 110:Generated_Source\PSoC4/cyfitter_cfg.c **** ********************************************************************************
 111:Generated_Source\PSoC4/cyfitter_cfg.c **** * Summary:
 112:Generated_Source\PSoC4/cyfitter_cfg.c **** *  If an error is encountered during clock configuration (crystal startup error,
 113:Generated_Source\PSoC4/cyfitter_cfg.c **** *  PLL lock error, etc.), the system will end up here.  Unless reimplemented by
 114:Generated_Source\PSoC4/cyfitter_cfg.c **** *  the customer, this function will stop in an infinite loop.
 115:Generated_Source\PSoC4/cyfitter_cfg.c **** *
 116:Generated_Source\PSoC4/cyfitter_cfg.c **** * Parameters:
 117:Generated_Source\PSoC4/cyfitter_cfg.c **** *   void
 118:Generated_Source\PSoC4/cyfitter_cfg.c **** *
 119:Generated_Source\PSoC4/cyfitter_cfg.c **** * Return:
 120:Generated_Source\PSoC4/cyfitter_cfg.c **** *   void
 121:Generated_Source\PSoC4/cyfitter_cfg.c **** *
 122:Generated_Source\PSoC4/cyfitter_cfg.c **** *******************************************************************************/
 123:Generated_Source\PSoC4/cyfitter_cfg.c **** CY_CFG_UNUSED
 124:Generated_Source\PSoC4/cyfitter_cfg.c **** static void CyClockStartupError(uint8 errorCode);
 125:Generated_Source\PSoC4/cyfitter_cfg.c **** CY_CFG_UNUSED
 126:Generated_Source\PSoC4/cyfitter_cfg.c **** static void CyClockStartupError(uint8 errorCode)
 127:Generated_Source\PSoC4/cyfitter_cfg.c **** {
 128:Generated_Source\PSoC4/cyfitter_cfg.c ****     /* To remove the compiler warning if errorCode not used.                */
 129:Generated_Source\PSoC4/cyfitter_cfg.c ****     errorCode = errorCode;
 130:Generated_Source\PSoC4/cyfitter_cfg.c **** 
 131:Generated_Source\PSoC4/cyfitter_cfg.c ****     /* If we have a clock startup error (bad MHz crystal, PLL lock, etc.),  */
 132:Generated_Source\PSoC4/cyfitter_cfg.c ****     /* we will end up here to allow the customer to implement something to  */
 133:Generated_Source\PSoC4/cyfitter_cfg.c ****     /* deal with the clock condition.                                       */
 134:Generated_Source\PSoC4/cyfitter_cfg.c **** 
 135:Generated_Source\PSoC4/cyfitter_cfg.c **** #ifdef CY_CFG_CLOCK_STARTUP_ERROR_CALLBACK
 136:Generated_Source\PSoC4/cyfitter_cfg.c ****     CY_CFG_Clock_Startup_ErrorCallback();
 137:Generated_Source\PSoC4/cyfitter_cfg.c **** #else
 138:Generated_Source\PSoC4/cyfitter_cfg.c ****     /*  If not using CY_CFG_CLOCK_STARTUP_ERROR_CALLBACK, place your clock startup code here. */
 139:Generated_Source\PSoC4/cyfitter_cfg.c ****     /* `#START CyClockStartupError` */
 140:Generated_Source\PSoC4/cyfitter_cfg.c **** 
 141:Generated_Source\PSoC4/cyfitter_cfg.c **** 
 142:Generated_Source\PSoC4/cyfitter_cfg.c **** 
 143:Generated_Source\PSoC4/cyfitter_cfg.c ****     /* `#END` */
 144:Generated_Source\PSoC4/cyfitter_cfg.c **** 
 145:Generated_Source\PSoC4/cyfitter_cfg.c ****     while(1) {}
ARM GAS  C:\Users\wl\AppData\Local\Temp\ccvWznJd.s 			page 4


 146:Generated_Source\PSoC4/cyfitter_cfg.c **** #endif /* CY_CFG_CLOCK_STARTUP_ERROR_CALLBACK */
 147:Generated_Source\PSoC4/cyfitter_cfg.c **** }
 148:Generated_Source\PSoC4/cyfitter_cfg.c **** #endif
 149:Generated_Source\PSoC4/cyfitter_cfg.c **** 
 150:Generated_Source\PSoC4/cyfitter_cfg.c **** 
 151:Generated_Source\PSoC4/cyfitter_cfg.c **** 
 152:Generated_Source\PSoC4/cyfitter_cfg.c **** /*******************************************************************************
 153:Generated_Source\PSoC4/cyfitter_cfg.c **** * Function Name: ClockSetup
 154:Generated_Source\PSoC4/cyfitter_cfg.c **** ********************************************************************************
 155:Generated_Source\PSoC4/cyfitter_cfg.c **** *
 156:Generated_Source\PSoC4/cyfitter_cfg.c **** * Summary:
 157:Generated_Source\PSoC4/cyfitter_cfg.c **** *   Performs the initialization of all of the clocks in the device based on the
 158:Generated_Source\PSoC4/cyfitter_cfg.c **** *   settings in the Clock tab of the DWR.  This includes enabling the requested
 159:Generated_Source\PSoC4/cyfitter_cfg.c **** *   clocks and setting the necessary dividers to produce the desired frequency. 
 160:Generated_Source\PSoC4/cyfitter_cfg.c **** *
 161:Generated_Source\PSoC4/cyfitter_cfg.c **** * Parameters:
 162:Generated_Source\PSoC4/cyfitter_cfg.c **** *   void
 163:Generated_Source\PSoC4/cyfitter_cfg.c **** *
 164:Generated_Source\PSoC4/cyfitter_cfg.c **** * Return:
 165:Generated_Source\PSoC4/cyfitter_cfg.c **** *   void
 166:Generated_Source\PSoC4/cyfitter_cfg.c **** *
 167:Generated_Source\PSoC4/cyfitter_cfg.c **** *******************************************************************************/
 168:Generated_Source\PSoC4/cyfitter_cfg.c **** static void ClockSetup(void);
 169:Generated_Source\PSoC4/cyfitter_cfg.c **** CY_CFG_SECTION
 170:Generated_Source\PSoC4/cyfitter_cfg.c **** static void ClockSetup(void)
 171:Generated_Source\PSoC4/cyfitter_cfg.c **** {
 172:Generated_Source\PSoC4/cyfitter_cfg.c **** 
 173:Generated_Source\PSoC4/cyfitter_cfg.c **** 	/* Set Flash Cycles based on max possible frequency in case a glitch occurs during ClockSetup(). *
 174:Generated_Source\PSoC4/cyfitter_cfg.c **** 	CY_SET_REG32((void CYXDATA *)(CYREG_CPUSS_FLASH_CTL), (0x0012u));
 175:Generated_Source\PSoC4/cyfitter_cfg.c **** 
 176:Generated_Source\PSoC4/cyfitter_cfg.c **** 	/* Start the WCO */
 177:Generated_Source\PSoC4/cyfitter_cfg.c **** 	CySysClkWcoStart();
 178:Generated_Source\PSoC4/cyfitter_cfg.c **** 	CyDelayCycles(12000000u); /* WCO may take up to 500ms to start */
 179:Generated_Source\PSoC4/cyfitter_cfg.c **** 	(void)CySysClkWcoSetPowerMode(CY_SYS_CLK_WCO_LPM);    /* Switch to the low power mode */
 180:Generated_Source\PSoC4/cyfitter_cfg.c **** 
 181:Generated_Source\PSoC4/cyfitter_cfg.c **** 	/* Setup and trim IMO based on desired frequency. */
 182:Generated_Source\PSoC4/cyfitter_cfg.c **** 	CySysClkWriteImoFreq(48u);
 183:Generated_Source\PSoC4/cyfitter_cfg.c **** 	/* CYDEV_CLK_ILO_CONFIG Starting address: CYDEV_CLK_ILO_CONFIG */
 184:Generated_Source\PSoC4/cyfitter_cfg.c **** 	CY_SET_REG32((void *)(CYREG_CLK_ILO_CONFIG), 0x80000006u);
 185:Generated_Source\PSoC4/cyfitter_cfg.c **** 
 186:Generated_Source\PSoC4/cyfitter_cfg.c **** 	/* CYDEV_WDT_CONFIG Starting address: CYDEV_WDT_CONFIG */
 187:Generated_Source\PSoC4/cyfitter_cfg.c **** 	CY_SET_REG32((void *)(CYREG_WDT_CONFIG), 0x40000000u);
 188:Generated_Source\PSoC4/cyfitter_cfg.c **** 
 189:Generated_Source\PSoC4/cyfitter_cfg.c **** 
 190:Generated_Source\PSoC4/cyfitter_cfg.c **** 	/* Enable fast start mode for XO */
 191:Generated_Source\PSoC4/cyfitter_cfg.c **** 	CY_SET_REG32((void*)CYREG_BLE_BLERD_BB_XO, CY_GET_REG32((void*)CYREG_BLE_BLERD_BB_XO) | (uint32)0x
 192:Generated_Source\PSoC4/cyfitter_cfg.c **** 	CY_SET_REG32((void *)(CYREG_BLE_BLERD_BB_XO_CAPTRIM), 0x00003E2Du);
 193:Generated_Source\PSoC4/cyfitter_cfg.c **** 	/*Set XTAL(ECO) divider*/
 194:Generated_Source\PSoC4/cyfitter_cfg.c **** 	CY_SET_REG32((void *)(CYREG_BLE_BLESS_XTAL_CLK_DIV_CONFIG), 0x00000000u);
 195:Generated_Source\PSoC4/cyfitter_cfg.c **** 	/* Disable Crystal Stable Interrupt before enabling ECO */
 196:Generated_Source\PSoC4/cyfitter_cfg.c **** 	CY_SET_REG32((void*)CYREG_BLE_BLESS_LL_DSM_CTRL, CY_GET_REG32((void*)CYREG_BLE_BLESS_LL_DSM_CTRL) 
 197:Generated_Source\PSoC4/cyfitter_cfg.c **** 	/* Start the ECO and do not check status since it is not needed for HFCLK */
 198:Generated_Source\PSoC4/cyfitter_cfg.c **** 	(void)CySysClkEcoStart(2000u);
 199:Generated_Source\PSoC4/cyfitter_cfg.c **** 	CyDelayUs(1500u); /* Wait to stabilize */
 200:Generated_Source\PSoC4/cyfitter_cfg.c **** 
 201:Generated_Source\PSoC4/cyfitter_cfg.c **** 	/* Setup phase aligned clocks */
 202:Generated_Source\PSoC4/cyfitter_cfg.c **** 	CY_SET_REG32((void *)CYREG_PERI_DIV_16_CTL2, 0x00BB7F00u);
ARM GAS  C:\Users\wl\AppData\Local\Temp\ccvWznJd.s 			page 5


 203:Generated_Source\PSoC4/cyfitter_cfg.c **** 	CY_SET_REG32((void *)CYREG_PERI_DIV_CMD, 0x8000FF42u);
 204:Generated_Source\PSoC4/cyfitter_cfg.c **** 	CY_SET_REG32((void *)CYREG_PERI_DIV_16_CTL0, 0x00001D00u);
 205:Generated_Source\PSoC4/cyfitter_cfg.c **** 	CY_SET_REG32((void *)CYREG_PERI_DIV_CMD, 0x8000FF40u);
 206:Generated_Source\PSoC4/cyfitter_cfg.c **** 	CY_SET_REG32((void *)CYREG_PERI_DIV_16_CTL1, 0x00002200u);
 207:Generated_Source\PSoC4/cyfitter_cfg.c **** 	CY_SET_REG32((void *)CYREG_PERI_DIV_CMD, 0x8000FF41u);
 208:Generated_Source\PSoC4/cyfitter_cfg.c **** 
 209:Generated_Source\PSoC4/cyfitter_cfg.c **** 	/* CYDEV_CLK_IMO_CONFIG Starting address: CYDEV_CLK_IMO_CONFIG */
 210:Generated_Source\PSoC4/cyfitter_cfg.c **** 	CY_SET_REG32((void *)(CYREG_CLK_IMO_CONFIG), 0x80000000u);
 211:Generated_Source\PSoC4/cyfitter_cfg.c **** 
 212:Generated_Source\PSoC4/cyfitter_cfg.c **** 	/* CYDEV_CLK_SELECT Starting address: CYDEV_CLK_SELECT */
 213:Generated_Source\PSoC4/cyfitter_cfg.c **** 	CY_SET_REG32((void *)(CYREG_CLK_SELECT), 0x00040000u);
 214:Generated_Source\PSoC4/cyfitter_cfg.c **** 
 215:Generated_Source\PSoC4/cyfitter_cfg.c **** 	/* CYDEV_PERI_PCLK_CTL10 Starting address: CYDEV_PERI_PCLK_CTL10 */
 216:Generated_Source\PSoC4/cyfitter_cfg.c **** 	CY_SET_REG32((void *)(CYREG_PERI_PCLK_CTL10), 0x00000042u);
 217:Generated_Source\PSoC4/cyfitter_cfg.c **** 
 218:Generated_Source\PSoC4/cyfitter_cfg.c **** 	/* CYDEV_PERI_PCLK_CTL9 Starting address: CYDEV_PERI_PCLK_CTL9 */
 219:Generated_Source\PSoC4/cyfitter_cfg.c **** 	CY_SET_REG32((void *)(CYREG_PERI_PCLK_CTL9), 0x00000042u);
 220:Generated_Source\PSoC4/cyfitter_cfg.c **** 
 221:Generated_Source\PSoC4/cyfitter_cfg.c **** 	/* CYDEV_PERI_PCLK_CTL8 Starting address: CYDEV_PERI_PCLK_CTL8 */
 222:Generated_Source\PSoC4/cyfitter_cfg.c **** 	CY_SET_REG32((void *)(CYREG_PERI_PCLK_CTL8), 0x00000042u);
 223:Generated_Source\PSoC4/cyfitter_cfg.c **** 
 224:Generated_Source\PSoC4/cyfitter_cfg.c **** 	/* CYDEV_PERI_PCLK_CTL7 Starting address: CYDEV_PERI_PCLK_CTL7 */
 225:Generated_Source\PSoC4/cyfitter_cfg.c **** 	CY_SET_REG32((void *)(CYREG_PERI_PCLK_CTL7), 0x00000042u);
 226:Generated_Source\PSoC4/cyfitter_cfg.c **** 
 227:Generated_Source\PSoC4/cyfitter_cfg.c **** 	/* CYDEV_PERI_PCLK_CTL2 Starting address: CYDEV_PERI_PCLK_CTL2 */
 228:Generated_Source\PSoC4/cyfitter_cfg.c **** 	CY_SET_REG32((void *)(CYREG_PERI_PCLK_CTL2), 0x00000040u);
 229:Generated_Source\PSoC4/cyfitter_cfg.c **** 
 230:Generated_Source\PSoC4/cyfitter_cfg.c **** 	/* CYDEV_PERI_PCLK_CTL1 Starting address: CYDEV_PERI_PCLK_CTL1 */
 231:Generated_Source\PSoC4/cyfitter_cfg.c **** 	CY_SET_REG32((void *)(CYREG_PERI_PCLK_CTL1), 0x00000041u);
 232:Generated_Source\PSoC4/cyfitter_cfg.c **** 
 233:Generated_Source\PSoC4/cyfitter_cfg.c **** 	(void)CyIntSetVector(8u, &CySysWdtIsr);
 234:Generated_Source\PSoC4/cyfitter_cfg.c **** 	CyIntEnable(8u);
 235:Generated_Source\PSoC4/cyfitter_cfg.c **** 	CY_SET_REG32((void *)(CYREG_WDT_CONFIG), 0x40000000u);
 236:Generated_Source\PSoC4/cyfitter_cfg.c **** }
 237:Generated_Source\PSoC4/cyfitter_cfg.c **** 
 238:Generated_Source\PSoC4/cyfitter_cfg.c **** 
 239:Generated_Source\PSoC4/cyfitter_cfg.c **** /* Analog API Functions */
 240:Generated_Source\PSoC4/cyfitter_cfg.c **** 
 241:Generated_Source\PSoC4/cyfitter_cfg.c **** 
 242:Generated_Source\PSoC4/cyfitter_cfg.c **** /*******************************************************************************
 243:Generated_Source\PSoC4/cyfitter_cfg.c **** * Function Name: AnalogSetDefault
 244:Generated_Source\PSoC4/cyfitter_cfg.c **** ********************************************************************************
 245:Generated_Source\PSoC4/cyfitter_cfg.c **** *
 246:Generated_Source\PSoC4/cyfitter_cfg.c **** * Summary:
 247:Generated_Source\PSoC4/cyfitter_cfg.c **** *  Sets up the analog portions of the chip to default values based on chip
 248:Generated_Source\PSoC4/cyfitter_cfg.c **** *  configuration options from the project.
 249:Generated_Source\PSoC4/cyfitter_cfg.c **** *
 250:Generated_Source\PSoC4/cyfitter_cfg.c **** * Parameters:
 251:Generated_Source\PSoC4/cyfitter_cfg.c **** *  void
 252:Generated_Source\PSoC4/cyfitter_cfg.c **** *
 253:Generated_Source\PSoC4/cyfitter_cfg.c **** * Return:
 254:Generated_Source\PSoC4/cyfitter_cfg.c **** *  void
 255:Generated_Source\PSoC4/cyfitter_cfg.c **** *
 256:Generated_Source\PSoC4/cyfitter_cfg.c **** *******************************************************************************/
 257:Generated_Source\PSoC4/cyfitter_cfg.c **** static void AnalogSetDefault(void);
 258:Generated_Source\PSoC4/cyfitter_cfg.c **** static void AnalogSetDefault(void)
 259:Generated_Source\PSoC4/cyfitter_cfg.c **** {
ARM GAS  C:\Users\wl\AppData\Local\Temp\ccvWznJd.s 			page 6


  27              		.loc 1 259 0
  28              		.cfi_startproc
  29              		@ args = 0, pretend = 0, frame = 0
  30              		@ frame_needed = 0, uses_anonymous_args = 0
  31              		@ link register save eliminated.
 260:Generated_Source\PSoC4/cyfitter_cfg.c **** 	CY_SET_XTND_REG32((void CYFAR *)CYREG_CTBM0_DFT_CTRL, 0x00000003u);
  32              		.loc 1 260 0
  33 0000 0323     		movs	r3, #3
  34 0002 044A     		ldr	r2, .L2
  35 0004 1360     		str	r3, [r2]
 261:Generated_Source\PSoC4/cyfitter_cfg.c **** 	CY_SET_XTND_REG32((void CYFAR *)CYREG_CTBM1_DFT_CTRL, 0x00000003u);
  36              		.loc 1 261 0
  37 0006 044A     		ldr	r2, .L2+4
  38 0008 1360     		str	r3, [r2]
 262:Generated_Source\PSoC4/cyfitter_cfg.c **** 	CY_SET_XTND_REG32((void CYFAR *)CYREG_PASS_DSAB_DSAB_CTRL, 0x00000000u);
  39              		.loc 1 262 0
  40 000a 0022     		movs	r2, #0
  41 000c 034B     		ldr	r3, .L2+8
  42 000e 1A60     		str	r2, [r3]
 263:Generated_Source\PSoC4/cyfitter_cfg.c **** }
  43              		.loc 1 263 0
  44              		@ sp needed
  45 0010 7047     		bx	lr
  46              	.L3:
  47 0012 C046     		.align	2
  48              	.L2:
  49 0014 30003040 		.word	1076887600
  50 0018 30003140 		.word	1076953136
  51 001c 000E3F40 		.word	1077874176
  52              		.cfi_endproc
  53              	.LFE6:
  54              		.size	AnalogSetDefault, .-AnalogSetDefault
  55              		.section	.text.CYMEMZERO,"ax",%progbits
  56              		.align	2
  57              		.code	16
  58              		.thumb_func
  59              		.type	CYMEMZERO, %function
  60              	CYMEMZERO:
  61              	.LFB2:
  77:Generated_Source\PSoC4/cyfitter_cfg.c **** 	(void)memset(s, 0, n);
  62              		.loc 1 77 0
  63              		.cfi_startproc
  64              		@ args = 0, pretend = 0, frame = 0
  65              		@ frame_needed = 0, uses_anonymous_args = 0
  66              	.LVL0:
  67 0000 10B5     		push	{r4, lr}
  68              		.cfi_def_cfa_offset 8
  69              		.cfi_offset 4, -8
  70              		.cfi_offset 14, -4
  71 0002 0A00     		movs	r2, r1
  78:Generated_Source\PSoC4/cyfitter_cfg.c **** }
  72              		.loc 1 78 0
  73 0004 0021     		movs	r1, #0
  74              	.LVL1:
  75 0006 FFF7FEFF 		bl	memset
  76              	.LVL2:
  79:Generated_Source\PSoC4/cyfitter_cfg.c **** CY_CFG_UNUSED
ARM GAS  C:\Users\wl\AppData\Local\Temp\ccvWznJd.s 			page 7


  77              		.loc 1 79 0
  78              		@ sp needed
  79 000a 10BD     		pop	{r4, pc}
  80              		.cfi_endproc
  81              	.LFE2:
  82              		.size	CYMEMZERO, .-CYMEMZERO
  83              		.section	.psocinit,"ax",%progbits
  84              		.align	2
  85              		.code	16
  86              		.thumb_func
  87              		.type	ClockSetup, %function
  88              	ClockSetup:
  89              	.LFB5:
 171:Generated_Source\PSoC4/cyfitter_cfg.c **** 
  90              		.loc 1 171 0
  91              		.cfi_startproc
  92              		@ args = 0, pretend = 0, frame = 0
  93              		@ frame_needed = 0, uses_anonymous_args = 0
  94 0000 70B5     		push	{r4, r5, r6, lr}
  95              		.cfi_def_cfa_offset 16
  96              		.cfi_offset 4, -16
  97              		.cfi_offset 5, -12
  98              		.cfi_offset 6, -8
  99              		.cfi_offset 14, -4
 174:Generated_Source\PSoC4/cyfitter_cfg.c **** 
 100              		.loc 1 174 0
 101 0002 1222     		movs	r2, #18
 102 0004 2E4B     		ldr	r3, .L6
 103 0006 1A60     		str	r2, [r3]
 177:Generated_Source\PSoC4/cyfitter_cfg.c **** 	CyDelayCycles(12000000u); /* WCO may take up to 500ms to start */
 104              		.loc 1 177 0
 105 0008 FFF7FEFF 		bl	CySysClkWcoStart
 106              	.LVL3:
 178:Generated_Source\PSoC4/cyfitter_cfg.c **** 	(void)CySysClkWcoSetPowerMode(CY_SYS_CLK_WCO_LPM);    /* Switch to the low power mode */
 107              		.loc 1 178 0
 108 000c 2D48     		ldr	r0, .L6+4
 109 000e FFF7FEFF 		bl	CyDelayCycles
 110              	.LVL4:
 179:Generated_Source\PSoC4/cyfitter_cfg.c **** 
 111              		.loc 1 179 0
 112 0012 0120     		movs	r0, #1
 113 0014 FFF7FEFF 		bl	CySysClkWcoSetPowerMode
 114              	.LVL5:
 182:Generated_Source\PSoC4/cyfitter_cfg.c **** 	/* CYDEV_CLK_ILO_CONFIG Starting address: CYDEV_CLK_ILO_CONFIG */
 115              		.loc 1 182 0
 116 0018 3020     		movs	r0, #48
 117 001a FFF7FEFF 		bl	CySysClkWriteImoFreq
 118              	.LVL6:
 184:Generated_Source\PSoC4/cyfitter_cfg.c **** 
 119              		.loc 1 184 0
 120 001e 2A4A     		ldr	r2, .L6+8
 121 0020 2A4B     		ldr	r3, .L6+12
 122 0022 1A60     		str	r2, [r3]
 187:Generated_Source\PSoC4/cyfitter_cfg.c **** 
 123              		.loc 1 187 0
 124 0024 2A4C     		ldr	r4, .L6+16
 125 0026 8025     		movs	r5, #128
ARM GAS  C:\Users\wl\AppData\Local\Temp\ccvWznJd.s 			page 8


 126 0028 ED05     		lsls	r5, r5, #23
 127 002a 2560     		str	r5, [r4]
 191:Generated_Source\PSoC4/cyfitter_cfg.c **** 	CY_SET_REG32((void *)(CYREG_BLE_BLERD_BB_XO_CAPTRIM), 0x00003E2Du);
 128              		.loc 1 191 0
 129 002c 294A     		ldr	r2, .L6+20
 130 002e 1168     		ldr	r1, [r2]
 131 0030 0223     		movs	r3, #2
 132 0032 0B43     		orrs	r3, r1
 133 0034 1360     		str	r3, [r2]
 192:Generated_Source\PSoC4/cyfitter_cfg.c **** 	/*Set XTAL(ECO) divider*/
 134              		.loc 1 192 0
 135 0036 284A     		ldr	r2, .L6+24
 136 0038 284B     		ldr	r3, .L6+28
 137 003a 1A60     		str	r2, [r3]
 194:Generated_Source\PSoC4/cyfitter_cfg.c **** 	/* Disable Crystal Stable Interrupt before enabling ECO */
 138              		.loc 1 194 0
 139 003c 0022     		movs	r2, #0
 140 003e 284B     		ldr	r3, .L6+32
 141 0040 1A60     		str	r2, [r3]
 196:Generated_Source\PSoC4/cyfitter_cfg.c **** 	/* Start the ECO and do not check status since it is not needed for HFCLK */
 142              		.loc 1 196 0
 143 0042 284A     		ldr	r2, .L6+36
 144 0044 1368     		ldr	r3, [r2]
 145 0046 0821     		movs	r1, #8
 146 0048 8B43     		bics	r3, r1
 147 004a 1360     		str	r3, [r2]
 198:Generated_Source\PSoC4/cyfitter_cfg.c **** 	CyDelayUs(1500u); /* Wait to stabilize */
 148              		.loc 1 198 0
 149 004c FA20     		movs	r0, #250
 150 004e C000     		lsls	r0, r0, #3
 151 0050 FFF7FEFF 		bl	CySysClkEcoStart
 152              	.LVL7:
 199:Generated_Source\PSoC4/cyfitter_cfg.c **** 
 153              		.loc 1 199 0
 154 0054 2448     		ldr	r0, .L6+40
 155 0056 FFF7FEFF 		bl	CyDelayUs
 156              	.LVL8:
 202:Generated_Source\PSoC4/cyfitter_cfg.c **** 	CY_SET_REG32((void *)CYREG_PERI_DIV_CMD, 0x8000FF42u);
 157              		.loc 1 202 0
 158 005a 244A     		ldr	r2, .L6+44
 159 005c 244B     		ldr	r3, .L6+48
 160 005e 1A60     		str	r2, [r3]
 203:Generated_Source\PSoC4/cyfitter_cfg.c **** 	CY_SET_REG32((void *)CYREG_PERI_DIV_16_CTL0, 0x00001D00u);
 161              		.loc 1 203 0
 162 0060 244B     		ldr	r3, .L6+52
 163 0062 254A     		ldr	r2, .L6+56
 164 0064 1A60     		str	r2, [r3]
 204:Generated_Source\PSoC4/cyfitter_cfg.c **** 	CY_SET_REG32((void *)CYREG_PERI_DIV_CMD, 0x8000FF40u);
 165              		.loc 1 204 0
 166 0066 E821     		movs	r1, #232
 167 0068 4901     		lsls	r1, r1, #5
 168 006a 244A     		ldr	r2, .L6+60
 169 006c 1160     		str	r1, [r2]
 205:Generated_Source\PSoC4/cyfitter_cfg.c **** 	CY_SET_REG32((void *)CYREG_PERI_DIV_16_CTL1, 0x00002200u);
 170              		.loc 1 205 0
 171 006e 244A     		ldr	r2, .L6+64
 172 0070 1A60     		str	r2, [r3]
ARM GAS  C:\Users\wl\AppData\Local\Temp\ccvWznJd.s 			page 9


 206:Generated_Source\PSoC4/cyfitter_cfg.c **** 	CY_SET_REG32((void *)CYREG_PERI_DIV_CMD, 0x8000FF41u);
 173              		.loc 1 206 0
 174 0072 8821     		movs	r1, #136
 175 0074 8901     		lsls	r1, r1, #6
 176 0076 234A     		ldr	r2, .L6+68
 177 0078 1160     		str	r1, [r2]
 207:Generated_Source\PSoC4/cyfitter_cfg.c **** 
 178              		.loc 1 207 0
 179 007a 234A     		ldr	r2, .L6+72
 180 007c 1A60     		str	r2, [r3]
 210:Generated_Source\PSoC4/cyfitter_cfg.c **** 
 181              		.loc 1 210 0
 182 007e 8022     		movs	r2, #128
 183 0080 1206     		lsls	r2, r2, #24
 184 0082 224B     		ldr	r3, .L6+76
 185 0084 1A60     		str	r2, [r3]
 213:Generated_Source\PSoC4/cyfitter_cfg.c **** 
 186              		.loc 1 213 0
 187 0086 8022     		movs	r2, #128
 188 0088 D202     		lsls	r2, r2, #11
 189 008a 214B     		ldr	r3, .L6+80
 190 008c 1A60     		str	r2, [r3]
 216:Generated_Source\PSoC4/cyfitter_cfg.c **** 
 191              		.loc 1 216 0
 192 008e 4223     		movs	r3, #66
 193 0090 204A     		ldr	r2, .L6+84
 194 0092 1360     		str	r3, [r2]
 219:Generated_Source\PSoC4/cyfitter_cfg.c **** 
 195              		.loc 1 219 0
 196 0094 204A     		ldr	r2, .L6+88
 197 0096 1360     		str	r3, [r2]
 222:Generated_Source\PSoC4/cyfitter_cfg.c **** 
 198              		.loc 1 222 0
 199 0098 204A     		ldr	r2, .L6+92
 200 009a 1360     		str	r3, [r2]
 225:Generated_Source\PSoC4/cyfitter_cfg.c **** 
 201              		.loc 1 225 0
 202 009c 204A     		ldr	r2, .L6+96
 203 009e 1360     		str	r3, [r2]
 228:Generated_Source\PSoC4/cyfitter_cfg.c **** 
 204              		.loc 1 228 0
 205 00a0 4022     		movs	r2, #64
 206 00a2 204B     		ldr	r3, .L6+100
 207 00a4 1A60     		str	r2, [r3]
 231:Generated_Source\PSoC4/cyfitter_cfg.c **** 
 208              		.loc 1 231 0
 209 00a6 0132     		adds	r2, r2, #1
 210 00a8 1F4B     		ldr	r3, .L6+104
 211 00aa 1A60     		str	r2, [r3]
 233:Generated_Source\PSoC4/cyfitter_cfg.c **** 	CyIntEnable(8u);
 212              		.loc 1 233 0
 213 00ac 1F49     		ldr	r1, .L6+108
 214 00ae 0820     		movs	r0, #8
 215 00b0 FFF7FEFF 		bl	CyIntSetVector
 216              	.LVL9:
 234:Generated_Source\PSoC4/cyfitter_cfg.c **** 	CY_SET_REG32((void *)(CYREG_WDT_CONFIG), 0x40000000u);
 217              		.loc 1 234 0
ARM GAS  C:\Users\wl\AppData\Local\Temp\ccvWznJd.s 			page 10


 218 00b4 0820     		movs	r0, #8
 219 00b6 FFF7FEFF 		bl	CyIntEnable
 220              	.LVL10:
 235:Generated_Source\PSoC4/cyfitter_cfg.c **** }
 221              		.loc 1 235 0
 222 00ba 2560     		str	r5, [r4]
 236:Generated_Source\PSoC4/cyfitter_cfg.c **** 
 223              		.loc 1 236 0
 224              		@ sp needed
 225 00bc 70BD     		pop	{r4, r5, r6, pc}
 226              	.L7:
 227 00be C046     		.align	2
 228              	.L6:
 229 00c0 30001040 		.word	1074790448
 230 00c4 001BB700 		.word	12000000
 231 00c8 06000080 		.word	-2147483642
 232 00cc 04010B40 		.word	1074462980
 233 00d0 0C020B40 		.word	1074463244
 234 00d4 78002E40 		.word	1076756600
 235 00d8 2D3E0000 		.word	15917
 236 00dc 7C002E40 		.word	1076756604
 237 00e0 64F02E40 		.word	1076818020
 238 00e4 6CF02E40 		.word	1076818028
 239 00e8 DC050000 		.word	1500
 240 00ec 007FBB00 		.word	12287744
 241 00f0 08030140 		.word	1073808136
 242 00f4 00000140 		.word	1073807360
 243 00f8 42FF0080 		.word	-2147418302
 244 00fc 00030140 		.word	1073808128
 245 0100 40FF0080 		.word	-2147418304
 246 0104 04030140 		.word	1073808132
 247 0108 41FF0080 		.word	-2147418303
 248 010c 08010B40 		.word	1074462984
 249 0110 00010B40 		.word	1074462976
 250 0114 28010140 		.word	1073807656
 251 0118 24010140 		.word	1073807652
 252 011c 20010140 		.word	1073807648
 253 0120 1C010140 		.word	1073807644
 254 0124 08010140 		.word	1073807624
 255 0128 04010140 		.word	1073807620
 256 012c 00000000 		.word	CySysWdtIsr
 257              		.cfi_endproc
 258              	.LFE5:
 259              		.size	ClockSetup, .-ClockSetup
 260              		.align	2
 261              		.global	cyfitter_cfg
 262              		.code	16
 263              		.thumb_func
 264              		.type	cyfitter_cfg, %function
 265              	cyfitter_cfg:
 266              	.LFB7:
 264:Generated_Source\PSoC4/cyfitter_cfg.c **** 
 265:Generated_Source\PSoC4/cyfitter_cfg.c **** 
 266:Generated_Source\PSoC4/cyfitter_cfg.c **** 
 267:Generated_Source\PSoC4/cyfitter_cfg.c **** 
 268:Generated_Source\PSoC4/cyfitter_cfg.c **** /*******************************************************************************
 269:Generated_Source\PSoC4/cyfitter_cfg.c **** * Function Name: cyfitter_cfg
ARM GAS  C:\Users\wl\AppData\Local\Temp\ccvWznJd.s 			page 11


 270:Generated_Source\PSoC4/cyfitter_cfg.c **** ********************************************************************************
 271:Generated_Source\PSoC4/cyfitter_cfg.c **** * Summary:
 272:Generated_Source\PSoC4/cyfitter_cfg.c **** *  This function is called by the start-up code for the selected device. It
 273:Generated_Source\PSoC4/cyfitter_cfg.c **** *  performs all of the necessary device configuration based on the design
 274:Generated_Source\PSoC4/cyfitter_cfg.c **** *  settings.  This includes settings from the Design Wide Resources (DWR) such
 275:Generated_Source\PSoC4/cyfitter_cfg.c **** *  as Clocks and Pins as well as any component configuration that is necessary.
 276:Generated_Source\PSoC4/cyfitter_cfg.c **** *
 277:Generated_Source\PSoC4/cyfitter_cfg.c **** * Parameters:
 278:Generated_Source\PSoC4/cyfitter_cfg.c **** *   void
 279:Generated_Source\PSoC4/cyfitter_cfg.c **** *
 280:Generated_Source\PSoC4/cyfitter_cfg.c **** * Return:
 281:Generated_Source\PSoC4/cyfitter_cfg.c **** *   void
 282:Generated_Source\PSoC4/cyfitter_cfg.c **** *
 283:Generated_Source\PSoC4/cyfitter_cfg.c **** *******************************************************************************/
 284:Generated_Source\PSoC4/cyfitter_cfg.c **** CY_CFG_SECTION
 285:Generated_Source\PSoC4/cyfitter_cfg.c **** void cyfitter_cfg(void)
 286:Generated_Source\PSoC4/cyfitter_cfg.c **** {
 267              		.loc 1 286 0
 268              		.cfi_startproc
 269              		@ args = 0, pretend = 0, frame = 0
 270              		@ frame_needed = 0, uses_anonymous_args = 0
 271 0130 10B5     		push	{r4, lr}
 272              		.cfi_def_cfa_offset 8
 273              		.cfi_offset 4, -8
 274              		.cfi_offset 14, -4
 287:Generated_Source\PSoC4/cyfitter_cfg.c **** 	/* Disable interrupts by default. Let user enable if/when they want. */
 288:Generated_Source\PSoC4/cyfitter_cfg.c **** 	CyGlobalIntDisable;
 275              		.loc 1 288 0
 276              		.syntax divided
 277              	@ 288 "Generated_Source\PSoC4\cyfitter_cfg.c" 1
 278 0132 72B6     		CPSID   i
 279              	@ 0 "" 2
 289:Generated_Source\PSoC4/cyfitter_cfg.c **** 
 290:Generated_Source\PSoC4/cyfitter_cfg.c **** 	CY_SET_REG32((void *)(CYREG_BLE_BLESS_LL_DSM_CTRL), 0x00000000u);
 280              		.loc 1 290 0
 281              		.thumb
 282              		.syntax unified
 283 0134 0022     		movs	r2, #0
 284 0136 244B     		ldr	r3, .L11
 285 0138 1A60     		str	r2, [r3]
 286              	.LVL11:
 287              	.LBB2:
 291:Generated_Source\PSoC4/cyfitter_cfg.c **** 
 292:Generated_Source\PSoC4/cyfitter_cfg.c **** 	{
 293:Generated_Source\PSoC4/cyfitter_cfg.c **** 
 294:Generated_Source\PSoC4/cyfitter_cfg.c **** 		CYPACKED typedef struct {
 295:Generated_Source\PSoC4/cyfitter_cfg.c **** 			void CYFAR *address;
 296:Generated_Source\PSoC4/cyfitter_cfg.c **** 			uint16 size;
 297:Generated_Source\PSoC4/cyfitter_cfg.c **** 		} CYPACKED_ATTR cfg_memset_t;
 298:Generated_Source\PSoC4/cyfitter_cfg.c **** 
 299:Generated_Source\PSoC4/cyfitter_cfg.c **** 		static const cfg_memset_t CYCODE cfg_memset_list[] = {
 300:Generated_Source\PSoC4/cyfitter_cfg.c **** 			/* address, size */
 301:Generated_Source\PSoC4/cyfitter_cfg.c **** 			{(void CYFAR *)(CYDEV_UDB_P0_U0_BASE), 1024u},
 302:Generated_Source\PSoC4/cyfitter_cfg.c **** 			{(void CYFAR *)(CYDEV_UDB_DSI0_BASE), 1024u},
 303:Generated_Source\PSoC4/cyfitter_cfg.c **** 		};
 304:Generated_Source\PSoC4/cyfitter_cfg.c **** 
 305:Generated_Source\PSoC4/cyfitter_cfg.c **** 		uint8 CYDATA i;
ARM GAS  C:\Users\wl\AppData\Local\Temp\ccvWznJd.s 			page 12


 306:Generated_Source\PSoC4/cyfitter_cfg.c **** 
 307:Generated_Source\PSoC4/cyfitter_cfg.c **** 		/* Zero out critical memory blocks before beginning configuration */
 308:Generated_Source\PSoC4/cyfitter_cfg.c **** 		for (i = 0u; i < (sizeof(cfg_memset_list)/sizeof(cfg_memset_list[0])); i++)
 288              		.loc 1 308 0
 289 013a 0024     		movs	r4, #0
 290 013c 0FE0     		b	.L9
 291              	.LVL12:
 292              	.L10:
 293              	.LBB3:
 309:Generated_Source\PSoC4/cyfitter_cfg.c **** 		{
 310:Generated_Source\PSoC4/cyfitter_cfg.c **** 			const cfg_memset_t CYCODE * CYDATA ms = &cfg_memset_list[i];
 311:Generated_Source\PSoC4/cyfitter_cfg.c **** 			CYMEMZERO(ms->address, (size_t)(uint32)(ms->size));
 294              		.loc 1 311 0 discriminator 3
 295 013e 2348     		ldr	r0, .L11+4
 296 0140 6200     		lsls	r2, r4, #1
 297 0142 1319     		adds	r3, r2, r4
 298 0144 5900     		lsls	r1, r3, #1
 299 0146 0B00     		movs	r3, r1
 300 0148 4118     		adds	r1, r0, r1
 301 014a 8988     		ldrh	r1, [r1, #4]
 302 014c 1A5A     		ldrh	r2, [r3, r0]
 303 014e C318     		adds	r3, r0, r3
 304 0150 5888     		ldrh	r0, [r3, #2]
 305 0152 0004     		lsls	r0, r0, #16
 306 0154 1043     		orrs	r0, r2
 307 0156 FFF7FEFF 		bl	CYMEMZERO
 308              	.LVL13:
 309              	.LBE3:
 308:Generated_Source\PSoC4/cyfitter_cfg.c **** 		{
 310              		.loc 1 308 0 discriminator 3
 311 015a 0134     		adds	r4, r4, #1
 312              	.LVL14:
 313 015c E4B2     		uxtb	r4, r4
 314              	.LVL15:
 315              	.L9:
 308:Generated_Source\PSoC4/cyfitter_cfg.c **** 		{
 316              		.loc 1 308 0 is_stmt 0 discriminator 1
 317 015e 012C     		cmp	r4, #1
 318 0160 EDD9     		bls	.L10
 312:Generated_Source\PSoC4/cyfitter_cfg.c **** 		}
 313:Generated_Source\PSoC4/cyfitter_cfg.c **** 
 314:Generated_Source\PSoC4/cyfitter_cfg.c **** 		/* HSIOM Starting address: CYDEV_HSIOM_BASE */
 315:Generated_Source\PSoC4/cyfitter_cfg.c **** 		CY_SET_REG32((void *)(CYDEV_HSIOM_BASE), 0xEE0008EEu);
 319              		.loc 1 315 0 is_stmt 1
 320 0162 1B4A     		ldr	r2, .L11+8
 321 0164 1B4B     		ldr	r3, .L11+12
 322 0166 1A60     		str	r2, [r3]
 316:Generated_Source\PSoC4/cyfitter_cfg.c **** 		CY_SET_REG32((void *)(CYREG_HSIOM_PORT_SEL1), 0x00990008u);
 323              		.loc 1 316 0
 324 0168 1B4A     		ldr	r2, .L11+16
 325 016a 1C4B     		ldr	r3, .L11+20
 326 016c 1A60     		str	r2, [r3]
 317:Generated_Source\PSoC4/cyfitter_cfg.c **** 		CY_SET_REG32((void *)(CYREG_HSIOM_PORT_SEL3), 0x00080000u);
 327              		.loc 1 317 0
 328 016e 8022     		movs	r2, #128
 329 0170 1203     		lsls	r2, r2, #12
 330 0172 1B4B     		ldr	r3, .L11+24
ARM GAS  C:\Users\wl\AppData\Local\Temp\ccvWznJd.s 			page 13


 331 0174 1A60     		str	r2, [r3]
 318:Generated_Source\PSoC4/cyfitter_cfg.c **** 
 319:Generated_Source\PSoC4/cyfitter_cfg.c **** 		/* UDB_PA_0 Starting address: CYDEV_UDB_PA0_BASE */
 320:Generated_Source\PSoC4/cyfitter_cfg.c **** 		CY_SET_REG32((void *)(CYDEV_UDB_PA0_BASE), 0x00990000u);
 332              		.loc 1 320 0
 333 0176 9923     		movs	r3, #153
 334 0178 1B04     		lsls	r3, r3, #16
 335 017a 1A4A     		ldr	r2, .L11+28
 336 017c 1360     		str	r3, [r2]
 321:Generated_Source\PSoC4/cyfitter_cfg.c **** 
 322:Generated_Source\PSoC4/cyfitter_cfg.c **** 		/* UDB_PA_1 Starting address: CYDEV_UDB_PA1_BASE */
 323:Generated_Source\PSoC4/cyfitter_cfg.c **** 		CY_SET_REG32((void *)(CYDEV_UDB_PA1_BASE), 0x00990000u);
 337              		.loc 1 323 0
 338 017e 1A4A     		ldr	r2, .L11+32
 339 0180 1360     		str	r3, [r2]
 324:Generated_Source\PSoC4/cyfitter_cfg.c **** 
 325:Generated_Source\PSoC4/cyfitter_cfg.c **** 		/* UDB_PA_3 Starting address: CYDEV_UDB_PA3_BASE */
 326:Generated_Source\PSoC4/cyfitter_cfg.c **** 		CY_SET_REG32((void *)(CYDEV_UDB_PA3_BASE), 0x00990000u);
 340              		.loc 1 326 0
 341 0182 1A4A     		ldr	r2, .L11+36
 342 0184 1360     		str	r3, [r2]
 327:Generated_Source\PSoC4/cyfitter_cfg.c **** 
 328:Generated_Source\PSoC4/cyfitter_cfg.c **** 		/* Enable digital routing */
 329:Generated_Source\PSoC4/cyfitter_cfg.c **** 		CY_SET_XTND_REG8((void *)CYREG_UDB_UDBIF_BANK_CTL, (uint8)(CY_GET_XTND_REG8((void *)CYREG_UDB_UDB
 343              		.loc 1 329 0
 344 0186 1A4A     		ldr	r2, .L11+40
 345 0188 1178     		ldrb	r1, [r2]
 346 018a 0623     		movs	r3, #6
 347 018c 0B43     		orrs	r3, r1
 348 018e DBB2     		uxtb	r3, r3
 349 0190 1370     		strb	r3, [r2]
 350              	.LBE2:
 330:Generated_Source\PSoC4/cyfitter_cfg.c **** 	}
 331:Generated_Source\PSoC4/cyfitter_cfg.c **** 
 332:Generated_Source\PSoC4/cyfitter_cfg.c **** 	/* Perform second pass device configuration. These items must be configured in specific order afte
 333:Generated_Source\PSoC4/cyfitter_cfg.c **** 	/* IOPINS0_0 Starting address: CYDEV_GPIO_PRT0_BASE */
 334:Generated_Source\PSoC4/cyfitter_cfg.c **** 	CY_SET_REG32((void *)(CYDEV_GPIO_PRT0_BASE), 0x00000007u);
 351              		.loc 1 334 0
 352 0192 0722     		movs	r2, #7
 353 0194 174B     		ldr	r3, .L11+44
 354 0196 1A60     		str	r2, [r3]
 335:Generated_Source\PSoC4/cyfitter_cfg.c **** 	CY_SET_REG32((void *)(CYREG_GPIO_PRT0_PC), 0x00D801A4u);
 355              		.loc 1 335 0
 356 0198 174A     		ldr	r2, .L11+48
 357 019a 184B     		ldr	r3, .L11+52
 358 019c 1A60     		str	r2, [r3]
 336:Generated_Source\PSoC4/cyfitter_cfg.c **** 
 337:Generated_Source\PSoC4/cyfitter_cfg.c **** 	/* IOPINS0_1 Starting address: CYDEV_GPIO_PRT1_BASE */
 338:Generated_Source\PSoC4/cyfitter_cfg.c **** 	CY_SET_REG32((void *)(CYDEV_GPIO_PRT1_BASE), 0x00000021u);
 359              		.loc 1 338 0
 360 019e 2122     		movs	r2, #33
 361 01a0 174B     		ldr	r3, .L11+56
 362 01a2 1A60     		str	r2, [r3]
 339:Generated_Source\PSoC4/cyfitter_cfg.c **** 	CY_SET_REG32((void *)(CYREG_GPIO_PRT1_PC), 0x00031006u);
 363              		.loc 1 339 0
 364 01a4 174A     		ldr	r2, .L11+60
 365 01a6 184B     		ldr	r3, .L11+64
ARM GAS  C:\Users\wl\AppData\Local\Temp\ccvWznJd.s 			page 14


 366 01a8 1A60     		str	r2, [r3]
 340:Generated_Source\PSoC4/cyfitter_cfg.c **** 	CY_SET_REG32((void *)(CYREG_GPIO_PRT1_PC2), 0x00000020u);
 367              		.loc 1 340 0
 368 01aa 2022     		movs	r2, #32
 369 01ac 174B     		ldr	r3, .L11+68
 370 01ae 1A60     		str	r2, [r3]
 341:Generated_Source\PSoC4/cyfitter_cfg.c **** 
 342:Generated_Source\PSoC4/cyfitter_cfg.c **** 	/* IOPINS0_3 Starting address: CYDEV_GPIO_PRT3_BASE */
 343:Generated_Source\PSoC4/cyfitter_cfg.c **** 	CY_SET_REG32((void *)(CYDEV_GPIO_PRT3_BASE), 0x00000010u);
 371              		.loc 1 343 0
 372 01b0 103A     		subs	r2, r2, #16
 373 01b2 174B     		ldr	r3, .L11+72
 374 01b4 1A60     		str	r2, [r3]
 344:Generated_Source\PSoC4/cyfitter_cfg.c **** 	CY_SET_REG32((void *)(CYREG_GPIO_PRT3_PC), 0x00006000u);
 375              		.loc 1 344 0
 376 01b6 C022     		movs	r2, #192
 377 01b8 D201     		lsls	r2, r2, #7
 378 01ba 164B     		ldr	r3, .L11+76
 379 01bc 1A60     		str	r2, [r3]
 345:Generated_Source\PSoC4/cyfitter_cfg.c **** 
 346:Generated_Source\PSoC4/cyfitter_cfg.c **** 
 347:Generated_Source\PSoC4/cyfitter_cfg.c **** 	/* Setup clocks based on selections from Clock DWR */
 348:Generated_Source\PSoC4/cyfitter_cfg.c **** 	ClockSetup();
 380              		.loc 1 348 0
 381 01be FFF71FFF 		bl	ClockSetup
 382              	.LVL16:
 349:Generated_Source\PSoC4/cyfitter_cfg.c **** 
 350:Generated_Source\PSoC4/cyfitter_cfg.c **** 	/* Perform basic analog initialization to defaults */
 351:Generated_Source\PSoC4/cyfitter_cfg.c **** 	AnalogSetDefault();
 383              		.loc 1 351 0
 384 01c2 FFF7FEFF 		bl	AnalogSetDefault
 385              	.LVL17:
 352:Generated_Source\PSoC4/cyfitter_cfg.c **** 
 353:Generated_Source\PSoC4/cyfitter_cfg.c **** }
 386              		.loc 1 353 0
 387              		@ sp needed
 388              	.LVL18:
 389 01c6 10BD     		pop	{r4, pc}
 390              	.L12:
 391              		.align	2
 392              	.L11:
 393 01c8 6CF02E40 		.word	1076818028
 394 01cc 00000000 		.word	.LANCHOR0
 395 01d0 EE0800EE 		.word	-301987602
 396 01d4 00000240 		.word	1073872896
 397 01d8 08009900 		.word	10027016
 398 01dc 00010240 		.word	1073873152
 399 01e0 00030240 		.word	1073873664
 400 01e4 00500F40 		.word	1074745344
 401 01e8 10500F40 		.word	1074745360
 402 01ec 30500F40 		.word	1074745392
 403 01f0 00700F40 		.word	1074753536
 404 01f4 00000440 		.word	1074003968
 405 01f8 A401D800 		.word	14156196
 406 01fc 08000440 		.word	1074003976
 407 0200 00010440 		.word	1074004224
 408 0204 06100300 		.word	200710
ARM GAS  C:\Users\wl\AppData\Local\Temp\ccvWznJd.s 			page 15


 409 0208 08010440 		.word	1074004232
 410 020c 18010440 		.word	1074004248
 411 0210 00030440 		.word	1074004736
 412 0214 08030440 		.word	1074004744
 413              		.cfi_endproc
 414              	.LFE7:
 415              		.size	cyfitter_cfg, .-cyfitter_cfg
 416              		.section	.rodata
 417              		.align	2
 418              		.set	.LANCHOR0,. + 0
 419              		.type	cfg_memset_list.4893, %object
 420              		.size	cfg_memset_list.4893, 12
 421              	cfg_memset_list.4893:
 422 0000 00300F40 		.word	1074737152
 423 0004 0004     		.short	1024
 424 0006 00400F40 		.4byte	1074741248
 425 000a 0004     		.short	1024
 426              		.text
 427              	.Letext0:
 428              		.file 2 "c:\\program files (x86)\\cypress\\psoc creator\\4.2\\psoc creator\\import\\gnu\\arm\\5.4.
 429              		.file 3 "Generated_Source\\PSoC4\\cytypes.h"
 430              		.file 4 "Generated_Source\\PSoC4\\CyLFClk.h"
 431              		.file 5 "Generated_Source\\PSoC4\\CyLib.h"
 432              		.section	.debug_info,"",%progbits
 433              	.Ldebug_info0:
 434 0000 2A030000 		.4byte	0x32a
 435 0004 0400     		.2byte	0x4
 436 0006 00000000 		.4byte	.Ldebug_abbrev0
 437 000a 04       		.byte	0x4
 438 000b 01       		.uleb128 0x1
 439 000c 81010000 		.4byte	.LASF34
 440 0010 0C       		.byte	0xc
 441 0011 93020000 		.4byte	.LASF35
 442 0015 56000000 		.4byte	.LASF36
 443 0019 00000000 		.4byte	.Ldebug_ranges0+0
 444 001d 00000000 		.4byte	0
 445 0021 00000000 		.4byte	.Ldebug_line0
 446 0025 02       		.uleb128 0x2
 447 0026 04       		.byte	0x4
 448 0027 05       		.byte	0x5
 449 0028 696E7400 		.ascii	"int\000"
 450 002c 03       		.uleb128 0x3
 451 002d 14000000 		.4byte	.LASF12
 452 0031 02       		.byte	0x2
 453 0032 D8       		.byte	0xd8
 454 0033 37000000 		.4byte	0x37
 455 0037 04       		.uleb128 0x4
 456 0038 04       		.byte	0x4
 457 0039 07       		.byte	0x7
 458 003a 48010000 		.4byte	.LASF0
 459 003e 04       		.uleb128 0x4
 460 003f 08       		.byte	0x8
 461 0040 05       		.byte	0x5
 462 0041 25020000 		.4byte	.LASF1
 463 0045 04       		.uleb128 0x4
 464 0046 08       		.byte	0x8
 465 0047 04       		.byte	0x4
ARM GAS  C:\Users\wl\AppData\Local\Temp\ccvWznJd.s 			page 16


 466 0048 7B020000 		.4byte	.LASF2
 467 004c 04       		.uleb128 0x4
 468 004d 01       		.byte	0x1
 469 004e 06       		.byte	0x6
 470 004f 87020000 		.4byte	.LASF3
 471 0053 04       		.uleb128 0x4
 472 0054 01       		.byte	0x1
 473 0055 08       		.byte	0x8
 474 0056 12010000 		.4byte	.LASF4
 475 005a 04       		.uleb128 0x4
 476 005b 02       		.byte	0x2
 477 005c 05       		.byte	0x5
 478 005d 53020000 		.4byte	.LASF5
 479 0061 04       		.uleb128 0x4
 480 0062 02       		.byte	0x2
 481 0063 07       		.byte	0x7
 482 0064 A4000000 		.4byte	.LASF6
 483 0068 04       		.uleb128 0x4
 484 0069 04       		.byte	0x4
 485 006a 05       		.byte	0x5
 486 006b 72020000 		.4byte	.LASF7
 487 006f 04       		.uleb128 0x4
 488 0070 04       		.byte	0x4
 489 0071 07       		.byte	0x7
 490 0072 DF000000 		.4byte	.LASF8
 491 0076 04       		.uleb128 0x4
 492 0077 08       		.byte	0x8
 493 0078 07       		.byte	0x7
 494 0079 6A010000 		.4byte	.LASF9
 495 007d 04       		.uleb128 0x4
 496 007e 04       		.byte	0x4
 497 007f 07       		.byte	0x7
 498 0080 1C020000 		.4byte	.LASF10
 499 0084 05       		.uleb128 0x5
 500 0085 04       		.byte	0x4
 501 0086 04       		.uleb128 0x4
 502 0087 01       		.byte	0x1
 503 0088 08       		.byte	0x8
 504 0089 3D020000 		.4byte	.LASF11
 505 008d 06       		.uleb128 0x6
 506 008e F1000000 		.4byte	.LASF13
 507 0092 03       		.byte	0x3
 508 0093 E401     		.2byte	0x1e4
 509 0095 53000000 		.4byte	0x53
 510 0099 06       		.uleb128 0x6
 511 009a 3A010000 		.4byte	.LASF14
 512 009e 03       		.byte	0x3
 513 009f E501     		.2byte	0x1e5
 514 00a1 61000000 		.4byte	0x61
 515 00a5 06       		.uleb128 0x6
 516 00a6 41010000 		.4byte	.LASF15
 517 00aa 03       		.byte	0x3
 518 00ab E601     		.2byte	0x1e6
 519 00ad 6F000000 		.4byte	0x6f
 520 00b1 04       		.uleb128 0x4
 521 00b2 04       		.byte	0x4
 522 00b3 04       		.byte	0x4
ARM GAS  C:\Users\wl\AppData\Local\Temp\ccvWznJd.s 			page 17


 523 00b4 B7000000 		.4byte	.LASF16
 524 00b8 04       		.uleb128 0x4
 525 00b9 08       		.byte	0x8
 526 00ba 04       		.byte	0x4
 527 00bb 27010000 		.4byte	.LASF17
 528 00bf 06       		.uleb128 0x6
 529 00c0 DA000000 		.4byte	.LASF18
 530 00c4 03       		.byte	0x3
 531 00c5 8E02     		.2byte	0x28e
 532 00c7 CB000000 		.4byte	0xcb
 533 00cb 07       		.uleb128 0x7
 534 00cc 8D000000 		.4byte	0x8d
 535 00d0 06       		.uleb128 0x6
 536 00d1 0E000000 		.4byte	.LASF19
 537 00d5 03       		.byte	0x3
 538 00d6 9002     		.2byte	0x290
 539 00d8 DC000000 		.4byte	0xdc
 540 00dc 07       		.uleb128 0x7
 541 00dd A5000000 		.4byte	0xa5
 542 00e1 08       		.uleb128 0x8
 543 00e2 1B000000 		.4byte	.LASF37
 544 00e6 01       		.byte	0x1
 545 00e7 0201     		.2byte	0x102
 546 00e9 00000000 		.4byte	.LFB6
 547 00ed 20000000 		.4byte	.LFE6-.LFB6
 548 00f1 01       		.uleb128 0x1
 549 00f2 9C       		.byte	0x9c
 550 00f3 09       		.uleb128 0x9
 551 00f4 08010000 		.4byte	.LASF20
 552 00f8 01       		.byte	0x1
 553 00f9 4C       		.byte	0x4c
 554 00fa 00000000 		.4byte	.LFB2
 555 00fe 0C000000 		.4byte	.LFE2-.LFB2
 556 0102 01       		.uleb128 0x1
 557 0103 9C       		.byte	0x9c
 558 0104 40010000 		.4byte	0x140
 559 0108 0A       		.uleb128 0xa
 560 0109 7300     		.ascii	"s\000"
 561 010b 01       		.byte	0x1
 562 010c 4C       		.byte	0x4c
 563 010d 84000000 		.4byte	0x84
 564 0111 00000000 		.4byte	.LLST0
 565 0115 0A       		.uleb128 0xa
 566 0116 6E00     		.ascii	"n\000"
 567 0118 01       		.byte	0x1
 568 0119 4C       		.byte	0x4c
 569 011a 2C000000 		.4byte	0x2c
 570 011e 21000000 		.4byte	.LLST1
 571 0122 0B       		.uleb128 0xb
 572 0123 0A000000 		.4byte	.LVL2
 573 0127 CC020000 		.4byte	0x2cc
 574 012b 0C       		.uleb128 0xc
 575 012c 01       		.uleb128 0x1
 576 012d 50       		.byte	0x50
 577 012e 03       		.uleb128 0x3
 578 012f F3       		.byte	0xf3
 579 0130 01       		.uleb128 0x1
ARM GAS  C:\Users\wl\AppData\Local\Temp\ccvWznJd.s 			page 18


 580 0131 50       		.byte	0x50
 581 0132 0C       		.uleb128 0xc
 582 0133 01       		.uleb128 0x1
 583 0134 51       		.byte	0x51
 584 0135 01       		.uleb128 0x1
 585 0136 30       		.byte	0x30
 586 0137 0C       		.uleb128 0xc
 587 0138 01       		.uleb128 0x1
 588 0139 52       		.byte	0x52
 589 013a 03       		.uleb128 0x3
 590 013b F3       		.byte	0xf3
 591 013c 01       		.uleb128 0x1
 592 013d 51       		.byte	0x51
 593 013e 00       		.byte	0
 594 013f 00       		.byte	0
 595 0140 09       		.uleb128 0x9
 596 0141 4B000000 		.4byte	.LASF21
 597 0145 01       		.byte	0x1
 598 0146 AA       		.byte	0xaa
 599 0147 00000000 		.4byte	.LFB5
 600 014b 30010000 		.4byte	.LFE5-.LFB5
 601 014f 01       		.uleb128 0x1
 602 0150 9C       		.byte	0x9c
 603 0151 E9010000 		.4byte	0x1e9
 604 0155 0D       		.uleb128 0xd
 605 0156 0C000000 		.4byte	.LVL3
 606 015a D5020000 		.4byte	0x2d5
 607 015e 0E       		.uleb128 0xe
 608 015f 12000000 		.4byte	.LVL4
 609 0163 E0020000 		.4byte	0x2e0
 610 0167 75010000 		.4byte	0x175
 611 016b 0C       		.uleb128 0xc
 612 016c 01       		.uleb128 0x1
 613 016d 50       		.byte	0x50
 614 016e 05       		.uleb128 0x5
 615 016f 0C       		.byte	0xc
 616 0170 001BB700 		.4byte	0xb71b00
 617 0174 00       		.byte	0
 618 0175 0E       		.uleb128 0xe
 619 0176 18000000 		.4byte	.LVL5
 620 017a EB020000 		.4byte	0x2eb
 621 017e 88010000 		.4byte	0x188
 622 0182 0C       		.uleb128 0xc
 623 0183 01       		.uleb128 0x1
 624 0184 50       		.byte	0x50
 625 0185 01       		.uleb128 0x1
 626 0186 31       		.byte	0x31
 627 0187 00       		.byte	0
 628 0188 0E       		.uleb128 0xe
 629 0189 1E000000 		.4byte	.LVL6
 630 018d F6020000 		.4byte	0x2f6
 631 0191 9C010000 		.4byte	0x19c
 632 0195 0C       		.uleb128 0xc
 633 0196 01       		.uleb128 0x1
 634 0197 50       		.byte	0x50
 635 0198 02       		.uleb128 0x2
 636 0199 08       		.byte	0x8
ARM GAS  C:\Users\wl\AppData\Local\Temp\ccvWznJd.s 			page 19


 637 019a 30       		.byte	0x30
 638 019b 00       		.byte	0
 639 019c 0E       		.uleb128 0xe
 640 019d 54000000 		.4byte	.LVL7
 641 01a1 01030000 		.4byte	0x301
 642 01a5 B1010000 		.4byte	0x1b1
 643 01a9 0C       		.uleb128 0xc
 644 01aa 01       		.uleb128 0x1
 645 01ab 50       		.byte	0x50
 646 01ac 03       		.uleb128 0x3
 647 01ad 0A       		.byte	0xa
 648 01ae D007     		.2byte	0x7d0
 649 01b0 00       		.byte	0
 650 01b1 0E       		.uleb128 0xe
 651 01b2 5A000000 		.4byte	.LVL8
 652 01b6 0C030000 		.4byte	0x30c
 653 01ba C6010000 		.4byte	0x1c6
 654 01be 0C       		.uleb128 0xc
 655 01bf 01       		.uleb128 0x1
 656 01c0 50       		.byte	0x50
 657 01c1 03       		.uleb128 0x3
 658 01c2 0A       		.byte	0xa
 659 01c3 DC05     		.2byte	0x5dc
 660 01c5 00       		.byte	0
 661 01c6 0E       		.uleb128 0xe
 662 01c7 B4000000 		.4byte	.LVL9
 663 01cb 17030000 		.4byte	0x317
 664 01cf D9010000 		.4byte	0x1d9
 665 01d3 0C       		.uleb128 0xc
 666 01d4 01       		.uleb128 0x1
 667 01d5 50       		.byte	0x50
 668 01d6 01       		.uleb128 0x1
 669 01d7 38       		.byte	0x38
 670 01d8 00       		.byte	0
 671 01d9 0B       		.uleb128 0xb
 672 01da BA000000 		.4byte	.LVL10
 673 01de 22030000 		.4byte	0x322
 674 01e2 0C       		.uleb128 0xc
 675 01e3 01       		.uleb128 0x1
 676 01e4 50       		.byte	0x50
 677 01e5 01       		.uleb128 0x1
 678 01e6 38       		.byte	0x38
 679 01e7 00       		.byte	0
 680 01e8 00       		.byte	0
 681 01e9 0F       		.uleb128 0xf
 682 01ea 55010000 		.4byte	.LASF38
 683 01ee 01       		.byte	0x1
 684 01ef 1D01     		.2byte	0x11d
 685 01f1 30010000 		.4byte	.LFB7
 686 01f5 E8000000 		.4byte	.LFE7-.LFB7
 687 01f9 01       		.uleb128 0x1
 688 01fa 9C       		.byte	0x9c
 689 01fb CC020000 		.4byte	0x2cc
 690 01ff 10       		.uleb128 0x10
 691 0200 3A010000 		.4byte	.LBB2
 692 0204 58000000 		.4byte	.LBE2-.LBB2
 693 0208 B9020000 		.4byte	0x2b9
ARM GAS  C:\Users\wl\AppData\Local\Temp\ccvWznJd.s 			page 20


 694 020c 11       		.uleb128 0x11
 695 020d 06       		.byte	0x6
 696 020e 01       		.byte	0x1
 697 020f 2601     		.2byte	0x126
 698 0211 30020000 		.4byte	0x230
 699 0215 12       		.uleb128 0x12
 700 0216 62010000 		.4byte	.LASF22
 701 021a 01       		.byte	0x1
 702 021b 2701     		.2byte	0x127
 703 021d 84000000 		.4byte	0x84
 704 0221 00       		.byte	0
 705 0222 12       		.uleb128 0x12
 706 0223 BD000000 		.4byte	.LASF23
 707 0227 01       		.byte	0x1
 708 0228 2801     		.2byte	0x128
 709 022a 99000000 		.4byte	0x99
 710 022e 04       		.byte	0x4
 711 022f 00       		.byte	0
 712 0230 06       		.uleb128 0x6
 713 0231 0F020000 		.4byte	.LASF24
 714 0235 01       		.byte	0x1
 715 0236 2901     		.2byte	0x129
 716 0238 0C020000 		.4byte	0x20c
 717 023c 13       		.uleb128 0x13
 718 023d 4C020000 		.4byte	0x24c
 719 0241 4C020000 		.4byte	0x24c
 720 0245 14       		.uleb128 0x14
 721 0246 7D000000 		.4byte	0x7d
 722 024a 01       		.byte	0x1
 723 024b 00       		.byte	0
 724 024c 15       		.uleb128 0x15
 725 024d 30020000 		.4byte	0x230
 726 0251 16       		.uleb128 0x16
 727 0252 3B000000 		.4byte	.LASF25
 728 0256 01       		.byte	0x1
 729 0257 2B01     		.2byte	0x12b
 730 0259 63020000 		.4byte	0x263
 731 025d 05       		.uleb128 0x5
 732 025e 03       		.byte	0x3
 733 025f 00000000 		.4byte	cfg_memset_list.4893
 734 0263 15       		.uleb128 0x15
 735 0264 3C020000 		.4byte	0x23c
 736 0268 17       		.uleb128 0x17
 737 0269 6900     		.ascii	"i\000"
 738 026b 01       		.byte	0x1
 739 026c 3101     		.2byte	0x131
 740 026e 8D000000 		.4byte	0x8d
 741 0272 4D000000 		.4byte	.LLST2
 742 0276 18       		.uleb128 0x18
 743 0277 3E010000 		.4byte	.LBB3
 744 027b 1C000000 		.4byte	.LBE3-.LBB3
 745 027f 17       		.uleb128 0x17
 746 0280 6D7300   		.ascii	"ms\000"
 747 0283 01       		.byte	0x1
 748 0284 3601     		.2byte	0x136
 749 0286 8E020000 		.4byte	0x28e
 750 028a 77000000 		.4byte	.LLST3
ARM GAS  C:\Users\wl\AppData\Local\Temp\ccvWznJd.s 			page 21


 751 028e 19       		.uleb128 0x19
 752 028f 04       		.byte	0x4
 753 0290 4C020000 		.4byte	0x24c
 754 0294 0B       		.uleb128 0xb
 755 0295 5A010000 		.4byte	.LVL13
 756 0299 F3000000 		.4byte	0xf3
 757 029d 0C       		.uleb128 0xc
 758 029e 01       		.uleb128 0x1
 759 029f 51       		.byte	0x51
 760 02a0 15       		.uleb128 0x15
 761 02a1 74       		.byte	0x74
 762 02a2 00       		.sleb128 0
 763 02a3 31       		.byte	0x31
 764 02a4 24       		.byte	0x24
 765 02a5 74       		.byte	0x74
 766 02a6 00       		.sleb128 0
 767 02a7 22       		.byte	0x22
 768 02a8 31       		.byte	0x31
 769 02a9 24       		.byte	0x24
 770 02aa 03       		.byte	0x3
 771 02ab 04000000 		.4byte	.LANCHOR0+4
 772 02af 22       		.byte	0x22
 773 02b0 94       		.byte	0x94
 774 02b1 02       		.byte	0x2
 775 02b2 0A       		.byte	0xa
 776 02b3 FFFF     		.2byte	0xffff
 777 02b5 1A       		.byte	0x1a
 778 02b6 00       		.byte	0
 779 02b7 00       		.byte	0
 780 02b8 00       		.byte	0
 781 02b9 0D       		.uleb128 0xd
 782 02ba C2010000 		.4byte	.LVL16
 783 02be 40010000 		.4byte	0x140
 784 02c2 0D       		.uleb128 0xd
 785 02c3 C6010000 		.4byte	.LVL17
 786 02c7 E1000000 		.4byte	0xe1
 787 02cb 00       		.byte	0
 788 02cc 1A       		.uleb128 0x1a
 789 02cd 20010000 		.4byte	.LASF39
 790 02d1 20010000 		.4byte	.LASF39
 791 02d5 1B       		.uleb128 0x1b
 792 02d6 F7000000 		.4byte	.LASF26
 793 02da F7000000 		.4byte	.LASF26
 794 02de 04       		.byte	0x4
 795 02df 4E       		.byte	0x4e
 796 02e0 1B       		.uleb128 0x1b
 797 02e1 00000000 		.4byte	.LASF27
 798 02e5 00000000 		.4byte	.LASF27
 799 02e9 05       		.byte	0x5
 800 02ea DC       		.byte	0xdc
 801 02eb 1B       		.uleb128 0x1b
 802 02ec C2000000 		.4byte	.LASF28
 803 02f0 C2000000 		.4byte	.LASF28
 804 02f4 04       		.byte	0x4
 805 02f5 50       		.byte	0x50
 806 02f6 1B       		.uleb128 0x1b
 807 02f7 5D020000 		.4byte	.LASF29
ARM GAS  C:\Users\wl\AppData\Local\Temp\ccvWznJd.s 			page 22


 808 02fb 5D020000 		.4byte	.LASF29
 809 02ff 05       		.byte	0x5
 810 0300 6C       		.byte	0x6c
 811 0301 1B       		.uleb128 0x1b
 812 0302 42020000 		.4byte	.LASF30
 813 0306 42020000 		.4byte	.LASF30
 814 030a 05       		.byte	0x5
 815 030b 84       		.byte	0x84
 816 030c 1B       		.uleb128 0x1b
 817 030d 33020000 		.4byte	.LASF31
 818 0311 33020000 		.4byte	.LASF31
 819 0315 05       		.byte	0x5
 820 0316 DA       		.byte	0xda
 821 0317 1B       		.uleb128 0x1b
 822 0318 2C000000 		.4byte	.LASF32
 823 031c 2C000000 		.4byte	.LASF32
 824 0320 05       		.byte	0x5
 825 0321 BD       		.byte	0xbd
 826 0322 1B       		.uleb128 0x1b
 827 0323 2E010000 		.4byte	.LASF33
 828 0327 2E010000 		.4byte	.LASF33
 829 032b 05       		.byte	0x5
 830 032c C3       		.byte	0xc3
 831 032d 00       		.byte	0
 832              		.section	.debug_abbrev,"",%progbits
 833              	.Ldebug_abbrev0:
 834 0000 01       		.uleb128 0x1
 835 0001 11       		.uleb128 0x11
 836 0002 01       		.byte	0x1
 837 0003 25       		.uleb128 0x25
 838 0004 0E       		.uleb128 0xe
 839 0005 13       		.uleb128 0x13
 840 0006 0B       		.uleb128 0xb
 841 0007 03       		.uleb128 0x3
 842 0008 0E       		.uleb128 0xe
 843 0009 1B       		.uleb128 0x1b
 844 000a 0E       		.uleb128 0xe
 845 000b 55       		.uleb128 0x55
 846 000c 17       		.uleb128 0x17
 847 000d 11       		.uleb128 0x11
 848 000e 01       		.uleb128 0x1
 849 000f 10       		.uleb128 0x10
 850 0010 17       		.uleb128 0x17
 851 0011 00       		.byte	0
 852 0012 00       		.byte	0
 853 0013 02       		.uleb128 0x2
 854 0014 24       		.uleb128 0x24
 855 0015 00       		.byte	0
 856 0016 0B       		.uleb128 0xb
 857 0017 0B       		.uleb128 0xb
 858 0018 3E       		.uleb128 0x3e
 859 0019 0B       		.uleb128 0xb
 860 001a 03       		.uleb128 0x3
 861 001b 08       		.uleb128 0x8
 862 001c 00       		.byte	0
 863 001d 00       		.byte	0
 864 001e 03       		.uleb128 0x3
ARM GAS  C:\Users\wl\AppData\Local\Temp\ccvWznJd.s 			page 23


 865 001f 16       		.uleb128 0x16
 866 0020 00       		.byte	0
 867 0021 03       		.uleb128 0x3
 868 0022 0E       		.uleb128 0xe
 869 0023 3A       		.uleb128 0x3a
 870 0024 0B       		.uleb128 0xb
 871 0025 3B       		.uleb128 0x3b
 872 0026 0B       		.uleb128 0xb
 873 0027 49       		.uleb128 0x49
 874 0028 13       		.uleb128 0x13
 875 0029 00       		.byte	0
 876 002a 00       		.byte	0
 877 002b 04       		.uleb128 0x4
 878 002c 24       		.uleb128 0x24
 879 002d 00       		.byte	0
 880 002e 0B       		.uleb128 0xb
 881 002f 0B       		.uleb128 0xb
 882 0030 3E       		.uleb128 0x3e
 883 0031 0B       		.uleb128 0xb
 884 0032 03       		.uleb128 0x3
 885 0033 0E       		.uleb128 0xe
 886 0034 00       		.byte	0
 887 0035 00       		.byte	0
 888 0036 05       		.uleb128 0x5
 889 0037 0F       		.uleb128 0xf
 890 0038 00       		.byte	0
 891 0039 0B       		.uleb128 0xb
 892 003a 0B       		.uleb128 0xb
 893 003b 00       		.byte	0
 894 003c 00       		.byte	0
 895 003d 06       		.uleb128 0x6
 896 003e 16       		.uleb128 0x16
 897 003f 00       		.byte	0
 898 0040 03       		.uleb128 0x3
 899 0041 0E       		.uleb128 0xe
 900 0042 3A       		.uleb128 0x3a
 901 0043 0B       		.uleb128 0xb
 902 0044 3B       		.uleb128 0x3b
 903 0045 05       		.uleb128 0x5
 904 0046 49       		.uleb128 0x49
 905 0047 13       		.uleb128 0x13
 906 0048 00       		.byte	0
 907 0049 00       		.byte	0
 908 004a 07       		.uleb128 0x7
 909 004b 35       		.uleb128 0x35
 910 004c 00       		.byte	0
 911 004d 49       		.uleb128 0x49
 912 004e 13       		.uleb128 0x13
 913 004f 00       		.byte	0
 914 0050 00       		.byte	0
 915 0051 08       		.uleb128 0x8
 916 0052 2E       		.uleb128 0x2e
 917 0053 00       		.byte	0
 918 0054 03       		.uleb128 0x3
 919 0055 0E       		.uleb128 0xe
 920 0056 3A       		.uleb128 0x3a
 921 0057 0B       		.uleb128 0xb
ARM GAS  C:\Users\wl\AppData\Local\Temp\ccvWznJd.s 			page 24


 922 0058 3B       		.uleb128 0x3b
 923 0059 05       		.uleb128 0x5
 924 005a 27       		.uleb128 0x27
 925 005b 19       		.uleb128 0x19
 926 005c 11       		.uleb128 0x11
 927 005d 01       		.uleb128 0x1
 928 005e 12       		.uleb128 0x12
 929 005f 06       		.uleb128 0x6
 930 0060 40       		.uleb128 0x40
 931 0061 18       		.uleb128 0x18
 932 0062 9742     		.uleb128 0x2117
 933 0064 19       		.uleb128 0x19
 934 0065 00       		.byte	0
 935 0066 00       		.byte	0
 936 0067 09       		.uleb128 0x9
 937 0068 2E       		.uleb128 0x2e
 938 0069 01       		.byte	0x1
 939 006a 03       		.uleb128 0x3
 940 006b 0E       		.uleb128 0xe
 941 006c 3A       		.uleb128 0x3a
 942 006d 0B       		.uleb128 0xb
 943 006e 3B       		.uleb128 0x3b
 944 006f 0B       		.uleb128 0xb
 945 0070 27       		.uleb128 0x27
 946 0071 19       		.uleb128 0x19
 947 0072 11       		.uleb128 0x11
 948 0073 01       		.uleb128 0x1
 949 0074 12       		.uleb128 0x12
 950 0075 06       		.uleb128 0x6
 951 0076 40       		.uleb128 0x40
 952 0077 18       		.uleb128 0x18
 953 0078 9742     		.uleb128 0x2117
 954 007a 19       		.uleb128 0x19
 955 007b 01       		.uleb128 0x1
 956 007c 13       		.uleb128 0x13
 957 007d 00       		.byte	0
 958 007e 00       		.byte	0
 959 007f 0A       		.uleb128 0xa
 960 0080 05       		.uleb128 0x5
 961 0081 00       		.byte	0
 962 0082 03       		.uleb128 0x3
 963 0083 08       		.uleb128 0x8
 964 0084 3A       		.uleb128 0x3a
 965 0085 0B       		.uleb128 0xb
 966 0086 3B       		.uleb128 0x3b
 967 0087 0B       		.uleb128 0xb
 968 0088 49       		.uleb128 0x49
 969 0089 13       		.uleb128 0x13
 970 008a 02       		.uleb128 0x2
 971 008b 17       		.uleb128 0x17
 972 008c 00       		.byte	0
 973 008d 00       		.byte	0
 974 008e 0B       		.uleb128 0xb
 975 008f 898201   		.uleb128 0x4109
 976 0092 01       		.byte	0x1
 977 0093 11       		.uleb128 0x11
 978 0094 01       		.uleb128 0x1
ARM GAS  C:\Users\wl\AppData\Local\Temp\ccvWznJd.s 			page 25


 979 0095 31       		.uleb128 0x31
 980 0096 13       		.uleb128 0x13
 981 0097 00       		.byte	0
 982 0098 00       		.byte	0
 983 0099 0C       		.uleb128 0xc
 984 009a 8A8201   		.uleb128 0x410a
 985 009d 00       		.byte	0
 986 009e 02       		.uleb128 0x2
 987 009f 18       		.uleb128 0x18
 988 00a0 9142     		.uleb128 0x2111
 989 00a2 18       		.uleb128 0x18
 990 00a3 00       		.byte	0
 991 00a4 00       		.byte	0
 992 00a5 0D       		.uleb128 0xd
 993 00a6 898201   		.uleb128 0x4109
 994 00a9 00       		.byte	0
 995 00aa 11       		.uleb128 0x11
 996 00ab 01       		.uleb128 0x1
 997 00ac 31       		.uleb128 0x31
 998 00ad 13       		.uleb128 0x13
 999 00ae 00       		.byte	0
 1000 00af 00       		.byte	0
 1001 00b0 0E       		.uleb128 0xe
 1002 00b1 898201   		.uleb128 0x4109
 1003 00b4 01       		.byte	0x1
 1004 00b5 11       		.uleb128 0x11
 1005 00b6 01       		.uleb128 0x1
 1006 00b7 31       		.uleb128 0x31
 1007 00b8 13       		.uleb128 0x13
 1008 00b9 01       		.uleb128 0x1
 1009 00ba 13       		.uleb128 0x13
 1010 00bb 00       		.byte	0
 1011 00bc 00       		.byte	0
 1012 00bd 0F       		.uleb128 0xf
 1013 00be 2E       		.uleb128 0x2e
 1014 00bf 01       		.byte	0x1
 1015 00c0 3F       		.uleb128 0x3f
 1016 00c1 19       		.uleb128 0x19
 1017 00c2 03       		.uleb128 0x3
 1018 00c3 0E       		.uleb128 0xe
 1019 00c4 3A       		.uleb128 0x3a
 1020 00c5 0B       		.uleb128 0xb
 1021 00c6 3B       		.uleb128 0x3b
 1022 00c7 05       		.uleb128 0x5
 1023 00c8 27       		.uleb128 0x27
 1024 00c9 19       		.uleb128 0x19
 1025 00ca 11       		.uleb128 0x11
 1026 00cb 01       		.uleb128 0x1
 1027 00cc 12       		.uleb128 0x12
 1028 00cd 06       		.uleb128 0x6
 1029 00ce 40       		.uleb128 0x40
 1030 00cf 18       		.uleb128 0x18
 1031 00d0 9742     		.uleb128 0x2117
 1032 00d2 19       		.uleb128 0x19
 1033 00d3 01       		.uleb128 0x1
 1034 00d4 13       		.uleb128 0x13
 1035 00d5 00       		.byte	0
ARM GAS  C:\Users\wl\AppData\Local\Temp\ccvWznJd.s 			page 26


 1036 00d6 00       		.byte	0
 1037 00d7 10       		.uleb128 0x10
 1038 00d8 0B       		.uleb128 0xb
 1039 00d9 01       		.byte	0x1
 1040 00da 11       		.uleb128 0x11
 1041 00db 01       		.uleb128 0x1
 1042 00dc 12       		.uleb128 0x12
 1043 00dd 06       		.uleb128 0x6
 1044 00de 01       		.uleb128 0x1
 1045 00df 13       		.uleb128 0x13
 1046 00e0 00       		.byte	0
 1047 00e1 00       		.byte	0
 1048 00e2 11       		.uleb128 0x11
 1049 00e3 13       		.uleb128 0x13
 1050 00e4 01       		.byte	0x1
 1051 00e5 0B       		.uleb128 0xb
 1052 00e6 0B       		.uleb128 0xb
 1053 00e7 3A       		.uleb128 0x3a
 1054 00e8 0B       		.uleb128 0xb
 1055 00e9 3B       		.uleb128 0x3b
 1056 00ea 05       		.uleb128 0x5
 1057 00eb 01       		.uleb128 0x1
 1058 00ec 13       		.uleb128 0x13
 1059 00ed 00       		.byte	0
 1060 00ee 00       		.byte	0
 1061 00ef 12       		.uleb128 0x12
 1062 00f0 0D       		.uleb128 0xd
 1063 00f1 00       		.byte	0
 1064 00f2 03       		.uleb128 0x3
 1065 00f3 0E       		.uleb128 0xe
 1066 00f4 3A       		.uleb128 0x3a
 1067 00f5 0B       		.uleb128 0xb
 1068 00f6 3B       		.uleb128 0x3b
 1069 00f7 05       		.uleb128 0x5
 1070 00f8 49       		.uleb128 0x49
 1071 00f9 13       		.uleb128 0x13
 1072 00fa 38       		.uleb128 0x38
 1073 00fb 0B       		.uleb128 0xb
 1074 00fc 00       		.byte	0
 1075 00fd 00       		.byte	0
 1076 00fe 13       		.uleb128 0x13
 1077 00ff 01       		.uleb128 0x1
 1078 0100 01       		.byte	0x1
 1079 0101 49       		.uleb128 0x49
 1080 0102 13       		.uleb128 0x13
 1081 0103 01       		.uleb128 0x1
 1082 0104 13       		.uleb128 0x13
 1083 0105 00       		.byte	0
 1084 0106 00       		.byte	0
 1085 0107 14       		.uleb128 0x14
 1086 0108 21       		.uleb128 0x21
 1087 0109 00       		.byte	0
 1088 010a 49       		.uleb128 0x49
 1089 010b 13       		.uleb128 0x13
 1090 010c 2F       		.uleb128 0x2f
 1091 010d 0B       		.uleb128 0xb
 1092 010e 00       		.byte	0
ARM GAS  C:\Users\wl\AppData\Local\Temp\ccvWznJd.s 			page 27


 1093 010f 00       		.byte	0
 1094 0110 15       		.uleb128 0x15
 1095 0111 26       		.uleb128 0x26
 1096 0112 00       		.byte	0
 1097 0113 49       		.uleb128 0x49
 1098 0114 13       		.uleb128 0x13
 1099 0115 00       		.byte	0
 1100 0116 00       		.byte	0
 1101 0117 16       		.uleb128 0x16
 1102 0118 34       		.uleb128 0x34
 1103 0119 00       		.byte	0
 1104 011a 03       		.uleb128 0x3
 1105 011b 0E       		.uleb128 0xe
 1106 011c 3A       		.uleb128 0x3a
 1107 011d 0B       		.uleb128 0xb
 1108 011e 3B       		.uleb128 0x3b
 1109 011f 05       		.uleb128 0x5
 1110 0120 49       		.uleb128 0x49
 1111 0121 13       		.uleb128 0x13
 1112 0122 02       		.uleb128 0x2
 1113 0123 18       		.uleb128 0x18
 1114 0124 00       		.byte	0
 1115 0125 00       		.byte	0
 1116 0126 17       		.uleb128 0x17
 1117 0127 34       		.uleb128 0x34
 1118 0128 00       		.byte	0
 1119 0129 03       		.uleb128 0x3
 1120 012a 08       		.uleb128 0x8
 1121 012b 3A       		.uleb128 0x3a
 1122 012c 0B       		.uleb128 0xb
 1123 012d 3B       		.uleb128 0x3b
 1124 012e 05       		.uleb128 0x5
 1125 012f 49       		.uleb128 0x49
 1126 0130 13       		.uleb128 0x13
 1127 0131 02       		.uleb128 0x2
 1128 0132 17       		.uleb128 0x17
 1129 0133 00       		.byte	0
 1130 0134 00       		.byte	0
 1131 0135 18       		.uleb128 0x18
 1132 0136 0B       		.uleb128 0xb
 1133 0137 01       		.byte	0x1
 1134 0138 11       		.uleb128 0x11
 1135 0139 01       		.uleb128 0x1
 1136 013a 12       		.uleb128 0x12
 1137 013b 06       		.uleb128 0x6
 1138 013c 00       		.byte	0
 1139 013d 00       		.byte	0
 1140 013e 19       		.uleb128 0x19
 1141 013f 0F       		.uleb128 0xf
 1142 0140 00       		.byte	0
 1143 0141 0B       		.uleb128 0xb
 1144 0142 0B       		.uleb128 0xb
 1145 0143 49       		.uleb128 0x49
 1146 0144 13       		.uleb128 0x13
 1147 0145 00       		.byte	0
 1148 0146 00       		.byte	0
 1149 0147 1A       		.uleb128 0x1a
ARM GAS  C:\Users\wl\AppData\Local\Temp\ccvWznJd.s 			page 28


 1150 0148 2E       		.uleb128 0x2e
 1151 0149 00       		.byte	0
 1152 014a 3F       		.uleb128 0x3f
 1153 014b 19       		.uleb128 0x19
 1154 014c 3C       		.uleb128 0x3c
 1155 014d 19       		.uleb128 0x19
 1156 014e 6E       		.uleb128 0x6e
 1157 014f 0E       		.uleb128 0xe
 1158 0150 03       		.uleb128 0x3
 1159 0151 0E       		.uleb128 0xe
 1160 0152 00       		.byte	0
 1161 0153 00       		.byte	0
 1162 0154 1B       		.uleb128 0x1b
 1163 0155 2E       		.uleb128 0x2e
 1164 0156 00       		.byte	0
 1165 0157 3F       		.uleb128 0x3f
 1166 0158 19       		.uleb128 0x19
 1167 0159 3C       		.uleb128 0x3c
 1168 015a 19       		.uleb128 0x19
 1169 015b 6E       		.uleb128 0x6e
 1170 015c 0E       		.uleb128 0xe
 1171 015d 03       		.uleb128 0x3
 1172 015e 0E       		.uleb128 0xe
 1173 015f 3A       		.uleb128 0x3a
 1174 0160 0B       		.uleb128 0xb
 1175 0161 3B       		.uleb128 0x3b
 1176 0162 0B       		.uleb128 0xb
 1177 0163 00       		.byte	0
 1178 0164 00       		.byte	0
 1179 0165 00       		.byte	0
 1180              		.section	.debug_loc,"",%progbits
 1181              	.Ldebug_loc0:
 1182              	.LLST0:
 1183 0000 00000000 		.4byte	.LVL0
 1184 0004 09000000 		.4byte	.LVL2-1
 1185 0008 0100     		.2byte	0x1
 1186 000a 50       		.byte	0x50
 1187 000b 09000000 		.4byte	.LVL2-1
 1188 000f 0C000000 		.4byte	.LFE2
 1189 0013 0400     		.2byte	0x4
 1190 0015 F3       		.byte	0xf3
 1191 0016 01       		.uleb128 0x1
 1192 0017 50       		.byte	0x50
 1193 0018 9F       		.byte	0x9f
 1194 0019 00000000 		.4byte	0
 1195 001d 00000000 		.4byte	0
 1196              	.LLST1:
 1197 0021 00000000 		.4byte	.LVL0
 1198 0025 06000000 		.4byte	.LVL1
 1199 0029 0100     		.2byte	0x1
 1200 002b 51       		.byte	0x51
 1201 002c 06000000 		.4byte	.LVL1
 1202 0030 09000000 		.4byte	.LVL2-1
 1203 0034 0100     		.2byte	0x1
 1204 0036 52       		.byte	0x52
 1205 0037 09000000 		.4byte	.LVL2-1
 1206 003b 0C000000 		.4byte	.LFE2
ARM GAS  C:\Users\wl\AppData\Local\Temp\ccvWznJd.s 			page 29


 1207 003f 0400     		.2byte	0x4
 1208 0041 F3       		.byte	0xf3
 1209 0042 01       		.uleb128 0x1
 1210 0043 51       		.byte	0x51
 1211 0044 9F       		.byte	0x9f
 1212 0045 00000000 		.4byte	0
 1213 0049 00000000 		.4byte	0
 1214              	.LLST2:
 1215 004d 3A010000 		.4byte	.LVL11
 1216 0051 3E010000 		.4byte	.LVL12
 1217 0055 0200     		.2byte	0x2
 1218 0057 30       		.byte	0x30
 1219 0058 9F       		.byte	0x9f
 1220 0059 3E010000 		.4byte	.LVL12
 1221 005d 5C010000 		.4byte	.LVL14
 1222 0061 0100     		.2byte	0x1
 1223 0063 54       		.byte	0x54
 1224 0064 5E010000 		.4byte	.LVL15
 1225 0068 C6010000 		.4byte	.LVL18
 1226 006c 0100     		.2byte	0x1
 1227 006e 54       		.byte	0x54
 1228 006f 00000000 		.4byte	0
 1229 0073 00000000 		.4byte	0
 1230              	.LLST3:
 1231 0077 3E010000 		.4byte	.LVL12
 1232 007b 5C010000 		.4byte	.LVL14
 1233 007f 0B00     		.2byte	0xb
 1234 0081 74       		.byte	0x74
 1235 0082 00       		.sleb128 0
 1236 0083 36       		.byte	0x36
 1237 0084 1E       		.byte	0x1e
 1238 0085 03       		.byte	0x3
 1239 0086 00000000 		.4byte	cfg_memset_list.4893
 1240 008a 22       		.byte	0x22
 1241 008b 9F       		.byte	0x9f
 1242 008c 5C010000 		.4byte	.LVL14
 1243 0090 5E010000 		.4byte	.LVL15
 1244 0094 0B00     		.2byte	0xb
 1245 0096 74       		.byte	0x74
 1246 0097 7F       		.sleb128 -1
 1247 0098 36       		.byte	0x36
 1248 0099 1E       		.byte	0x1e
 1249 009a 03       		.byte	0x3
 1250 009b 00000000 		.4byte	cfg_memset_list.4893
 1251 009f 22       		.byte	0x22
 1252 00a0 9F       		.byte	0x9f
 1253 00a1 00000000 		.4byte	0
 1254 00a5 00000000 		.4byte	0
 1255              		.section	.debug_aranges,"",%progbits
 1256 0000 34000000 		.4byte	0x34
 1257 0004 0200     		.2byte	0x2
 1258 0006 00000000 		.4byte	.Ldebug_info0
 1259 000a 04       		.byte	0x4
 1260 000b 00       		.byte	0
 1261 000c 0000     		.2byte	0
 1262 000e 0000     		.2byte	0
 1263 0010 00000000 		.4byte	.LFB6
ARM GAS  C:\Users\wl\AppData\Local\Temp\ccvWznJd.s 			page 30


 1264 0014 20000000 		.4byte	.LFE6-.LFB6
 1265 0018 00000000 		.4byte	.LFB2
 1266 001c 0C000000 		.4byte	.LFE2-.LFB2
 1267 0020 00000000 		.4byte	.LFB5
 1268 0024 30010000 		.4byte	.LFE5-.LFB5
 1269 0028 30010000 		.4byte	.LFB7
 1270 002c E8000000 		.4byte	.LFE7-.LFB7
 1271 0030 00000000 		.4byte	0
 1272 0034 00000000 		.4byte	0
 1273              		.section	.debug_ranges,"",%progbits
 1274              	.Ldebug_ranges0:
 1275 0000 00000000 		.4byte	.LFB6
 1276 0004 20000000 		.4byte	.LFE6
 1277 0008 00000000 		.4byte	.LFB2
 1278 000c 0C000000 		.4byte	.LFE2
 1279 0010 00000000 		.4byte	.LFB5
 1280 0014 30010000 		.4byte	.LFE5
 1281 0018 30010000 		.4byte	.LFB7
 1282 001c 18020000 		.4byte	.LFE7
 1283 0020 00000000 		.4byte	0
 1284 0024 00000000 		.4byte	0
 1285              		.section	.debug_line,"",%progbits
 1286              	.Ldebug_line0:
 1287 0000 6A010000 		.section	.debug_str,"MS",%progbits,1
 1287      0200E300 
 1287      00000201 
 1287      FB0E0D00 
 1287      01010101 
 1288              	.LASF27:
 1289 0000 43794465 		.ascii	"CyDelayCycles\000"
 1289      6C617943 
 1289      79636C65 
 1289      7300
 1290              	.LASF19:
 1291 000e 72656733 		.ascii	"reg32\000"
 1291      3200
 1292              	.LASF12:
 1293 0014 73697A65 		.ascii	"size_t\000"
 1293      5F7400
 1294              	.LASF37:
 1295 001b 416E616C 		.ascii	"AnalogSetDefault\000"
 1295      6F675365 
 1295      74446566 
 1295      61756C74 
 1295      00
 1296              	.LASF32:
 1297 002c 4379496E 		.ascii	"CyIntSetVector\000"
 1297      74536574 
 1297      56656374 
 1297      6F7200
 1298              	.LASF25:
 1299 003b 6366675F 		.ascii	"cfg_memset_list\000"
 1299      6D656D73 
 1299      65745F6C 
 1299      69737400 
 1300              	.LASF21:
 1301 004b 436C6F63 		.ascii	"ClockSetup\000"
ARM GAS  C:\Users\wl\AppData\Local\Temp\ccvWznJd.s 			page 31


 1301      6B536574 
 1301      757000
 1302              	.LASF36:
 1303 0056 433A5C55 		.ascii	"C:\\Users\\wl\\Desktop\\cypressResource\\projects\\"
 1303      73657273 
 1303      5C776C5C 
 1303      4465736B 
 1303      746F705C 
 1304 0083 576F726B 		.ascii	"Workspace01\\Lesson16-Sleep.cydsn\000"
 1304      73706163 
 1304      6530315C 
 1304      4C657373 
 1304      6F6E3136 
 1305              	.LASF6:
 1306 00a4 73686F72 		.ascii	"short unsigned int\000"
 1306      7420756E 
 1306      7369676E 
 1306      65642069 
 1306      6E7400
 1307              	.LASF16:
 1308 00b7 666C6F61 		.ascii	"float\000"
 1308      7400
 1309              	.LASF23:
 1310 00bd 73697A65 		.ascii	"size\000"
 1310      00
 1311              	.LASF28:
 1312 00c2 43795379 		.ascii	"CySysClkWcoSetPowerMode\000"
 1312      73436C6B 
 1312      57636F53 
 1312      6574506F 
 1312      7765724D 
 1313              	.LASF18:
 1314 00da 72656738 		.ascii	"reg8\000"
 1314      00
 1315              	.LASF8:
 1316 00df 6C6F6E67 		.ascii	"long unsigned int\000"
 1316      20756E73 
 1316      69676E65 
 1316      6420696E 
 1316      7400
 1317              	.LASF13:
 1318 00f1 75696E74 		.ascii	"uint8\000"
 1318      3800
 1319              	.LASF26:
 1320 00f7 43795379 		.ascii	"CySysClkWcoStart\000"
 1320      73436C6B 
 1320      57636F53 
 1320      74617274 
 1320      00
 1321              	.LASF20:
 1322 0108 43594D45 		.ascii	"CYMEMZERO\000"
 1322      4D5A4552 
 1322      4F00
 1323              	.LASF4:
 1324 0112 756E7369 		.ascii	"unsigned char\000"
 1324      676E6564 
 1324      20636861 
ARM GAS  C:\Users\wl\AppData\Local\Temp\ccvWznJd.s 			page 32


 1324      7200
 1325              	.LASF39:
 1326 0120 6D656D73 		.ascii	"memset\000"
 1326      657400
 1327              	.LASF17:
 1328 0127 646F7562 		.ascii	"double\000"
 1328      6C6500
 1329              	.LASF33:
 1330 012e 4379496E 		.ascii	"CyIntEnable\000"
 1330      74456E61 
 1330      626C6500 
 1331              	.LASF14:
 1332 013a 75696E74 		.ascii	"uint16\000"
 1332      313600
 1333              	.LASF15:
 1334 0141 75696E74 		.ascii	"uint32\000"
 1334      333200
 1335              	.LASF0:
 1336 0148 756E7369 		.ascii	"unsigned int\000"
 1336      676E6564 
 1336      20696E74 
 1336      00
 1337              	.LASF38:
 1338 0155 63796669 		.ascii	"cyfitter_cfg\000"
 1338      74746572 
 1338      5F636667 
 1338      00
 1339              	.LASF22:
 1340 0162 61646472 		.ascii	"address\000"
 1340      65737300 
 1341              	.LASF9:
 1342 016a 6C6F6E67 		.ascii	"long long unsigned int\000"
 1342      206C6F6E 
 1342      6720756E 
 1342      7369676E 
 1342      65642069 
 1343              	.LASF34:
 1344 0181 474E5520 		.ascii	"GNU C11 5.4.1 20160609 (release) [ARM/embedded-5-br"
 1344      43313120 
 1344      352E342E 
 1344      31203230 
 1344      31363036 
 1345 01b4 616E6368 		.ascii	"anch revision 237715] -mcpu=cortex-m0 -mthumb -g -O"
 1345      20726576 
 1345      6973696F 
 1345      6E203233 
 1345      37373135 
 1346 01e7 67202D66 		.ascii	"g -ffunction-sections -ffat-lto-objects\000"
 1346      66756E63 
 1346      74696F6E 
 1346      2D736563 
 1346      74696F6E 
 1347              	.LASF24:
 1348 020f 6366675F 		.ascii	"cfg_memset_t\000"
 1348      6D656D73 
 1348      65745F74 
 1348      00
ARM GAS  C:\Users\wl\AppData\Local\Temp\ccvWznJd.s 			page 33


 1349              	.LASF10:
 1350 021c 73697A65 		.ascii	"sizetype\000"
 1350      74797065 
 1350      00
 1351              	.LASF1:
 1352 0225 6C6F6E67 		.ascii	"long long int\000"
 1352      206C6F6E 
 1352      6720696E 
 1352      7400
 1353              	.LASF31:
 1354 0233 43794465 		.ascii	"CyDelayUs\000"
 1354      6C617955 
 1354      7300
 1355              	.LASF11:
 1356 023d 63686172 		.ascii	"char\000"
 1356      00
 1357              	.LASF30:
 1358 0242 43795379 		.ascii	"CySysClkEcoStart\000"
 1358      73436C6B 
 1358      45636F53 
 1358      74617274 
 1358      00
 1359              	.LASF5:
 1360 0253 73686F72 		.ascii	"short int\000"
 1360      7420696E 
 1360      7400
 1361              	.LASF29:
 1362 025d 43795379 		.ascii	"CySysClkWriteImoFreq\000"
 1362      73436C6B 
 1362      57726974 
 1362      65496D6F 
 1362      46726571 
 1363              	.LASF7:
 1364 0272 6C6F6E67 		.ascii	"long int\000"
 1364      20696E74 
 1364      00
 1365              	.LASF2:
 1366 027b 6C6F6E67 		.ascii	"long double\000"
 1366      20646F75 
 1366      626C6500 
 1367              	.LASF3:
 1368 0287 7369676E 		.ascii	"signed char\000"
 1368      65642063 
 1368      68617200 
 1369              	.LASF35:
 1370 0293 47656E65 		.ascii	"Generated_Source\\PSoC4\\cyfitter_cfg.c\000"
 1370      72617465 
 1370      645F536F 
 1370      75726365 
 1370      5C50536F 
 1371              		.ident	"GCC: (GNU Tools for ARM Embedded Processors) 5.4.1 20160609 (release) [ARM/embedded-5-bran
