Loading plugins phase: Elapsed time ==> 0s.107ms
<CYPRESSTAG name="CyDsfit arguments...">
cydsfit arguments: -.fdsnotice -.fdswarpdepfile=warp_dependencies.txt -.fdselabdepfile=elab_dependencies.txt -.fdsbldfile=generated_files.txt -.fdsreffile=referenced_files.txt -p C:\Users\wl\Desktop\cypressResource\projects\Workspace01\Lesson5-Toggle Flip-Flop.cydsn\Lesson5-Toggle Flip-Flop.cyprj -d CY8C4248LQI-BL583 -s C:\Users\wl\Desktop\cypressResource\projects\Workspace01\Lesson5-Toggle Flip-Flop.cydsn\Generated_Source\PSoC4 -- -yv2 -q10 -ygs -o2 -v3 -.fftcfgtype=LE
</CYPRESSTAG>
<CYPRESSTAG name="Design elaboration results...">
ADD: sdb.M0025: error: No input on Instance "Pin_Blue", terminal "y_0".
 * C:\Users\wl\Desktop\cypressResource\projects\Workspace01\Lesson5-Toggle Flip-Flop.cydsn\TopDesign\TopDesign.cysch (Signal: Net_45)
 * C:\Users\wl\Desktop\cypressResource\projects\Workspace01\Lesson5-Toggle Flip-Flop.cydsn\TopDesign\TopDesign.cysch (Shape_2.4)

ADD: sdb.M0050: error: Terminal "y_0" requires connection when it is visible.
 * C:\Users\wl\Desktop\cypressResource\projects\Workspace01\Lesson5-Toggle Flip-Flop.cydsn\TopDesign\TopDesign.cysch (Signal: Net_45)
 * C:\Users\wl\Desktop\cypressResource\projects\Workspace01\Lesson5-Toggle Flip-Flop.cydsn\TopDesign\TopDesign.cysch (Shape_2.4)

</CYPRESSTAG>
Elaboration phase: Elapsed time ==> 0s.555ms
